Archive member included to satisfy reference by file (symbol)

./toolkit/lib/libgcc.a(_divdi3.o)
                              /tmp/ccTCK2VX.ltrans0.ltrans.o (__divdi3)
./toolkit/lib/libgcc.a(muldi3.o)
                              /tmp/ccTCK2VX.ltrans0.ltrans.o (__mulsi3)
./toolkit/lib/libgcc.a(div.o)
                              /tmp/ccTCK2VX.ltrans0.ltrans.o (__divsi3)
./toolkit/lib/libgcc.a(_clz.o)
                              ./toolkit/lib/libgcc.a(_divdi3.o) (__clz_tab)

Discarded input sections

 .text          0x00000000        0x0 /tmp/ccTCK2VX.ltrans0.ltrans.o
 .data          0x00000000        0x0 /tmp/ccTCK2VX.ltrans0.ltrans.o
 .bss           0x00000000        0x0 /tmp/ccTCK2VX.ltrans0.ltrans.o
 .text.vprintf  0x00000000       0x16 /tmp/ccTCK2VX.ltrans0.ltrans.o
 .text.mini_vsnprintf
                0x00000000       0x42 /tmp/ccTCK2VX.ltrans0.ltrans.o
 .text.snprintf
                0x00000000       0x1c /tmp/ccTCK2VX.ltrans0.ltrans.o
 .text.sprintf  0x00000000       0x26 /tmp/ccTCK2VX.ltrans0.ltrans.o
 .text.strcpy   0x00000000       0x14 /tmp/ccTCK2VX.ltrans0.ltrans.o
 .text.strncpy  0x00000000       0x1c /tmp/ccTCK2VX.ltrans0.ltrans.o
 .text.strcmp   0x00000000       0x1a /tmp/ccTCK2VX.ltrans0.ltrans.o
 .text.strncmp  0x00000000       0x2e /tmp/ccTCK2VX.ltrans0.ltrans.o
 .text.strrchr  0x00000000       0x3c /tmp/ccTCK2VX.ltrans0.ltrans.o
 .text.memcmp   0x00000000       0x20 /tmp/ccTCK2VX.ltrans0.ltrans.o
 .text.memmove  0x00000000       0x5e /tmp/ccTCK2VX.ltrans0.ltrans.o
 .text.memchr   0x00000000       0x1a /tmp/ccTCK2VX.ltrans0.ltrans.o
 .text.strnlen  0x00000000       0x2a /tmp/ccTCK2VX.ltrans0.ltrans.o
 .text.twoway_strstr
                0x00000000      0x232 /tmp/ccTCK2VX.ltrans0.ltrans.o
 .text.strstr   0x00000000      0x11c /tmp/ccTCK2VX.ltrans0.ltrans.o
 .rodata.puts.str1.4
                0x00000000        0x2 /tmp/ccTCK2VX.ltrans0.ltrans.o
 .text.puts     0x00000000       0x40 /tmp/ccTCK2VX.ltrans0.ltrans.o
 .text.setjmp   0x00000000       0x10 /tmp/ccTCK2VX.ltrans0.ltrans.o
 .text.longjmp  0x00000000       0x14 /tmp/ccTCK2VX.ltrans0.ltrans.o
 .text.putchar  0x00000000       0x68 /tmp/ccTCK2VX.ltrans0.ltrans.o
 .rodata.APBAHBPrescTable.lto_priv.0
                0x00000000       0x10 /tmp/ccTCK2VX.ltrans0.ltrans.o
 .rodata.ADCPrescTable.lto_priv.0
                0x00000000       0x14 /tmp/ccTCK2VX.ltrans0.ltrans.o
 .rodata.APBAHBPrescTable.lto_priv.1
                0x00000000       0x10 /tmp/ccTCK2VX.ltrans0.ltrans.o
 .rodata.ADCPrescTable.lto_priv.1
                0x00000000       0x14 /tmp/ccTCK2VX.ltrans0.ltrans.o
 .rodata.APBAHBPrescTable.lto_priv.2
                0x00000000       0x10 /tmp/ccTCK2VX.ltrans0.ltrans.o
 .rodata.ADCPrescTable.lto_priv.2
                0x00000000       0x14 /tmp/ccTCK2VX.ltrans0.ltrans.o
 .rodata.APBAHBPrescTable.lto_priv.3
                0x00000000       0x10 /tmp/ccTCK2VX.ltrans0.ltrans.o
 .rodata.ADCPrescTable.lto_priv.3
                0x00000000       0x14 /tmp/ccTCK2VX.ltrans0.ltrans.o
 .rodata.APBAHBPrescTable.lto_priv.4
                0x00000000       0x10 /tmp/ccTCK2VX.ltrans0.ltrans.o
 .rodata.ADCPrescTable.lto_priv.4
                0x00000000       0x14 /tmp/ccTCK2VX.ltrans0.ltrans.o
 .comment       0x00000000       0x24 /tmp/ccTCK2VX.ltrans0.ltrans.o
 .note.GNU-stack
                0x00000000        0x0 /tmp/ccTCK2VX.ltrans0.ltrans.o
 .comment       0x00000000       0x24 /tmp/cc6JYw8n.debug.temp.o
 .note.GNU-stack
                0x00000000        0x0 /tmp/cc6JYw8n.debug.temp.o
 .comment       0x00000000       0x24 /tmp/ccyTKApj.debug.temp.o
 .note.GNU-stack
                0x00000000        0x0 /tmp/ccyTKApj.debug.temp.o
 .comment       0x00000000       0x24 /tmp/cc1TdaoB.debug.temp.o
 .note.GNU-stack
                0x00000000        0x0 /tmp/cc1TdaoB.debug.temp.o
 .comment       0x00000000       0x24 /tmp/ccdkamjj.debug.temp.o
 .note.GNU-stack
                0x00000000        0x0 /tmp/ccdkamjj.debug.temp.o
 .comment       0x00000000       0x24 /tmp/cc1NsQEv.debug.temp.o
 .note.GNU-stack
                0x00000000        0x0 /tmp/cc1NsQEv.debug.temp.o
 .comment       0x00000000       0x24 /tmp/ccDsdPDE.debug.temp.o
 .note.GNU-stack
                0x00000000        0x0 /tmp/ccDsdPDE.debug.temp.o
 .comment       0x00000000       0x24 /tmp/ccF3Krqt.debug.temp.o
 .note.GNU-stack
                0x00000000        0x0 /tmp/ccF3Krqt.debug.temp.o
 .data          0x00000000        0x0 ./toolkit/lib/libgcc.a(_divdi3.o)
 .bss           0x00000000        0x0 ./toolkit/lib/libgcc.a(_divdi3.o)
 .comment       0x00000000       0x1c ./toolkit/lib/libgcc.a(_divdi3.o)
 .eh_frame      0x00000000       0x40 ./toolkit/lib/libgcc.a(_divdi3.o)
 .data          0x00000000        0x0 ./toolkit/lib/libgcc.a(muldi3.o)
 .bss           0x00000000        0x0 ./toolkit/lib/libgcc.a(muldi3.o)
 .data          0x00000000        0x0 ./toolkit/lib/libgcc.a(div.o)
 .bss           0x00000000        0x0 ./toolkit/lib/libgcc.a(div.o)
 .text          0x00000000        0x0 ./toolkit/lib/libgcc.a(_clz.o)
 .data          0x00000000        0x0 ./toolkit/lib/libgcc.a(_clz.o)
 .bss           0x00000000        0x0 ./toolkit/lib/libgcc.a(_clz.o)
 .comment       0x00000000       0x1c ./toolkit/lib/libgcc.a(_clz.o)

Memory Configuration

Name             Origin             Length             Attributes
FLASH            0x00000000         0x00004000         xr
RAM              0x20000000         0x00000800         xrw
*default*        0x00000000         0xffffffff

Linker script and memory map

LOAD /tmp/ccKzUYLe.o
LOAD /tmp/ccTCK2VX.ltrans0.ltrans.o
LOAD /tmp/cc6JYw8n.debug.temp.o
LOAD /tmp/ccyTKApj.debug.temp.o
LOAD /tmp/cc1TdaoB.debug.temp.o
LOAD /tmp/ccdkamjj.debug.temp.o
LOAD /tmp/cc1NsQEv.debug.temp.o
LOAD /tmp/ccDsdPDE.debug.temp.o
LOAD /tmp/ccF3Krqt.debug.temp.o
LOAD /tmp/cckS7B8z.o
LOAD /tmp/ccyBwQAj.o
LOAD /tmp/ccQ9PYLc.o
LOAD /tmp/ccO8nEN0.o
LOAD /tmp/ccbwBg6Q.o
LOAD /tmp/ccJd6kuF.o
LOAD ./toolkit/lib/libgcc.a
LOAD ./toolkit/lib/libgcc.a
LOAD ./toolkit/lib/libgcc.a

.init           0x00000000       0xa0
                0x00000000                        _sinit = .
                0x00000000                        . = ALIGN (0x4)
 *(SORT_NONE(.init))
 .init          0x00000000       0x9e /tmp/ccTCK2VX.ltrans0.ltrans.o
                0x00000000                InterruptVectorDefault
                0x00000000                InterruptVector
                0x000000a0                        . = ALIGN (0x4)
 *fill*         0x0000009e        0x2 
                0x000000a0                        _einit = .

.text           0x000000a0     0x20ac
                0x000000a0                        . = ALIGN (0x4)
 *(.text)
 .text          0x000000a0      0x482 ./toolkit/lib/libgcc.a(_divdi3.o)
                0x000000a0                __divdi3
 *fill*         0x00000522        0x2 
 .text          0x00000524       0x16 ./toolkit/lib/libgcc.a(muldi3.o)
                0x00000524                __mulsi3
 *fill*         0x0000053a        0x2 
 .text          0x0000053c       0x7e ./toolkit/lib/libgcc.a(div.o)
                0x0000053c                __divsi3
                0x00000544                __hidden___udivsi3
                0x00000544                __udivsi3
                0x00000570                __umodsi3
                0x00000594                __modsi3
 *(.text.*)
 .text.mini_pad
                0x000005ba       0x8a /tmp/ccTCK2VX.ltrans0.ltrans.o
 .text._puts    0x00000644       0x40 /tmp/ccTCK2VX.ltrans0.ltrans.o
 .text.PrintHex
                0x00000684       0x5a /tmp/ccTCK2VX.ltrans0.ltrans.o
 .text.DelaySysTick
                0x000006de       0x12 /tmp/ccTCK2VX.ltrans0.ltrans.o
 .text.mini_itoa.part.0
                0x000006f0       0xc0 /tmp/ccTCK2VX.ltrans0.ltrans.o
 .text.gpio_set_mode
                0x000007b0       0x5c /tmp/ccTCK2VX.ltrans0.ltrans.o
 .text.i2c_error
                0x0000080c       0x84 /tmp/ccTCK2VX.ltrans0.ltrans.o
 .text.append_formatted_2dp_string
                0x00000890       0x7a /tmp/ccTCK2VX.ltrans0.ltrans.o
 .text.gpio_set_opamp_inputs.constprop.0
                0x0000090a       0x24 /tmp/ccTCK2VX.ltrans0.ltrans.o
 .text.internal_handle_input.constprop.0
                0x0000092e        0xa /tmp/ccTCK2VX.ltrans0.ltrans.o
 .text._write.constprop.0
                0x00000938       0xe4 /tmp/ccTCK2VX.ltrans0.ltrans.o
 .text.__puts_uart
                0x00000a1c       0x14 /tmp/ccTCK2VX.ltrans0.ltrans.o
 .text.i2c_write_reg
                0x00000a30      0x21a /tmp/ccTCK2VX.ltrans0.ltrans.o
 .text.oled_update.isra.0
                0x00000c4a       0x72 /tmp/ccTCK2VX.ltrans0.ltrans.o
 .text.handle_reset
                0x00000cbc       0x72 /tmp/ccTCK2VX.ltrans0.ltrans.o
                0x00000cbc                handle_reset
 .text.vector_handler
                0x00000d2e       0x62 /tmp/ccTCK2VX.ltrans0.ltrans.o
                0x00000d2e                EXTI2_IRQHandler
                0x00000d2e                TIM8_TRG_COM_IRQHandler
                0x00000d2e                TIM8_CC_IRQHandler
                0x00000d2e                UART8_IRQHandler
                0x00000d2e                TIM1_CC_IRQHandler
                0x00000d2e                HardFault_Handler
                0x00000d2e                GPIOB_IRQHandler
                0x00000d2e                USBPD_IRQHandler
                0x00000d2e                TIM6_IRQHandler
                0x00000d2e                GPIOA_IRQHandler
                0x00000d2e                PVD_IRQHandler
                0x00000d2e                SDIO_IRQHandler
                0x00000d2e                TIM9_BRK_IRQHandler
                0x00000d2e                DMA2_Channel8_IRQHandler
                0x00000d2e                CAN2_RX1_IRQHandler
                0x00000d2e                EXTI3_IRQHandler
                0x00000d2e                UART1_IRQHandler
                0x00000d2e                USBHS_IRQHandler
                0x00000d2e                DMA2_Channel9_IRQHandler
                0x00000d2e                TIM10_CC_IRQHandler
                0x00000d2e                EXTI25_16_IRQHandler
                0x00000d2e                USBFS_IRQHandler
                0x00000d2e                UART0_IRQHandler
                0x00000d2e                EXTI0_IRQHandler
                0x00000d2e                I2C2_EV_IRQHandler
                0x00000d2e                TIM10_TRG_COM_IRQHandler
                0x00000d2e                CAN2_SCE_IRQHandler
                0x00000d2e                ADC1_2_IRQHandler
                0x00000d2e                BB_IRQHandler
                0x00000d2e                Break_Point_Handler
                0x00000d2e                TIM2_CC_IRQHandler
                0x00000d2e                SPI1_IRQHandler
                0x00000d2e                TAMPER_IRQHandler
                0x00000d2e                TMR0_IRQHandler
                0x00000d2e                AWU_IRQHandler
                0x00000d2e                CAN2_RX0_IRQHandler
                0x00000d2e                OSCWakeUp_IRQHandler
                0x00000d2e                TIM8_UP_IRQHandler
                0x00000d2e                Ecall_M_Mode_Handler
                0x00000d2e                DMA2_Channel2_IRQHandler
                0x00000d2e                DMA1_Channel4_IRQHandler
                0x00000d2e                ADC1_IRQHandler
                0x00000d2e                TIM2_BRK_IRQHandler
                0x00000d2e                TIM9_UP_IRQHandler
                0x00000d2e                USART3_IRQHandler
                0x00000d2e                RTC_IRQHandler
                0x00000d2e                DMA1_Channel7_IRQHandler
                0x00000d2e                CAN1_RX1_IRQHandler
                0x00000d2e                DVP_IRQHandler
                0x00000d2e                UART5_IRQHandler
                0x00000d2e                EXTI15_8_IRQHandler
                0x00000d2e                TIM4_IRQHandler
                0x00000d2e                DMA2_Channel1_IRQHandler
                0x00000d2e                USBPD_WKUP_IRQHandler
                0x00000d2e                I2C1_EV_IRQHandler
                0x00000d2e                UART2_IRQHandler
                0x00000d2e                USART4_IRQHandler
                0x00000d2e                PWMX_IRQHandler
                0x00000d2e                DMA1_Channel6_IRQHandler
                0x00000d2e                UART4_IRQHandler
                0x00000d2e                DMA2_Channel4_IRQHandler
                0x00000d2e                TIM3_IRQHandler
                0x00000d2e                RCC_IRQHandler
                0x00000d2e                TIM1_TRG_COM_IRQHandler
                0x00000d2e                DMA1_Channel1_IRQHandler
                0x00000d2e                DMA2_Channel7_IRQHandler
                0x00000d2e                EXTI15_10_IRQHandler
                0x00000d2e                ADC_IRQHandler
                0x00000d2e                DMA1_Channel8_IRQHandler
                0x00000d2e                TMR2_IRQHandler
                0x00000d2e                DefaultIRQHandler
                0x00000d2e                TIM7_IRQHandler
                0x00000d2e                CAN2_TX_IRQHandler
                0x00000d2e                TIM5_IRQHandler
                0x00000d2e                USB_IRQHandler
                0x00000d2e                EXTI9_5_IRQHandler
                0x00000d2e                PIOC_IRQHandler
                0x00000d2e                SPI2_IRQHandler
                0x00000d2e                OSC32KCal_IRQHandler
                0x00000d2e                I2C_IRQHandler
                0x00000d2e                TIM10_BRK_IRQHandler
                0x00000d2e                TIM9_CC_IRQHandler
                0x00000d2e                DMA2_Channel5_IRQHandler
                0x00000d2e                USB2_IRQHandler
                0x00000d2e                USBHSWakeUp_IRQHandler
                0x00000d2e                DMA1_Channel5_IRQHandler
                0x00000d2e                EXTI4_IRQHandler
                0x00000d2e                USB_LP_CAN1_RX0_IRQHandler
                0x00000d2e                RNG_IRQHandler
                0x00000d2e                USB_HP_CAN1_TX_IRQHandler
                0x00000d2e                LLE_IRQHandler
                0x00000d2e                DMA1_Channel3_IRQHandler
                0x00000d2e                FSMC_IRQHandler
                0x00000d2e                ETH_IRQHandler
                0x00000d2e                TIM1_UP_IRQHandler
                0x00000d2e                WWDG_IRQHandler
                0x00000d2e                DMA2_Channel11_IRQHandler
                0x00000d2e                WDOG_BAT_IRQHandler
                0x00000d2e                Ecall_U_Mode_Handler
                0x00000d2e                TMR3_IRQHandler
                0x00000d2e                DMA2_Channel6_IRQHandler
                0x00000d2e                TIM2_IRQHandler
                0x00000d2e                SW_Handler
                0x00000d2e                TIM1_BRK_IRQHandler
                0x00000d2e                OPA_IRQHandler
                0x00000d2e                DMA2_Channel10_IRQHandler
                0x00000d2e                EXTI1_IRQHandler
                0x00000d2e                SPI0_IRQHandler
                0x00000d2e                RTCAlarm_IRQHandler
                0x00000d2e                TIM10_UP_IRQHandler
                0x00000d2e                TIM9_TRG_COM_IRQHandler
                0x00000d2e                UART7_IRQHandler
                0x00000d2e                USART2_IRQHandler
                0x00000d2e                UART6_IRQHandler
                0x00000d2e                ETHWakeUp_IRQHandler
                0x00000d2e                I2C2_ER_IRQHandler
                0x00000d2e                DMA1_Channel2_IRQHandler
                0x00000d2e                TIM8_BRK_IRQHandler
                0x00000d2e                TIM2_TRG_IRQHandler
                0x00000d2e                CAN1_SCE_IRQHandler
                0x00000d2e                FLASH_IRQHandler
                0x00000d2e                USBFSWakeUp_IRQHandler
                0x00000d2e                USART1_IRQHandler
                0x00000d2e                OTG_FS_IRQHandler
                0x00000d2e                SPI3_IRQHandler
                0x00000d2e                USBFS_WakeUp_IRQHandler
                0x00000d2e                UART3_IRQHandler
                0x00000d2e                I2C1_ER_IRQHandler
                0x00000d2e                TMR1_IRQHandler
                0x00000d2e                USBWakeUp_IRQHandler
                0x00000d2e                DMA2_Channel3_IRQHandler
                0x00000d82                NMI_Handler
                0x00000d82                NMI_RCC_CSS_IRQHandler
 .text.strlen   0x00000d90       0x12 /tmp/ccTCK2VX.ltrans0.ltrans.o
                0x00000d90                strlen
 .text.mini_vpprintf
                0x00000da2      0x1c2 /tmp/ccTCK2VX.ltrans0.ltrans.o
 .text.printf   0x00000f64       0x24 /tmp/ccTCK2VX.ltrans0.ltrans.o
                0x00000f64                printf
 .text.memset   0x00000f88       0x12 /tmp/ccTCK2VX.ltrans0.ltrans.o
                0x00000f88                memset
 .text.strchr   0x00000f9a       0x16 /tmp/ccTCK2VX.ltrans0.ltrans.o
                0x00000f9a                strchr
 .text.font16x16_to_framebuffer.part.0
                0x00000fb0       0x60 /tmp/ccTCK2VX.ltrans0.ltrans.o
 .text.memcpy   0x00001010       0x1c /tmp/ccTCK2VX.ltrans0.ltrans.o
                0x00001010                memcpy
 .text.font8x8_to_framebuffer.part.0
                0x0000102c       0x46 /tmp/ccTCK2VX.ltrans0.ltrans.o
 .text.SystemInit
                0x00001072       0x54 /tmp/ccTCK2VX.ltrans0.ltrans.o
                0x00001072                SystemInit
 .text.startup.main
                0x000010c6      0x8dc /tmp/ccTCK2VX.ltrans0.ltrans.o
                0x000010c6                main
 .text.SysTick_Handler
                0x000019a2       0x32 /tmp/ccTCK2VX.ltrans0.ltrans.o
 .text.EXTI7_0_IRQHandler
                0x000019d4       0xc8 /tmp/ccTCK2VX.ltrans0.ltrans.o
 *(.rodata)
 *fill*         0x00001a9c        0x0 
 .rodata        0x00001a9c      0x159 /tmp/ccTCK2VX.ltrans0.ltrans.o
 *fill*         0x00001bf5        0x3 
 .rodata        0x00001bf8      0x100 ./toolkit/lib/libgcc.a(_clz.o)
                0x00001bf8                __clz_tab
 *(.rodata*)
 .rodata.main.str1.4
                0x00001cf8       0x55 /tmp/ccTCK2VX.ltrans0.ltrans.o
 *fill*         0x00001d4d        0x3 
 .rodata.font8x8_data
                0x00001d50      0x178 /tmp/ccTCK2VX.ltrans0.ltrans.o
 .rodata.font8x8_lut
                0x00001ec8       0x30 /tmp/ccTCK2VX.ltrans0.ltrans.o
 .rodata.font16x16_data
                0x00001ef8      0x220 /tmp/ccTCK2VX.ltrans0.ltrans.o
 .rodata.font16_16_lut
                0x00002118       0x12 /tmp/ccTCK2VX.ltrans0.ltrans.o
 *fill*         0x0000212a        0x2 
 .rodata.rotenc_table
                0x0000212c       0x10 /tmp/ccTCK2VX.ltrans0.ltrans.o
 .rodata.GPIO_PORT_MAP
                0x0000213c       0x10 /tmp/ccTCK2VX.ltrans0.ltrans.o
 *(.gnu.linkonce.t.*)
                0x0000214c                        . = ALIGN (0x4)

.rela.dyn       0x0000214c        0x0
 .rela.text.handle_reset
                0x0000214c        0x0 /tmp/ccTCK2VX.ltrans0.ltrans.o

.fini           0x0000214c        0x0
 *(SORT_NONE(.fini))
                0x0000214c                        . = ALIGN (0x4)
                [!provide]                        PROVIDE (_etext = .)
                [!provide]                        PROVIDE (_eitcm = .)

.preinit_array  0x0000214c        0x0
                [!provide]                        PROVIDE (__preinit_array_start = .)
 *(.preinit_array)
                [!provide]                        PROVIDE (__preinit_array_end = .)

.init_array     0x0000214c        0x0
                [!provide]                        PROVIDE (__init_array_start = .)
 *(SORT_BY_INIT_PRIORITY(.init_array.*) SORT_BY_INIT_PRIORITY(.ctors.*))
 *(.init_array EXCLUDE_FILE(*crtend?.o *crtend.o *crtbegin?.o *crtbegin.o) .ctors)
                [!provide]                        PROVIDE (__init_array_end = .)

.fini_array     0x0000214c        0x0
                [!provide]                        PROVIDE (__fini_array_start = .)
 *(SORT_BY_INIT_PRIORITY(.fini_array.*) SORT_BY_INIT_PRIORITY(.dtors.*))
 *(.fini_array EXCLUDE_FILE(*crtend?.o *crtend.o *crtbegin?.o *crtbegin.o) .dtors)
                [!provide]                        PROVIDE (__fini_array_end = .)

.ctors
 *crtbegin.o(.ctors)
 *crtbegin?.o(.ctors)
 *(EXCLUDE_FILE(*crtend?.o *crtend.o) .ctors)
 *(SORT_BY_NAME(.ctors.*))
 *(.ctors)

.dtors
 *crtbegin.o(.dtors)
 *crtbegin?.o(.dtors)
 *(EXCLUDE_FILE(*crtend?.o *crtend.o) .dtors)
 *(SORT_BY_NAME(.dtors.*))
 *(.dtors)

.dalign         0x20000000        0x0 load address 0x0000214c
                0x20000000                        . = ALIGN (0x4)
                0x20000000                        PROVIDE (_data_vma = .)

.dlalign        0x0000214c        0x0
                0x0000214c                        . = ALIGN (0x4)
                0x0000214c                        PROVIDE (_data_lma = .)

.data           0x20000000       0x30 load address 0x0000214c
                0x20000000                        . = ALIGN (0x4)
                0x200003fc                        __global_pointer$ = (. + 0x3fc)
 *(.gnu.linkonce.r.*)
 *(.data .data.*)
 *(.gnu.linkonce.d.*)
                0x20000000                        . = ALIGN (0x8)
 *(.sdata .sdata.*)
 .sdata.rotenc_prev_bitmask.1
                0x20000000        0x1 /tmp/ccTCK2VX.ltrans0.ltrans.o
 *fill*         0x20000001        0x3 
 .sdata.current_str.3
                0x20000004        0x7 /tmp/ccTCK2VX.ltrans0.ltrans.o
 *fill*         0x2000000b        0x1 
 .sdata.voltage_str.2
                0x2000000c        0x7 /tmp/ccTCK2VX.ltrans0.ltrans.o
 *fill*         0x20000013        0x1 
 .sdata.actual_str.0
                0x20000014        0x6 /tmp/ccTCK2VX.ltrans0.ltrans.o
 *fill*         0x2000001a        0x2 
 .sdata.target_str.1
                0x2000001c        0x6 /tmp/ccTCK2VX.ltrans0.ltrans.o
 .sdata.g_target_temperature
                0x20000022        0x2 /tmp/ccTCK2VX.ltrans0.ltrans.o
 .sdata.p_button_state.5
                0x20000024        0x4 /tmp/ccTCK2VX.ltrans0.ltrans.o
 .sdata.led_inc.6
                0x20000028        0x1 /tmp/ccTCK2VX.ltrans0.ltrans.o
 *fill*         0x20000029        0x3 
 .sdata.g_user_input_mode
                0x2000002c        0x4 /tmp/ccTCK2VX.ltrans0.ltrans.o
 *(.sdata2*)
 *(.gnu.linkonce.s.*)
                0x20000030                        . = ALIGN (0x8)
 *(.srodata.cst16)
 *(.srodata.cst8)
 *(.srodata.cst4)
 *(.srodata.cst2)
 *(.srodata .srodata.*)
                0x20000030                        . = ALIGN (0x4)
                0x20000030                        PROVIDE (_edata = .)

.bss            0x20000030      0x444 load address 0x0000217c
                0x20000030                        . = ALIGN (0x4)
                0x20000030                        PROVIDE (_sbss = .)
 *(.sbss*)
 .sbss.accumulator.0
                0x20000030        0x1 /tmp/ccTCK2VX.ltrans0.ltrans.o
 *fill*         0x20000031        0x3 
 .sbss._i2c_timeout
                0x20000034        0x4 /tmp/ccTCK2VX.ltrans0.ltrans.o
 .sbss._oled_dev
                0x20000038        0x4 /tmp/ccTCK2VX.ltrans0.ltrans.o
 .sbss._opamp_calibration_gain
                0x2000003c        0x2 /tmp/ccTCK2VX.ltrans0.ltrans.o
 .sbss._opamp_calibration_offset
                0x2000003e        0x2 /tmp/ccTCK2VX.ltrans0.ltrans.o
 .sbss.average_index.0
                0x20000040        0x1 /tmp/ccTCK2VX.ltrans0.ltrans.o
 *fill*         0x20000041        0x3 
 .sbss.rolling_sum.1
                0x20000044        0x4 /tmp/ccTCK2VX.ltrans0.ltrans.o
 .sbss.p_user_input_mode.2
                0x20000048        0x4 /tmp/ccTCK2VX.ltrans0.ltrans.o
 .sbss.g_battery_current_ma
                0x2000004c        0x2 /tmp/ccTCK2VX.ltrans0.ltrans.o
 .sbss.g_battery_voltage_mv
                0x2000004e        0x2 /tmp/ccTCK2VX.ltrans0.ltrans.o
 .sbss.heater_pwm.3
                0x20000050        0x4 /tmp/ccTCK2VX.ltrans0.ltrans.o
 .sbss.g_actual_temperature
                0x20000054        0x2 /tmp/ccTCK2VX.ltrans0.ltrans.o
 .sbss.g_rotary_encoder_clicks
                0x20000056        0x2 /tmp/ccTCK2VX.ltrans0.ltrans.o
 .sbss.led_val.7
                0x20000058        0x2 /tmp/ccTCK2VX.ltrans0.ltrans.o
 *fill*         0x2000005a        0x2 
 .sbss.g_systick_millis
                0x2000005c        0x4 /tmp/ccTCK2VX.ltrans0.ltrans.o
 .sbss.g_system_state
                0x20000060        0x4 /tmp/ccTCK2VX.ltrans0.ltrans.o
 *(.gnu.linkonce.sb.*)
 *(.bss*)
 .bss._average_current_buffer
                0x20000064       0x10 /tmp/ccTCK2VX.ltrans0.ltrans.o
 .bss._oled_buffer
                0x20000074      0x400 /tmp/ccTCK2VX.ltrans0.ltrans.o
 *(.gnu.linkonce.b.*)
 *(COMMON*)
                0x20000474                        . = ALIGN (0x4)
                0x20000474                        PROVIDE (_ebss = .)
                [!provide]                        PROVIDE (_end = _ebss)
                [!provide]                        PROVIDE (end = .)
                0x20000800                        PROVIDE (_eusrstack = (ORIGIN (RAM) + LENGTH (RAM)))

/DISCARD/
 *(.note .note.*)
 *(.eh_frame .eh_frame.*)
 *(.comment .comment.*)
 *(.ARM.extab* .gnu.linkonce.armextab.*)
 *(.ARM.exidx*)
OUTPUT(build/tcrhmag.elf elf32-littleriscv)

.riscv.attributes
                0x00000000       0x25
 .riscv.attributes
                0x00000000       0x25 /tmp/ccTCK2VX.ltrans0.ltrans.o
 .riscv.attributes
                0x00000025       0x21 ./toolkit/lib/libgcc.a(_divdi3.o)
 .riscv.attributes
                0x00000046       0x1f ./toolkit/lib/libgcc.a(muldi3.o)
 .riscv.attributes
                0x00000065       0x1f ./toolkit/lib/libgcc.a(div.o)
 .riscv.attributes
                0x00000084       0x21 ./toolkit/lib/libgcc.a(_clz.o)

.debug_info     0x00000000     0x6c41
 .debug_info    0x00000000     0x239f /tmp/ccTCK2VX.ltrans0.ltrans.o
 .debug_info    0x0000239f     0x10b4 /tmp/cc6JYw8n.debug.temp.o
                0x0000239f                ch32fun.c.e1d0904f
 .debug_info    0x00003453     0x1252 /tmp/ccyTKApj.debug.temp.o
                0x00003453                tcrhmag.c.80d72cf1
 .debug_info    0x000046a5      0x35b /tmp/cc1TdaoB.debug.temp.o
                0x000046a5                battery.c.a40a2036
 .debug_info    0x00004a00      0x6db /tmp/ccdkamjj.debug.temp.o
                0x00004a00                lib_gpioctrl.c.9b7c6186
 .debug_info    0x000050db      0x903 /tmp/cc1NsQEv.debug.temp.o
                0x000050db                lib_i2c.c.771b9666
 .debug_info    0x000059de      0x1ae /tmp/ccDsdPDE.debug.temp.o
                0x000059de                lib_pid.c.7f95fc39
 .debug_info    0x00005b8c      0x5d9 /tmp/ccF3Krqt.debug.temp.o
                0x00005b8c                oled.c.140c2e5f
 .debug_info    0x00006165      0x976 ./toolkit/lib/libgcc.a(_divdi3.o)
 .debug_info    0x00006adb       0x31 ./toolkit/lib/libgcc.a(muldi3.o)
 .debug_info    0x00006b0c       0x5d ./toolkit/lib/libgcc.a(div.o)
 .debug_info    0x00006b69       0xd8 ./toolkit/lib/libgcc.a(_clz.o)

.debug_abbrev   0x00000000     0x11ae
 .debug_abbrev  0x00000000      0x22a /tmp/ccTCK2VX.ltrans0.ltrans.o
 .debug_abbrev  0x0000022a      0x258 /tmp/cc6JYw8n.debug.temp.o
 .debug_abbrev  0x00000482      0x307 /tmp/ccyTKApj.debug.temp.o
 .debug_abbrev  0x00000789      0x14a /tmp/cc1TdaoB.debug.temp.o
 .debug_abbrev  0x000008d3      0x18b /tmp/ccdkamjj.debug.temp.o
 .debug_abbrev  0x00000a5e      0x23e /tmp/cc1NsQEv.debug.temp.o
 .debug_abbrev  0x00000c9c       0xe5 /tmp/ccDsdPDE.debug.temp.o
 .debug_abbrev  0x00000d81      0x184 /tmp/ccF3Krqt.debug.temp.o
 .debug_abbrev  0x00000f05      0x1e9 ./toolkit/lib/libgcc.a(_divdi3.o)
 .debug_abbrev  0x000010ee       0x28 ./toolkit/lib/libgcc.a(muldi3.o)
 .debug_abbrev  0x00001116       0x28 ./toolkit/lib/libgcc.a(div.o)
 .debug_abbrev  0x0000113e       0x70 ./toolkit/lib/libgcc.a(_clz.o)

.debug_loclists
                0x00000000     0x2dc8
 .debug_loclists
                0x00000000     0x206b /tmp/ccTCK2VX.ltrans0.ltrans.o
 .debug_loclists
                0x0000206b      0xd5d ./toolkit/lib/libgcc.a(_divdi3.o)

.debug_aranges  0x00000000      0x218
 .debug_aranges
                0x00000000      0x1a0 /tmp/ccTCK2VX.ltrans0.ltrans.o
 .debug_aranges
                0x000001a0       0x20 ./toolkit/lib/libgcc.a(_divdi3.o)
 .debug_aranges
                0x000001c0       0x20 ./toolkit/lib/libgcc.a(muldi3.o)
 .debug_aranges
                0x000001e0       0x20 ./toolkit/lib/libgcc.a(div.o)
 .debug_aranges
                0x00000200       0x18 ./toolkit/lib/libgcc.a(_clz.o)

.debug_rnglists
                0x00000000      0x595
 .debug_rnglists
                0x00000000      0x49f /tmp/ccTCK2VX.ltrans0.ltrans.o
 .debug_rnglists
                0x0000049f       0xf6 ./toolkit/lib/libgcc.a(_divdi3.o)

.debug_line     0x00000000     0x5868
 .debug_line    0x00000000     0x4b3f /tmp/ccTCK2VX.ltrans0.ltrans.o
 .debug_line    0x00004b3f       0x72 /tmp/cc6JYw8n.debug.temp.o
 .debug_line    0x00004bb1       0x78 /tmp/ccyTKApj.debug.temp.o
 .debug_line    0x00004c29       0x68 /tmp/cc1TdaoB.debug.temp.o
 .debug_line    0x00004c91       0x51 /tmp/ccdkamjj.debug.temp.o
 .debug_line    0x00004ce2       0x68 /tmp/cc1NsQEv.debug.temp.o
 .debug_line    0x00004d4a       0x51 /tmp/ccDsdPDE.debug.temp.o
 .debug_line    0x00004d9b       0x71 /tmp/ccF3Krqt.debug.temp.o
 .debug_line    0x00004e0c      0x850 ./toolkit/lib/libgcc.a(_divdi3.o)
 .debug_line    0x0000565c       0x7a ./toolkit/lib/libgcc.a(muldi3.o)
 .debug_line    0x000056d6      0x153 ./toolkit/lib/libgcc.a(div.o)
 .debug_line    0x00005829       0x3f ./toolkit/lib/libgcc.a(_clz.o)

.debug_str      0x00000000     0x1d5d
 .debug_str     0x00000000     0x1d5d /tmp/ccTCK2VX.ltrans0.ltrans.o
                                0x1a8 (size before relaxing)
 .debug_str     0x00001d5d      0x6c0 /tmp/cc6JYw8n.debug.temp.o
 .debug_str     0x00001d5d     0x109d /tmp/ccyTKApj.debug.temp.o
 .debug_str     0x00001d5d      0x415 /tmp/cc1TdaoB.debug.temp.o
 .debug_str     0x00001d5d      0x7a4 /tmp/ccdkamjj.debug.temp.o
 .debug_str     0x00001d5d      0x519 /tmp/cc1NsQEv.debug.temp.o
 .debug_str     0x00001d5d      0x1bc /tmp/ccDsdPDE.debug.temp.o
 .debug_str     0x00001d5d      0x4bf /tmp/ccF3Krqt.debug.temp.o
 .debug_str     0x00001d5d      0x276 ./toolkit/lib/libgcc.a(_divdi3.o)
 .debug_str     0x00001d5d       0xac ./toolkit/lib/libgcc.a(muldi3.o)
 .debug_str     0x00001d5d       0xd9 ./toolkit/lib/libgcc.a(div.o)
 .debug_str     0x00001d5d      0x19b ./toolkit/lib/libgcc.a(_clz.o)

.debug_line_str
                0x00000000      0x2ea
 .debug_line_str
                0x00000000      0x2ea /tmp/ccTCK2VX.ltrans0.ltrans.o
                                0x114 (size before relaxing)
 .debug_line_str
                0x000002ea      0x152 /tmp/cc6JYw8n.debug.temp.o
 .debug_line_str
                0x000002ea      0x11f /tmp/ccyTKApj.debug.temp.o
 .debug_line_str
                0x000002ea      0x112 /tmp/cc1TdaoB.debug.temp.o
 .debug_line_str
                0x000002ea       0xd0 /tmp/ccdkamjj.debug.temp.o
 .debug_line_str
                0x000002ea      0x11d /tmp/cc1NsQEv.debug.temp.o
 .debug_line_str
                0x000002ea       0xc1 /tmp/ccDsdPDE.debug.temp.o
 .debug_line_str
                0x000002ea      0x13e /tmp/ccF3Krqt.debug.temp.o
 .debug_line_str
                0x000002ea      0x126 ./toolkit/lib/libgcc.a(_divdi3.o)
 .debug_line_str
                0x000002ea       0x95 ./toolkit/lib/libgcc.a(muldi3.o)
 .debug_line_str
                0x000002ea       0x92 ./toolkit/lib/libgcc.a(div.o)
 .debug_line_str
                0x000002ea      0x126 ./toolkit/lib/libgcc.a(_clz.o)

.debug_frame    0x00000000      0x500
 .debug_frame   0x00000000      0x500 /tmp/ccTCK2VX.ltrans0.ltrans.o
