Archive member included to satisfy reference by file (symbol)

./toolkit/lib/libgcc.a(_divdi3.o)
                              /tmp/ccqIuyr4.ltrans0.ltrans.o (__divdi3)
./toolkit/lib/libgcc.a(muldi3.o)
                              /tmp/ccqIuyr4.ltrans0.ltrans.o (__mulsi3)
./toolkit/lib/libgcc.a(div.o)
                              /tmp/ccqIuyr4.ltrans0.ltrans.o (__udivsi3)
./toolkit/lib/libgcc.a(_clz.o)
                              ./toolkit/lib/libgcc.a(_divdi3.o) (__clz_tab)

Discarded input sections

 .text          0x00000000        0x0 /tmp/ccqIuyr4.ltrans0.ltrans.o
 .data          0x00000000        0x0 /tmp/ccqIuyr4.ltrans0.ltrans.o
 .bss           0x00000000        0x0 /tmp/ccqIuyr4.ltrans0.ltrans.o
 .text.vprintf  0x00000000       0x16 /tmp/ccqIuyr4.ltrans0.ltrans.o
 .text.mini_vsnprintf
                0x00000000       0x42 /tmp/ccqIuyr4.ltrans0.ltrans.o
 .text.snprintf
                0x00000000       0x1c /tmp/ccqIuyr4.ltrans0.ltrans.o
 .text.sprintf  0x00000000       0x26 /tmp/ccqIuyr4.ltrans0.ltrans.o
 .text.memset   0x00000000       0x12 /tmp/ccqIuyr4.ltrans0.ltrans.o
 .text.strcpy   0x00000000       0x14 /tmp/ccqIuyr4.ltrans0.ltrans.o
 .text.strncpy  0x00000000       0x1c /tmp/ccqIuyr4.ltrans0.ltrans.o
 .text.strcmp   0x00000000       0x1a /tmp/ccqIuyr4.ltrans0.ltrans.o
 .text.strncmp  0x00000000       0x2e /tmp/ccqIuyr4.ltrans0.ltrans.o
 .text.strchr   0x00000000       0x16 /tmp/ccqIuyr4.ltrans0.ltrans.o
 .text.strrchr  0x00000000       0x3c /tmp/ccqIuyr4.ltrans0.ltrans.o
 .text.memcpy   0x00000000       0x1c /tmp/ccqIuyr4.ltrans0.ltrans.o
 .text.memcmp   0x00000000       0x20 /tmp/ccqIuyr4.ltrans0.ltrans.o
 .text.memmove  0x00000000       0x5e /tmp/ccqIuyr4.ltrans0.ltrans.o
 .text.memchr   0x00000000       0x1a /tmp/ccqIuyr4.ltrans0.ltrans.o
 .text.strnlen  0x00000000       0x2a /tmp/ccqIuyr4.ltrans0.ltrans.o
 .text.twoway_strstr
                0x00000000      0x232 /tmp/ccqIuyr4.ltrans0.ltrans.o
 .text.strstr   0x00000000      0x11c /tmp/ccqIuyr4.ltrans0.ltrans.o
 .rodata.puts.str1.4
                0x00000000        0x2 /tmp/ccqIuyr4.ltrans0.ltrans.o
 .text.puts     0x00000000       0x40 /tmp/ccqIuyr4.ltrans0.ltrans.o
 .text.setjmp   0x00000000       0x10 /tmp/ccqIuyr4.ltrans0.ltrans.o
 .text.longjmp  0x00000000       0x14 /tmp/ccqIuyr4.ltrans0.ltrans.o
 .text.putchar  0x00000000       0x68 /tmp/ccqIuyr4.ltrans0.ltrans.o
 .rodata.APBAHBPrescTable.lto_priv.0
                0x00000000       0x10 /tmp/ccqIuyr4.ltrans0.ltrans.o
 .rodata.ADCPrescTable.lto_priv.0
                0x00000000       0x14 /tmp/ccqIuyr4.ltrans0.ltrans.o
 .rodata.APBAHBPrescTable.lto_priv.1
                0x00000000       0x10 /tmp/ccqIuyr4.ltrans0.ltrans.o
 .rodata.ADCPrescTable.lto_priv.1
                0x00000000       0x14 /tmp/ccqIuyr4.ltrans0.ltrans.o
 .comment       0x00000000       0x24 /tmp/ccqIuyr4.ltrans0.ltrans.o
 .note.GNU-stack
                0x00000000        0x0 /tmp/ccqIuyr4.ltrans0.ltrans.o
 .comment       0x00000000       0x24 /tmp/ccKWBeJc.debug.temp.o
 .note.GNU-stack
                0x00000000        0x0 /tmp/ccKWBeJc.debug.temp.o
 .comment       0x00000000       0x24 /tmp/cczqGH1V.debug.temp.o
 .note.GNU-stack
                0x00000000        0x0 /tmp/cczqGH1V.debug.temp.o
 .comment       0x00000000       0x24 /tmp/ccs61hsR.debug.temp.o
 .note.GNU-stack
                0x00000000        0x0 /tmp/ccs61hsR.debug.temp.o
 .comment       0x00000000       0x24 /tmp/ccC8eXRf.debug.temp.o
 .note.GNU-stack
                0x00000000        0x0 /tmp/ccC8eXRf.debug.temp.o
 .debug_info    0x00000000       0x1e /tmp/cc4XfCiS.debug.temp.o
 .debug_abbrev  0x00000000       0x10 /tmp/cc4XfCiS.debug.temp.o
 .debug_line    0x00000000       0x31 /tmp/cc4XfCiS.debug.temp.o
 .debug_str     0x00000000       0x97 /tmp/cc4XfCiS.debug.temp.o
 .debug_line_str
                0x00000000       0x3e /tmp/cc4XfCiS.debug.temp.o
 .comment       0x00000000       0x24 /tmp/cc4XfCiS.debug.temp.o
 .note.GNU-stack
                0x00000000        0x0 /tmp/cc4XfCiS.debug.temp.o
 .data          0x00000000        0x0 ./toolkit/lib/libgcc.a(_divdi3.o)
 .bss           0x00000000        0x0 ./toolkit/lib/libgcc.a(_divdi3.o)
 .comment       0x00000000       0x1c ./toolkit/lib/libgcc.a(_divdi3.o)
 .eh_frame      0x00000000       0x40 ./toolkit/lib/libgcc.a(_divdi3.o)
 .data          0x00000000        0x0 ./toolkit/lib/libgcc.a(muldi3.o)
 .bss           0x00000000        0x0 ./toolkit/lib/libgcc.a(muldi3.o)
 .data          0x00000000        0x0 ./toolkit/lib/libgcc.a(div.o)
 .bss           0x00000000        0x0 ./toolkit/lib/libgcc.a(div.o)
 .text          0x00000000        0x0 ./toolkit/lib/libgcc.a(_clz.o)
 .data          0x00000000        0x0 ./toolkit/lib/libgcc.a(_clz.o)
 .bss           0x00000000        0x0 ./toolkit/lib/libgcc.a(_clz.o)
 .comment       0x00000000       0x1c ./toolkit/lib/libgcc.a(_clz.o)

Memory Configuration

Name             Origin             Length             Attributes
FLASH            0x00000000         0x00004000         xr
RAM              0x20000000         0x00000800         xrw
*default*        0x00000000         0xffffffff

Linker script and memory map

LOAD /tmp/cce9b253.o
LOAD /tmp/ccqIuyr4.ltrans0.ltrans.o
LOAD /tmp/ccKWBeJc.debug.temp.o
LOAD /tmp/cczqGH1V.debug.temp.o
LOAD /tmp/ccs61hsR.debug.temp.o
LOAD /tmp/ccC8eXRf.debug.temp.o
LOAD /tmp/cc4XfCiS.debug.temp.o
LOAD /tmp/ccvwcXWC.o
LOAD /tmp/ccmblgHL.o
LOAD /tmp/ccHAFDqg.o
LOAD /tmp/ccwt9oht.o
LOAD ./toolkit/lib/libgcc.a
LOAD ./toolkit/lib/libgcc.a
LOAD ./toolkit/lib/libgcc.a

.init           0x00000000       0xa0
                0x00000000                        _sinit = .
                0x00000000                        . = ALIGN (0x4)
 *(SORT_NONE(.init))
 .init          0x00000000       0x9e /tmp/ccqIuyr4.ltrans0.ltrans.o
                0x00000000                InterruptVectorDefault
                0x00000000                InterruptVector
                0x000000a0                        . = ALIGN (0x4)
 *fill*         0x0000009e        0x2 
                0x000000a0                        _einit = .

.text           0x000000a0     0x115c
                0x000000a0                        . = ALIGN (0x4)
 *(.text)
 .text          0x000000a0      0x482 ./toolkit/lib/libgcc.a(_divdi3.o)
                0x000000a0                __divdi3
 *fill*         0x00000522        0x2 
 .text          0x00000524       0x16 ./toolkit/lib/libgcc.a(muldi3.o)
                0x00000524                __mulsi3
 *fill*         0x0000053a        0x2 
 .text          0x0000053c       0x7e ./toolkit/lib/libgcc.a(div.o)
                0x0000053c                __divsi3
                0x00000544                __hidden___udivsi3
                0x00000544                __udivsi3
                0x00000570                __umodsi3
                0x00000594                __modsi3
 *(.text.*)
 .text.mini_pad
                0x000005ba       0x8a /tmp/ccqIuyr4.ltrans0.ltrans.o
 .text._puts    0x00000644       0x40 /tmp/ccqIuyr4.ltrans0.ltrans.o
 .text.PrintHex
                0x00000684       0x5a /tmp/ccqIuyr4.ltrans0.ltrans.o
 .text.mini_itoa.part.0
                0x000006de       0xc0 /tmp/ccqIuyr4.ltrans0.ltrans.o
 .text.gpio_set_mode
                0x0000079e       0x46 /tmp/ccqIuyr4.ltrans0.ltrans.o
 .text.internal_handle_input.constprop.0
                0x000007e4        0xa /tmp/ccqIuyr4.ltrans0.ltrans.o
 .text._write.constprop.0
                0x000007ee       0xe4 /tmp/ccqIuyr4.ltrans0.ltrans.o
 .text.__puts_uart
                0x000008d2       0x14 /tmp/ccqIuyr4.ltrans0.ltrans.o
 .text.handle_reset
                0x000008e6       0x72 /tmp/ccqIuyr4.ltrans0.ltrans.o
                0x000008e6                handle_reset
 .text.vector_handler
                0x00000958       0x5a /tmp/ccqIuyr4.ltrans0.ltrans.o
                0x00000958                EXTI2_IRQHandler
                0x00000958                TIM8_TRG_COM_IRQHandler
                0x00000958                TIM8_CC_IRQHandler
                0x00000958                UART8_IRQHandler
                0x00000958                TIM1_CC_IRQHandler
                0x00000958                HardFault_Handler
                0x00000958                GPIOB_IRQHandler
                0x00000958                USBPD_IRQHandler
                0x00000958                TIM6_IRQHandler
                0x00000958                GPIOA_IRQHandler
                0x00000958                PVD_IRQHandler
                0x00000958                SDIO_IRQHandler
                0x00000958                TIM9_BRK_IRQHandler
                0x00000958                DMA2_Channel8_IRQHandler
                0x00000958                CAN2_RX1_IRQHandler
                0x00000958                EXTI3_IRQHandler
                0x00000958                UART1_IRQHandler
                0x00000958                USBHS_IRQHandler
                0x00000958                DMA2_Channel9_IRQHandler
                0x00000958                TIM10_CC_IRQHandler
                0x00000958                EXTI25_16_IRQHandler
                0x00000958                USBFS_IRQHandler
                0x00000958                UART0_IRQHandler
                0x00000958                EXTI0_IRQHandler
                0x00000958                I2C2_EV_IRQHandler
                0x00000958                TIM10_TRG_COM_IRQHandler
                0x00000958                CAN2_SCE_IRQHandler
                0x00000958                ADC1_2_IRQHandler
                0x00000958                BB_IRQHandler
                0x00000958                Break_Point_Handler
                0x00000958                TIM2_CC_IRQHandler
                0x00000958                SPI1_IRQHandler
                0x00000958                TAMPER_IRQHandler
                0x00000958                TMR0_IRQHandler
                0x00000958                AWU_IRQHandler
                0x00000958                EXTI7_0_IRQHandler
                0x00000958                CAN2_RX0_IRQHandler
                0x00000958                OSCWakeUp_IRQHandler
                0x00000958                TIM8_UP_IRQHandler
                0x00000958                Ecall_M_Mode_Handler
                0x00000958                DMA2_Channel2_IRQHandler
                0x00000958                DMA1_Channel4_IRQHandler
                0x00000958                ADC1_IRQHandler
                0x00000958                TIM2_BRK_IRQHandler
                0x00000958                TIM9_UP_IRQHandler
                0x00000958                USART3_IRQHandler
                0x00000958                RTC_IRQHandler
                0x00000958                DMA1_Channel7_IRQHandler
                0x00000958                CAN1_RX1_IRQHandler
                0x00000958                DVP_IRQHandler
                0x00000958                UART5_IRQHandler
                0x00000958                EXTI15_8_IRQHandler
                0x00000958                TIM4_IRQHandler
                0x00000958                DMA2_Channel1_IRQHandler
                0x00000958                USBPD_WKUP_IRQHandler
                0x00000958                I2C1_EV_IRQHandler
                0x00000958                UART2_IRQHandler
                0x00000958                USART4_IRQHandler
                0x00000958                PWMX_IRQHandler
                0x00000958                DMA1_Channel6_IRQHandler
                0x00000958                UART4_IRQHandler
                0x00000958                DMA2_Channel4_IRQHandler
                0x00000958                TIM3_IRQHandler
                0x00000958                RCC_IRQHandler
                0x00000958                TIM1_TRG_COM_IRQHandler
                0x00000958                DMA1_Channel1_IRQHandler
                0x00000958                DMA2_Channel7_IRQHandler
                0x00000958                EXTI15_10_IRQHandler
                0x00000958                ADC_IRQHandler
                0x00000958                DMA1_Channel8_IRQHandler
                0x00000958                TMR2_IRQHandler
                0x00000958                DefaultIRQHandler
                0x00000958                TIM7_IRQHandler
                0x00000958                CAN2_TX_IRQHandler
                0x00000958                TIM5_IRQHandler
                0x00000958                USB_IRQHandler
                0x00000958                EXTI9_5_IRQHandler
                0x00000958                PIOC_IRQHandler
                0x00000958                SPI2_IRQHandler
                0x00000958                OSC32KCal_IRQHandler
                0x00000958                I2C_IRQHandler
                0x00000958                TIM10_BRK_IRQHandler
                0x00000958                TIM9_CC_IRQHandler
                0x00000958                DMA2_Channel5_IRQHandler
                0x00000958                USB2_IRQHandler
                0x00000958                USBHSWakeUp_IRQHandler
                0x00000958                DMA1_Channel5_IRQHandler
                0x00000958                EXTI4_IRQHandler
                0x00000958                USB_LP_CAN1_RX0_IRQHandler
                0x00000958                RNG_IRQHandler
                0x00000958                USB_HP_CAN1_TX_IRQHandler
                0x00000958                LLE_IRQHandler
                0x00000958                DMA1_Channel3_IRQHandler
                0x00000958                FSMC_IRQHandler
                0x00000958                ETH_IRQHandler
                0x00000958                TIM1_UP_IRQHandler
                0x00000958                WWDG_IRQHandler
                0x00000958                DMA2_Channel11_IRQHandler
                0x00000958                WDOG_BAT_IRQHandler
                0x00000958                Ecall_U_Mode_Handler
                0x00000958                TMR3_IRQHandler
                0x00000958                DMA2_Channel6_IRQHandler
                0x00000958                TIM2_IRQHandler
                0x00000958                SW_Handler
                0x00000958                TIM1_BRK_IRQHandler
                0x00000958                OPA_IRQHandler
                0x00000958                DMA2_Channel10_IRQHandler
                0x00000958                EXTI1_IRQHandler
                0x00000958                SPI0_IRQHandler
                0x00000958                RTCAlarm_IRQHandler
                0x00000958                TIM10_UP_IRQHandler
                0x00000958                TIM9_TRG_COM_IRQHandler
                0x00000958                UART7_IRQHandler
                0x00000958                USART2_IRQHandler
                0x00000958                UART6_IRQHandler
                0x00000958                ETHWakeUp_IRQHandler
                0x00000958                I2C2_ER_IRQHandler
                0x00000958                DMA1_Channel2_IRQHandler
                0x00000958                TIM8_BRK_IRQHandler
                0x00000958                TIM2_TRG_IRQHandler
                0x00000958                CAN1_SCE_IRQHandler
                0x00000958                FLASH_IRQHandler
                0x00000958                USBFSWakeUp_IRQHandler
                0x00000958                USART1_IRQHandler
                0x00000958                OTG_FS_IRQHandler
                0x00000958                SPI3_IRQHandler
                0x00000958                USBFS_WakeUp_IRQHandler
                0x00000958                UART3_IRQHandler
                0x00000958                I2C1_ER_IRQHandler
                0x00000958                TMR1_IRQHandler
                0x00000958                USBWakeUp_IRQHandler
                0x00000958                DMA2_Channel3_IRQHandler
                0x000009a4                NMI_Handler
                0x000009a4                NMI_RCC_CSS_IRQHandler
 .text.strlen   0x000009b2       0x12 /tmp/ccqIuyr4.ltrans0.ltrans.o
                0x000009b2                strlen
 .text.mini_vpprintf
                0x000009c4      0x1bc /tmp/ccqIuyr4.ltrans0.ltrans.o
 .text.printf   0x00000b80       0x24 /tmp/ccqIuyr4.ltrans0.ltrans.o
                0x00000b80                printf
 .text.SystemInit
                0x00000ba4       0x54 /tmp/ccqIuyr4.ltrans0.ltrans.o
                0x00000ba4                SystemInit
 .text.startup.main
                0x00000bf8      0x37c /tmp/ccqIuyr4.ltrans0.ltrans.o
                0x00000bf8                main
 .text.SysTick_Handler
                0x00000f74       0x32 /tmp/ccqIuyr4.ltrans0.ltrans.o
 *(.rodata)
 *fill*         0x00000fa6        0x2 
 .rodata        0x00000fa8      0x130 /tmp/ccqIuyr4.ltrans0.ltrans.o
 .rodata        0x000010d8      0x100 ./toolkit/lib/libgcc.a(_clz.o)
                0x000010d8                __clz_tab
 *(.rodata*)
 .rodata.main.str1.4
                0x000011d8       0x13 /tmp/ccqIuyr4.ltrans0.ltrans.o
 *fill*         0x000011eb        0x1 
 .rodata.GPIO_PORT_MAP
                0x000011ec       0x10 /tmp/ccqIuyr4.ltrans0.ltrans.o
 *(.gnu.linkonce.t.*)
                0x000011fc                        . = ALIGN (0x4)

.rela.dyn       0x000011fc        0x0
 .rela.text.handle_reset
                0x000011fc        0x0 /tmp/ccqIuyr4.ltrans0.ltrans.o

.fini           0x000011fc        0x0
 *(SORT_NONE(.fini))
                0x000011fc                        . = ALIGN (0x4)
                [!provide]                        PROVIDE (_etext = .)
                [!provide]                        PROVIDE (_eitcm = .)

.preinit_array  0x000011fc        0x0
                [!provide]                        PROVIDE (__preinit_array_start = .)
 *(.preinit_array)
                [!provide]                        PROVIDE (__preinit_array_end = .)

.init_array     0x000011fc        0x0
                [!provide]                        PROVIDE (__init_array_start = .)
 *(SORT_BY_INIT_PRIORITY(.init_array.*) SORT_BY_INIT_PRIORITY(.ctors.*))
 *(.init_array EXCLUDE_FILE(*crtend?.o *crtend.o *crtbegin?.o *crtbegin.o) .ctors)
                [!provide]                        PROVIDE (__init_array_end = .)

.fini_array     0x000011fc        0x0
                [!provide]                        PROVIDE (__fini_array_start = .)
 *(SORT_BY_INIT_PRIORITY(.fini_array.*) SORT_BY_INIT_PRIORITY(.dtors.*))
 *(.fini_array EXCLUDE_FILE(*crtend?.o *crtend.o *crtbegin?.o *crtbegin.o) .dtors)
                [!provide]                        PROVIDE (__fini_array_end = .)

.ctors
 *crtbegin.o(.ctors)
 *crtbegin?.o(.ctors)
 *(EXCLUDE_FILE(*crtend?.o *crtend.o) .ctors)
 *(SORT_BY_NAME(.ctors.*))
 *(.ctors)

.dtors
 *crtbegin.o(.dtors)
 *crtbegin?.o(.dtors)
 *(EXCLUDE_FILE(*crtend?.o *crtend.o) .dtors)
 *(SORT_BY_NAME(.dtors.*))
 *(.dtors)

.dalign         0x20000000        0x0 load address 0x000011fc
                0x20000000                        . = ALIGN (0x4)
                0x20000000                        PROVIDE (_data_vma = .)

.dlalign        0x000011fc        0x0
                0x000011fc                        . = ALIGN (0x4)
                0x000011fc                        PROVIDE (_data_lma = .)

.data           0x20000000        0x8 load address 0x000011fc
                0x20000000                        . = ALIGN (0x4)
                0x200003fc                        __global_pointer$ = (. + 0x3fc)
 *(.gnu.linkonce.r.*)
 *(.data .data.*)
 *(.gnu.linkonce.d.*)
                0x20000000                        . = ALIGN (0x8)
 *(.sdata .sdata.*)
 .sdata.led_val.0
                0x20000000        0x2 /tmp/ccqIuyr4.ltrans0.ltrans.o
 .sdata.led_inc.1
                0x20000002        0x1 /tmp/ccqIuyr4.ltrans0.ltrans.o
 *(.sdata2*)
 *(.gnu.linkonce.s.*)
                0x20000008                        . = ALIGN (0x8)
 *fill*         0x20000003        0x5 
 *(.srodata.cst16)
 *(.srodata.cst8)
 *(.srodata.cst4)
 *(.srodata.cst2)
 *(.srodata .srodata.*)
                0x20000008                        . = ALIGN (0x4)
                0x20000008                        PROVIDE (_edata = .)

.bss            0x20000008        0xc load address 0x00001204
                0x20000008                        . = ALIGN (0x4)
                0x20000008                        PROVIDE (_sbss = .)
 *(.sbss*)
 .sbss.g_measured_temperature
                0x20000008        0x2 /tmp/ccqIuyr4.ltrans0.ltrans.o
 *fill*         0x2000000a        0x2 
 .sbss.g_systick_millis
                0x2000000c        0x4 /tmp/ccqIuyr4.ltrans0.ltrans.o
 .sbss.g_target_temperature
                0x20000010        0x2 /tmp/ccqIuyr4.ltrans0.ltrans.o
 .sbss.g_heater_running
                0x20000012        0x1 /tmp/ccqIuyr4.ltrans0.ltrans.o
 *(.gnu.linkonce.sb.*)
 *(.bss*)
 *(.gnu.linkonce.b.*)
 *(COMMON*)
                0x20000014                        . = ALIGN (0x4)
 *fill*         0x20000013        0x1 
                0x20000014                        PROVIDE (_ebss = .)
                [!provide]                        PROVIDE (_end = _ebss)
                [!provide]                        PROVIDE (end = .)
                0x20000800                        PROVIDE (_eusrstack = (ORIGIN (RAM) + LENGTH (RAM)))

/DISCARD/
 *(.note .note.*)
 *(.eh_frame .eh_frame.*)
 *(.comment .comment.*)
 *(.ARM.extab* .gnu.linkonce.armextab.*)
 *(.ARM.exidx*)
OUTPUT(build/tcrhmag.elf elf32-littleriscv)

.riscv.attributes
                0x00000000       0x25
 .riscv.attributes
                0x00000000       0x25 /tmp/ccqIuyr4.ltrans0.ltrans.o
 .riscv.attributes
                0x00000025       0x21 ./toolkit/lib/libgcc.a(_divdi3.o)
 .riscv.attributes
                0x00000046       0x1f ./toolkit/lib/libgcc.a(muldi3.o)
 .riscv.attributes
                0x00000065       0x1f ./toolkit/lib/libgcc.a(div.o)
 .riscv.attributes
                0x00000084       0x21 ./toolkit/lib/libgcc.a(_clz.o)

.debug_info     0x00000000     0x44dc
 .debug_info    0x00000000     0x138b /tmp/ccqIuyr4.ltrans0.ltrans.o
 .debug_info    0x0000138b     0x10b4 /tmp/ccKWBeJc.debug.temp.o
                0x0000138b                ch32fun.c.e1d0904f
 .debug_info    0x0000243f      0xd38 /tmp/cczqGH1V.debug.temp.o
                0x0000243f                tcrhmag.c.dea0d6d8
 .debug_info    0x00003177      0x6db /tmp/ccs61hsR.debug.temp.o
                0x00003177                lib_gpioctrl.c.9b7c6186
 .debug_info    0x00003852      0x1ae /tmp/ccC8eXRf.debug.temp.o
                0x00003852                lib_pid.c.7f95fc39
 .debug_info    0x00003a00      0x976 ./toolkit/lib/libgcc.a(_divdi3.o)
 .debug_info    0x00004376       0x31 ./toolkit/lib/libgcc.a(muldi3.o)
 .debug_info    0x000043a7       0x5d ./toolkit/lib/libgcc.a(div.o)
 .debug_info    0x00004404       0xd8 ./toolkit/lib/libgcc.a(_clz.o)

.debug_abbrev   0x00000000      0xbf2
 .debug_abbrev  0x00000000      0x1cb /tmp/ccqIuyr4.ltrans0.ltrans.o
 .debug_abbrev  0x000001cb      0x258 /tmp/ccKWBeJc.debug.temp.o
 .debug_abbrev  0x00000423      0x2b6 /tmp/cczqGH1V.debug.temp.o
 .debug_abbrev  0x000006d9      0x18b /tmp/ccs61hsR.debug.temp.o
 .debug_abbrev  0x00000864       0xe5 /tmp/ccC8eXRf.debug.temp.o
 .debug_abbrev  0x00000949      0x1e9 ./toolkit/lib/libgcc.a(_divdi3.o)
 .debug_abbrev  0x00000b32       0x28 ./toolkit/lib/libgcc.a(muldi3.o)
 .debug_abbrev  0x00000b5a       0x28 ./toolkit/lib/libgcc.a(div.o)
 .debug_abbrev  0x00000b82       0x70 ./toolkit/lib/libgcc.a(_clz.o)

.debug_loclists
                0x00000000     0x2504
 .debug_loclists
                0x00000000     0x17a7 /tmp/ccqIuyr4.ltrans0.ltrans.o
 .debug_loclists
                0x000017a7      0xd5d ./toolkit/lib/libgcc.a(_divdi3.o)

.debug_aranges  0x00000000      0x1d0
 .debug_aranges
                0x00000000      0x158 /tmp/ccqIuyr4.ltrans0.ltrans.o
 .debug_aranges
                0x00000158       0x20 ./toolkit/lib/libgcc.a(_divdi3.o)
 .debug_aranges
                0x00000178       0x20 ./toolkit/lib/libgcc.a(muldi3.o)
 .debug_aranges
                0x00000198       0x20 ./toolkit/lib/libgcc.a(div.o)
 .debug_aranges
                0x000001b8       0x18 ./toolkit/lib/libgcc.a(_clz.o)

.debug_rnglists
                0x00000000      0x353
 .debug_rnglists
                0x00000000      0x25d /tmp/ccqIuyr4.ltrans0.ltrans.o
 .debug_rnglists
                0x0000025d       0xf6 ./toolkit/lib/libgcc.a(_divdi3.o)

.debug_line     0x00000000     0x3c38
 .debug_line    0x00000000     0x3056 /tmp/ccqIuyr4.ltrans0.ltrans.o
 .debug_line    0x00003056       0x72 /tmp/ccKWBeJc.debug.temp.o
 .debug_line    0x000030c8       0x72 /tmp/cczqGH1V.debug.temp.o
 .debug_line    0x0000313a       0x51 /tmp/ccs61hsR.debug.temp.o
 .debug_line    0x0000318b       0x51 /tmp/ccC8eXRf.debug.temp.o
 .debug_line    0x000031dc      0x850 ./toolkit/lib/libgcc.a(_divdi3.o)
 .debug_line    0x00003a2c       0x7a ./toolkit/lib/libgcc.a(muldi3.o)
 .debug_line    0x00003aa6      0x153 ./toolkit/lib/libgcc.a(div.o)
 .debug_line    0x00003bf9       0x3f ./toolkit/lib/libgcc.a(_clz.o)

.debug_str      0x00000000     0x14d3
 .debug_str     0x00000000     0x14d3 /tmp/ccqIuyr4.ltrans0.ltrans.o
                                0x18c (size before relaxing)
 .debug_str     0x000014d3      0x6c0 /tmp/ccKWBeJc.debug.temp.o
 .debug_str     0x000014d3      0xb92 /tmp/cczqGH1V.debug.temp.o
 .debug_str     0x000014d3      0x7a4 /tmp/ccs61hsR.debug.temp.o
 .debug_str     0x000014d3      0x1bc /tmp/ccC8eXRf.debug.temp.o
 .debug_str     0x000014d3      0x276 ./toolkit/lib/libgcc.a(_divdi3.o)
 .debug_str     0x000014d3       0xac ./toolkit/lib/libgcc.a(muldi3.o)
 .debug_str     0x000014d3       0xd9 ./toolkit/lib/libgcc.a(div.o)
 .debug_str     0x000014d3      0x19b ./toolkit/lib/libgcc.a(_clz.o)

.debug_line_str
                0x00000000      0x2a2
 .debug_line_str
                0x00000000      0x2a2 /tmp/ccqIuyr4.ltrans0.ltrans.o
                                 0xf9 (size before relaxing)
 .debug_line_str
                0x000002a2      0x152 /tmp/ccKWBeJc.debug.temp.o
 .debug_line_str
                0x000002a2      0x12d /tmp/cczqGH1V.debug.temp.o
 .debug_line_str
                0x000002a2       0xd0 /tmp/ccs61hsR.debug.temp.o
 .debug_line_str
                0x000002a2       0xc1 /tmp/ccC8eXRf.debug.temp.o
 .debug_line_str
                0x000002a2      0x126 ./toolkit/lib/libgcc.a(_divdi3.o)
 .debug_line_str
                0x000002a2       0x95 ./toolkit/lib/libgcc.a(muldi3.o)
 .debug_line_str
                0x000002a2       0x92 ./toolkit/lib/libgcc.a(div.o)
 .debug_line_str
                0x000002a2      0x126 ./toolkit/lib/libgcc.a(_clz.o)

.debug_frame    0x00000000      0x3cc
 .debug_frame   0x00000000      0x3cc /tmp/ccqIuyr4.ltrans0.ltrans.o
