Archive member included to satisfy reference by file (symbol)

./toolkit/lib/libgcc.a(_divdi3.o)
                              /tmp/cceEu7mR.ltrans0.ltrans.o (__divdi3)
./toolkit/lib/libgcc.a(muldi3.o)
                              /tmp/cceEu7mR.ltrans0.ltrans.o (__mulsi3)
./toolkit/lib/libgcc.a(div.o)
                              /tmp/cceEu7mR.ltrans0.ltrans.o (__divsi3)
./toolkit/lib/libgcc.a(_clz.o)
                              ./toolkit/lib/libgcc.a(_divdi3.o) (__clz_tab)

Discarded input sections

 .text          0x00000000        0x0 /tmp/cceEu7mR.ltrans0.ltrans.o
 .data          0x00000000        0x0 /tmp/cceEu7mR.ltrans0.ltrans.o
 .bss           0x00000000        0x0 /tmp/cceEu7mR.ltrans0.ltrans.o
 .text.vprintf  0x00000000       0x16 /tmp/cceEu7mR.ltrans0.ltrans.o
 .text.mini_vsnprintf
                0x00000000       0x42 /tmp/cceEu7mR.ltrans0.ltrans.o
 .text.snprintf
                0x00000000       0x1c /tmp/cceEu7mR.ltrans0.ltrans.o
 .text.sprintf  0x00000000       0x26 /tmp/cceEu7mR.ltrans0.ltrans.o
 .text.memset   0x00000000       0x12 /tmp/cceEu7mR.ltrans0.ltrans.o
 .text.strcpy   0x00000000       0x14 /tmp/cceEu7mR.ltrans0.ltrans.o
 .text.strncpy  0x00000000       0x1c /tmp/cceEu7mR.ltrans0.ltrans.o
 .text.strcmp   0x00000000       0x1a /tmp/cceEu7mR.ltrans0.ltrans.o
 .text.strncmp  0x00000000       0x2e /tmp/cceEu7mR.ltrans0.ltrans.o
 .text.strrchr  0x00000000       0x3c /tmp/cceEu7mR.ltrans0.ltrans.o
 .text.memcmp   0x00000000       0x20 /tmp/cceEu7mR.ltrans0.ltrans.o
 .text.memmove  0x00000000       0x5e /tmp/cceEu7mR.ltrans0.ltrans.o
 .text.memchr   0x00000000       0x1a /tmp/cceEu7mR.ltrans0.ltrans.o
 .text.strnlen  0x00000000       0x2a /tmp/cceEu7mR.ltrans0.ltrans.o
 .text.twoway_strstr
                0x00000000      0x232 /tmp/cceEu7mR.ltrans0.ltrans.o
 .text.strstr   0x00000000      0x11c /tmp/cceEu7mR.ltrans0.ltrans.o
 .rodata.puts.str1.4
                0x00000000        0x2 /tmp/cceEu7mR.ltrans0.ltrans.o
 .text.puts     0x00000000       0x40 /tmp/cceEu7mR.ltrans0.ltrans.o
 .text.setjmp   0x00000000       0x10 /tmp/cceEu7mR.ltrans0.ltrans.o
 .text.longjmp  0x00000000       0x14 /tmp/cceEu7mR.ltrans0.ltrans.o
 .text.putchar  0x00000000       0x68 /tmp/cceEu7mR.ltrans0.ltrans.o
 .rodata.APBAHBPrescTable.lto_priv.0
                0x00000000       0x10 /tmp/cceEu7mR.ltrans0.ltrans.o
 .rodata.ADCPrescTable.lto_priv.0
                0x00000000       0x14 /tmp/cceEu7mR.ltrans0.ltrans.o
 .rodata.APBAHBPrescTable.lto_priv.1
                0x00000000       0x10 /tmp/cceEu7mR.ltrans0.ltrans.o
 .rodata.ADCPrescTable.lto_priv.1
                0x00000000       0x14 /tmp/cceEu7mR.ltrans0.ltrans.o
 .rodata.APBAHBPrescTable.lto_priv.2
                0x00000000       0x10 /tmp/cceEu7mR.ltrans0.ltrans.o
 .rodata.ADCPrescTable.lto_priv.2
                0x00000000       0x14 /tmp/cceEu7mR.ltrans0.ltrans.o
 .rodata.APBAHBPrescTable.lto_priv.3
                0x00000000       0x10 /tmp/cceEu7mR.ltrans0.ltrans.o
 .rodata.ADCPrescTable.lto_priv.3
                0x00000000       0x14 /tmp/cceEu7mR.ltrans0.ltrans.o
 .rodata.APBAHBPrescTable.lto_priv.4
                0x00000000       0x10 /tmp/cceEu7mR.ltrans0.ltrans.o
 .rodata.ADCPrescTable.lto_priv.4
                0x00000000       0x14 /tmp/cceEu7mR.ltrans0.ltrans.o
 .comment       0x00000000       0x24 /tmp/cceEu7mR.ltrans0.ltrans.o
 .note.GNU-stack
                0x00000000        0x0 /tmp/cceEu7mR.ltrans0.ltrans.o
 .comment       0x00000000       0x24 /tmp/ccK4azdo.debug.temp.o
 .note.GNU-stack
                0x00000000        0x0 /tmp/ccK4azdo.debug.temp.o
 .comment       0x00000000       0x24 /tmp/ccq1ZYG5.debug.temp.o
 .note.GNU-stack
                0x00000000        0x0 /tmp/ccq1ZYG5.debug.temp.o
 .comment       0x00000000       0x24 /tmp/ccZkAbNr.debug.temp.o
 .note.GNU-stack
                0x00000000        0x0 /tmp/ccZkAbNr.debug.temp.o
 .comment       0x00000000       0x24 /tmp/ccxMLZWy.debug.temp.o
 .note.GNU-stack
                0x00000000        0x0 /tmp/ccxMLZWy.debug.temp.o
 .comment       0x00000000       0x24 /tmp/ccBXnNJ3.debug.temp.o
 .note.GNU-stack
                0x00000000        0x0 /tmp/ccBXnNJ3.debug.temp.o
 .comment       0x00000000       0x24 /tmp/ccNJcun4.debug.temp.o
 .note.GNU-stack
                0x00000000        0x0 /tmp/ccNJcun4.debug.temp.o
 .comment       0x00000000       0x24 /tmp/ccxpr7Vp.debug.temp.o
 .note.GNU-stack
                0x00000000        0x0 /tmp/ccxpr7Vp.debug.temp.o
 .data          0x00000000        0x0 ./toolkit/lib/libgcc.a(_divdi3.o)
 .bss           0x00000000        0x0 ./toolkit/lib/libgcc.a(_divdi3.o)
 .comment       0x00000000       0x1c ./toolkit/lib/libgcc.a(_divdi3.o)
 .eh_frame      0x00000000       0x40 ./toolkit/lib/libgcc.a(_divdi3.o)
 .data          0x00000000        0x0 ./toolkit/lib/libgcc.a(muldi3.o)
 .bss           0x00000000        0x0 ./toolkit/lib/libgcc.a(muldi3.o)
 .data          0x00000000        0x0 ./toolkit/lib/libgcc.a(div.o)
 .bss           0x00000000        0x0 ./toolkit/lib/libgcc.a(div.o)
 .text          0x00000000        0x0 ./toolkit/lib/libgcc.a(_clz.o)
 .data          0x00000000        0x0 ./toolkit/lib/libgcc.a(_clz.o)
 .bss           0x00000000        0x0 ./toolkit/lib/libgcc.a(_clz.o)
 .comment       0x00000000       0x1c ./toolkit/lib/libgcc.a(_clz.o)

Memory Configuration

Name             Origin             Length             Attributes
FLASH            0x00000000         0x00004000         xr
RAM              0x20000000         0x00000800         xrw
*default*        0x00000000         0xffffffff

Linker script and memory map

LOAD /tmp/ccIctkDD.o
LOAD /tmp/cceEu7mR.ltrans0.ltrans.o
LOAD /tmp/ccK4azdo.debug.temp.o
LOAD /tmp/ccq1ZYG5.debug.temp.o
LOAD /tmp/ccZkAbNr.debug.temp.o
LOAD /tmp/ccxMLZWy.debug.temp.o
LOAD /tmp/ccBXnNJ3.debug.temp.o
LOAD /tmp/ccNJcun4.debug.temp.o
LOAD /tmp/ccxpr7Vp.debug.temp.o
LOAD /tmp/ccINjpcQ.o
LOAD /tmp/cc8tqB0E.o
LOAD /tmp/ccXNBqdb.o
LOAD /tmp/ccHGhonv.o
LOAD /tmp/ccsLCrBU.o
LOAD /tmp/cca0CZhx.o
LOAD ./toolkit/lib/libgcc.a
LOAD ./toolkit/lib/libgcc.a
LOAD ./toolkit/lib/libgcc.a

.init           0x00000000       0xa0
                0x00000000                        _sinit = .
                0x00000000                        . = ALIGN (0x4)
 *(SORT_NONE(.init))
 .init          0x00000000       0x9e /tmp/cceEu7mR.ltrans0.ltrans.o
                0x00000000                InterruptVectorDefault
                0x00000000                InterruptVector
                0x000000a0                        . = ALIGN (0x4)
 *fill*         0x0000009e        0x2 
                0x000000a0                        _einit = .

.text           0x000000a0     0x1b24
                0x000000a0                        . = ALIGN (0x4)
 *(.text)
 .text          0x000000a0      0x482 ./toolkit/lib/libgcc.a(_divdi3.o)
                0x000000a0                __divdi3
 *fill*         0x00000522        0x2 
 .text          0x00000524       0x16 ./toolkit/lib/libgcc.a(muldi3.o)
                0x00000524                __mulsi3
 *fill*         0x0000053a        0x2 
 .text          0x0000053c       0x7e ./toolkit/lib/libgcc.a(div.o)
                0x0000053c                __divsi3
                0x00000544                __hidden___udivsi3
                0x00000544                __udivsi3
                0x00000570                __umodsi3
                0x00000594                __modsi3
 *(.text.*)
 .text.mini_pad
                0x000005ba       0x8a /tmp/cceEu7mR.ltrans0.ltrans.o
 .text._puts    0x00000644       0x40 /tmp/cceEu7mR.ltrans0.ltrans.o
 .text.PrintHex
                0x00000684       0x5a /tmp/cceEu7mR.ltrans0.ltrans.o
 .text.mini_itoa.part.0
                0x000006de       0xc0 /tmp/cceEu7mR.ltrans0.ltrans.o
 .text.gpio_set_mode
                0x0000079e       0x5c /tmp/cceEu7mR.ltrans0.ltrans.o
 .text.i2c_error
                0x000007fa       0x84 /tmp/cceEu7mR.ltrans0.ltrans.o
 .text.gpio_set_opamp_inputs.constprop.0
                0x0000087e       0x24 /tmp/cceEu7mR.ltrans0.ltrans.o
 .text.DelaySysTick.constprop.0
                0x000008a2       0x1a /tmp/cceEu7mR.ltrans0.ltrans.o
 .text.internal_handle_input.constprop.0
                0x000008bc        0xa /tmp/cceEu7mR.ltrans0.ltrans.o
 .text._write.constprop.0
                0x000008c6       0xe4 /tmp/cceEu7mR.ltrans0.ltrans.o
 .text.__puts_uart
                0x000009aa       0x14 /tmp/cceEu7mR.ltrans0.ltrans.o
 .text.i2c_write_reg
                0x000009be      0x21a /tmp/cceEu7mR.ltrans0.ltrans.o
 .text.handle_reset
                0x00000bd8       0x72 /tmp/cceEu7mR.ltrans0.ltrans.o
                0x00000bd8                handle_reset
 .text.vector_handler
                0x00000c4a       0x5a /tmp/cceEu7mR.ltrans0.ltrans.o
                0x00000c4a                EXTI2_IRQHandler
                0x00000c4a                TIM8_TRG_COM_IRQHandler
                0x00000c4a                TIM8_CC_IRQHandler
                0x00000c4a                UART8_IRQHandler
                0x00000c4a                TIM1_CC_IRQHandler
                0x00000c4a                HardFault_Handler
                0x00000c4a                GPIOB_IRQHandler
                0x00000c4a                USBPD_IRQHandler
                0x00000c4a                TIM6_IRQHandler
                0x00000c4a                GPIOA_IRQHandler
                0x00000c4a                PVD_IRQHandler
                0x00000c4a                SDIO_IRQHandler
                0x00000c4a                TIM9_BRK_IRQHandler
                0x00000c4a                DMA2_Channel8_IRQHandler
                0x00000c4a                CAN2_RX1_IRQHandler
                0x00000c4a                EXTI3_IRQHandler
                0x00000c4a                UART1_IRQHandler
                0x00000c4a                USBHS_IRQHandler
                0x00000c4a                DMA2_Channel9_IRQHandler
                0x00000c4a                TIM10_CC_IRQHandler
                0x00000c4a                EXTI25_16_IRQHandler
                0x00000c4a                USBFS_IRQHandler
                0x00000c4a                UART0_IRQHandler
                0x00000c4a                EXTI0_IRQHandler
                0x00000c4a                I2C2_EV_IRQHandler
                0x00000c4a                TIM10_TRG_COM_IRQHandler
                0x00000c4a                CAN2_SCE_IRQHandler
                0x00000c4a                ADC1_2_IRQHandler
                0x00000c4a                BB_IRQHandler
                0x00000c4a                Break_Point_Handler
                0x00000c4a                TIM2_CC_IRQHandler
                0x00000c4a                SPI1_IRQHandler
                0x00000c4a                TAMPER_IRQHandler
                0x00000c4a                TMR0_IRQHandler
                0x00000c4a                AWU_IRQHandler
                0x00000c4a                CAN2_RX0_IRQHandler
                0x00000c4a                OSCWakeUp_IRQHandler
                0x00000c4a                TIM8_UP_IRQHandler
                0x00000c4a                Ecall_M_Mode_Handler
                0x00000c4a                DMA2_Channel2_IRQHandler
                0x00000c4a                DMA1_Channel4_IRQHandler
                0x00000c4a                ADC1_IRQHandler
                0x00000c4a                TIM2_BRK_IRQHandler
                0x00000c4a                TIM9_UP_IRQHandler
                0x00000c4a                USART3_IRQHandler
                0x00000c4a                RTC_IRQHandler
                0x00000c4a                DMA1_Channel7_IRQHandler
                0x00000c4a                CAN1_RX1_IRQHandler
                0x00000c4a                DVP_IRQHandler
                0x00000c4a                UART5_IRQHandler
                0x00000c4a                EXTI15_8_IRQHandler
                0x00000c4a                TIM4_IRQHandler
                0x00000c4a                DMA2_Channel1_IRQHandler
                0x00000c4a                USBPD_WKUP_IRQHandler
                0x00000c4a                I2C1_EV_IRQHandler
                0x00000c4a                UART2_IRQHandler
                0x00000c4a                USART4_IRQHandler
                0x00000c4a                PWMX_IRQHandler
                0x00000c4a                DMA1_Channel6_IRQHandler
                0x00000c4a                UART4_IRQHandler
                0x00000c4a                DMA2_Channel4_IRQHandler
                0x00000c4a                TIM3_IRQHandler
                0x00000c4a                RCC_IRQHandler
                0x00000c4a                TIM1_TRG_COM_IRQHandler
                0x00000c4a                DMA1_Channel1_IRQHandler
                0x00000c4a                DMA2_Channel7_IRQHandler
                0x00000c4a                EXTI15_10_IRQHandler
                0x00000c4a                ADC_IRQHandler
                0x00000c4a                DMA1_Channel8_IRQHandler
                0x00000c4a                TMR2_IRQHandler
                0x00000c4a                DefaultIRQHandler
                0x00000c4a                TIM7_IRQHandler
                0x00000c4a                CAN2_TX_IRQHandler
                0x00000c4a                TIM5_IRQHandler
                0x00000c4a                USB_IRQHandler
                0x00000c4a                EXTI9_5_IRQHandler
                0x00000c4a                PIOC_IRQHandler
                0x00000c4a                SPI2_IRQHandler
                0x00000c4a                OSC32KCal_IRQHandler
                0x00000c4a                I2C_IRQHandler
                0x00000c4a                TIM10_BRK_IRQHandler
                0x00000c4a                TIM9_CC_IRQHandler
                0x00000c4a                DMA2_Channel5_IRQHandler
                0x00000c4a                USB2_IRQHandler
                0x00000c4a                USBHSWakeUp_IRQHandler
                0x00000c4a                DMA1_Channel5_IRQHandler
                0x00000c4a                EXTI4_IRQHandler
                0x00000c4a                USB_LP_CAN1_RX0_IRQHandler
                0x00000c4a                RNG_IRQHandler
                0x00000c4a                USB_HP_CAN1_TX_IRQHandler
                0x00000c4a                LLE_IRQHandler
                0x00000c4a                DMA1_Channel3_IRQHandler
                0x00000c4a                FSMC_IRQHandler
                0x00000c4a                ETH_IRQHandler
                0x00000c4a                TIM1_UP_IRQHandler
                0x00000c4a                WWDG_IRQHandler
                0x00000c4a                DMA2_Channel11_IRQHandler
                0x00000c4a                WDOG_BAT_IRQHandler
                0x00000c4a                Ecall_U_Mode_Handler
                0x00000c4a                TMR3_IRQHandler
                0x00000c4a                DMA2_Channel6_IRQHandler
                0x00000c4a                TIM2_IRQHandler
                0x00000c4a                SW_Handler
                0x00000c4a                TIM1_BRK_IRQHandler
                0x00000c4a                OPA_IRQHandler
                0x00000c4a                DMA2_Channel10_IRQHandler
                0x00000c4a                EXTI1_IRQHandler
                0x00000c4a                SPI0_IRQHandler
                0x00000c4a                RTCAlarm_IRQHandler
                0x00000c4a                TIM10_UP_IRQHandler
                0x00000c4a                TIM9_TRG_COM_IRQHandler
                0x00000c4a                UART7_IRQHandler
                0x00000c4a                USART2_IRQHandler
                0x00000c4a                UART6_IRQHandler
                0x00000c4a                ETHWakeUp_IRQHandler
                0x00000c4a                I2C2_ER_IRQHandler
                0x00000c4a                DMA1_Channel2_IRQHandler
                0x00000c4a                TIM8_BRK_IRQHandler
                0x00000c4a                TIM2_TRG_IRQHandler
                0x00000c4a                CAN1_SCE_IRQHandler
                0x00000c4a                FLASH_IRQHandler
                0x00000c4a                USBFSWakeUp_IRQHandler
                0x00000c4a                USART1_IRQHandler
                0x00000c4a                OTG_FS_IRQHandler
                0x00000c4a                SPI3_IRQHandler
                0x00000c4a                USBFS_WakeUp_IRQHandler
                0x00000c4a                UART3_IRQHandler
                0x00000c4a                I2C1_ER_IRQHandler
                0x00000c4a                TMR1_IRQHandler
                0x00000c4a                USBWakeUp_IRQHandler
                0x00000c4a                DMA2_Channel3_IRQHandler
                0x00000c96                NMI_Handler
                0x00000c96                NMI_RCC_CSS_IRQHandler
 .text.strlen   0x00000ca4       0x12 /tmp/cceEu7mR.ltrans0.ltrans.o
                0x00000ca4                strlen
 .text.mini_vpprintf
                0x00000cb6      0x1c2 /tmp/cceEu7mR.ltrans0.ltrans.o
 .text.printf   0x00000e78       0x24 /tmp/cceEu7mR.ltrans0.ltrans.o
                0x00000e78                printf
 .text.strchr   0x00000e9c       0x16 /tmp/cceEu7mR.ltrans0.ltrans.o
                0x00000e9c                strchr
 .text.memcpy   0x00000eb2       0x1c /tmp/cceEu7mR.ltrans0.ltrans.o
                0x00000eb2                memcpy
 .text.SystemInit
                0x00000ece       0x54 /tmp/cceEu7mR.ltrans0.ltrans.o
                0x00000ece                SystemInit
 .text.startup.main
                0x00000f22      0x888 /tmp/cceEu7mR.ltrans0.ltrans.o
                0x00000f22                main
 .text.SysTick_Handler
                0x000017aa       0x32 /tmp/cceEu7mR.ltrans0.ltrans.o
 .text.EXTI7_0_IRQHandler
                0x000017dc       0xc8 /tmp/cceEu7mR.ltrans0.ltrans.o
 *(.rodata)
 *fill*         0x000018a4        0x0 
 .rodata        0x000018a4      0x159 /tmp/cceEu7mR.ltrans0.ltrans.o
 *fill*         0x000019fd        0x3 
 .rodata        0x00001a00      0x100 ./toolkit/lib/libgcc.a(_clz.o)
                0x00001a00                __clz_tab
 *(.rodata*)
 .rodata.main.str1.4
                0x00001b00       0x1c /tmp/cceEu7mR.ltrans0.ltrans.o
 .rodata.GPIO_PORT_MAP
                0x00001b1c       0x10 /tmp/cceEu7mR.ltrans0.ltrans.o
 .rodata.rotenc_table
                0x00001b2c       0x10 /tmp/cceEu7mR.ltrans0.ltrans.o
 .rodata.font8x8_data
                0x00001b3c       0x78 /tmp/cceEu7mR.ltrans0.ltrans.o
 .rodata.font8x8_lut
                0x00001bb4       0x10 /tmp/cceEu7mR.ltrans0.ltrans.o
 *(.gnu.linkonce.t.*)
                0x00001bc4                        . = ALIGN (0x4)

.rela.dyn       0x00001bc4        0x0
 .rela.text.handle_reset
                0x00001bc4        0x0 /tmp/cceEu7mR.ltrans0.ltrans.o

.fini           0x00001bc4        0x0
 *(SORT_NONE(.fini))
                0x00001bc4                        . = ALIGN (0x4)
                [!provide]                        PROVIDE (_etext = .)
                [!provide]                        PROVIDE (_eitcm = .)

.preinit_array  0x00001bc4        0x0
                [!provide]                        PROVIDE (__preinit_array_start = .)
 *(.preinit_array)
                [!provide]                        PROVIDE (__preinit_array_end = .)

.init_array     0x00001bc4        0x0
                [!provide]                        PROVIDE (__init_array_start = .)
 *(SORT_BY_INIT_PRIORITY(.init_array.*) SORT_BY_INIT_PRIORITY(.ctors.*))
 *(.init_array EXCLUDE_FILE(*crtend?.o *crtend.o *crtbegin?.o *crtbegin.o) .ctors)
                [!provide]                        PROVIDE (__init_array_end = .)

.fini_array     0x00001bc4        0x0
                [!provide]                        PROVIDE (__fini_array_start = .)
 *(SORT_BY_INIT_PRIORITY(.fini_array.*) SORT_BY_INIT_PRIORITY(.dtors.*))
 *(.fini_array EXCLUDE_FILE(*crtend?.o *crtend.o *crtbegin?.o *crtbegin.o) .dtors)
                [!provide]                        PROVIDE (__fini_array_end = .)

.ctors
 *crtbegin.o(.ctors)
 *crtbegin?.o(.ctors)
 *(EXCLUDE_FILE(*crtend?.o *crtend.o) .ctors)
 *(SORT_BY_NAME(.ctors.*))
 *(.ctors)

.dtors
 *crtbegin.o(.dtors)
 *crtbegin?.o(.dtors)
 *(EXCLUDE_FILE(*crtend?.o *crtend.o) .dtors)
 *(SORT_BY_NAME(.dtors.*))
 *(.dtors)

.dalign         0x20000000        0x0 load address 0x00001bc4
                0x20000000                        . = ALIGN (0x4)
                0x20000000                        PROVIDE (_data_vma = .)

.dlalign        0x00001bc4        0x0
                0x00001bc4                        . = ALIGN (0x4)
                0x00001bc4                        PROVIDE (_data_lma = .)

.data           0x20000000       0x20 load address 0x00001bc4
                0x20000000                        . = ALIGN (0x4)
                0x200003fc                        __global_pointer$ = (. + 0x3fc)
 *(.gnu.linkonce.r.*)
 *(.data .data.*)
 .data.topbar_str.0
                0x20000000       0x11 /tmp/cceEu7mR.ltrans0.ltrans.o
 *(.gnu.linkonce.d.*)
                0x20000018                        . = ALIGN (0x8)
 *fill*         0x20000011        0x7 
 *(.sdata .sdata.*)
 .sdata.rotenc_prev_bitmask.1
                0x20000018        0x1 /tmp/cceEu7mR.ltrans0.ltrans.o
 *fill*         0x20000019        0x1 
 .sdata.led_val.2
                0x2000001a        0x2 /tmp/cceEu7mR.ltrans0.ltrans.o
 .sdata.led_inc.3
                0x2000001c        0x1 /tmp/cceEu7mR.ltrans0.ltrans.o
 *fill*         0x2000001d        0x1 
 .sdata.g_target_temperature
                0x2000001e        0x2 /tmp/cceEu7mR.ltrans0.ltrans.o
 *(.sdata2*)
 *(.gnu.linkonce.s.*)
                0x20000020                        . = ALIGN (0x8)
 *(.srodata.cst16)
 *(.srodata.cst8)
 *(.srodata.cst4)
 *(.srodata.cst2)
 *(.srodata .srodata.*)
                0x20000020                        . = ALIGN (0x4)
                0x20000020                        PROVIDE (_edata = .)

.bss            0x20000020      0x43c load address 0x00001be4
                0x20000020                        . = ALIGN (0x4)
                0x20000020                        PROVIDE (_sbss = .)
 *(.sbss*)
 .sbss.accumulator.0
                0x20000020        0x1 /tmp/cceEu7mR.ltrans0.ltrans.o
 *fill*         0x20000021        0x3 
 .sbss._i2c_timeout
                0x20000024        0x4 /tmp/cceEu7mR.ltrans0.ltrans.o
 .sbss._opamp_calibration_gain
                0x20000028        0x2 /tmp/cceEu7mR.ltrans0.ltrans.o
 .sbss._opamp_calibration_offset
                0x2000002a        0x2 /tmp/cceEu7mR.ltrans0.ltrans.o
 .sbss.average_index.0
                0x2000002c        0x1 /tmp/cceEu7mR.ltrans0.ltrans.o
 *fill*         0x2000002d        0x3 
 .sbss.rolling_sum.1
                0x20000030        0x4 /tmp/cceEu7mR.ltrans0.ltrans.o
 .sbss._oled_dev
                0x20000034        0x4 /tmp/cceEu7mR.ltrans0.ltrans.o
 .sbss.g_battery_current_ma
                0x20000038        0x2 /tmp/cceEu7mR.ltrans0.ltrans.o
 .sbss.g_battery_percentage
                0x2000003a        0x1 /tmp/cceEu7mR.ltrans0.ltrans.o
 *fill*         0x2000003b        0x1 
 .sbss.g_battery_voltage_mv
                0x2000003c        0x2 /tmp/cceEu7mR.ltrans0.ltrans.o
 *fill*         0x2000003e        0x2 
 .sbss.heater_pwm.4
                0x20000040        0x4 /tmp/cceEu7mR.ltrans0.ltrans.o
 .sbss.g_rotary_encoder_clicks
                0x20000044        0x2 /tmp/cceEu7mR.ltrans0.ltrans.o
 .sbss.g_heater_enabled
                0x20000046        0x1 /tmp/cceEu7mR.ltrans0.ltrans.o
 *fill*         0x20000047        0x1 
 .sbss.g_systick_millis
                0x20000048        0x4 /tmp/cceEu7mR.ltrans0.ltrans.o
 *(.gnu.linkonce.sb.*)
 *(.bss*)
 .bss._average_current_buffer
                0x2000004c       0x10 /tmp/cceEu7mR.ltrans0.ltrans.o
 .bss._oled_buffer
                0x2000005c      0x400 /tmp/cceEu7mR.ltrans0.ltrans.o
 *(.gnu.linkonce.b.*)
 *(COMMON*)
                0x2000045c                        . = ALIGN (0x4)
                0x2000045c                        PROVIDE (_ebss = .)
                [!provide]                        PROVIDE (_end = _ebss)
                [!provide]                        PROVIDE (end = .)
                0x20000800                        PROVIDE (_eusrstack = (ORIGIN (RAM) + LENGTH (RAM)))

/DISCARD/
 *(.note .note.*)
 *(.eh_frame .eh_frame.*)
 *(.comment .comment.*)
 *(.ARM.extab* .gnu.linkonce.armextab.*)
 *(.ARM.exidx*)
OUTPUT(build/tcrhmag.elf elf32-littleriscv)

.riscv.attributes
                0x00000000       0x25
 .riscv.attributes
                0x00000000       0x25 /tmp/cceEu7mR.ltrans0.ltrans.o
 .riscv.attributes
                0x00000025       0x21 ./toolkit/lib/libgcc.a(_divdi3.o)
 .riscv.attributes
                0x00000046       0x1f ./toolkit/lib/libgcc.a(muldi3.o)
 .riscv.attributes
                0x00000065       0x1f ./toolkit/lib/libgcc.a(div.o)
 .riscv.attributes
                0x00000084       0x21 ./toolkit/lib/libgcc.a(_clz.o)

.debug_info     0x00000000     0x6596
 .debug_info    0x00000000     0x1f0d /tmp/cceEu7mR.ltrans0.ltrans.o
 .debug_info    0x00001f0d     0x10b4 /tmp/ccK4azdo.debug.temp.o
                0x00001f0d                ch32fun.c.e1d0904f
 .debug_info    0x00002fc1     0x11cd /tmp/ccq1ZYG5.debug.temp.o
                0x00002fc1                tcrhmag.c.192e67d5
 .debug_info    0x0000418e      0x35b /tmp/ccZkAbNr.debug.temp.o
                0x0000418e                battery.c.a40a2036
 .debug_info    0x000044e9      0x6db /tmp/ccxMLZWy.debug.temp.o
                0x000044e9                lib_gpioctrl.c.9b7c6186
 .debug_info    0x00004bc4      0x903 /tmp/ccBXnNJ3.debug.temp.o
                0x00004bc4                lib_i2c.c.771b9666
 .debug_info    0x000054c7      0x1ae /tmp/ccNJcun4.debug.temp.o
                0x000054c7                lib_pid.c.7f95fc39
 .debug_info    0x00005675      0x445 /tmp/ccxpr7Vp.debug.temp.o
                0x00005675                oled.c.04b219ef
 .debug_info    0x00005aba      0x976 ./toolkit/lib/libgcc.a(_divdi3.o)
 .debug_info    0x00006430       0x31 ./toolkit/lib/libgcc.a(muldi3.o)
 .debug_info    0x00006461       0x5d ./toolkit/lib/libgcc.a(div.o)
 .debug_info    0x000064be       0xd8 ./toolkit/lib/libgcc.a(_clz.o)

.debug_abbrev   0x00000000     0x1181
 .debug_abbrev  0x00000000      0x232 /tmp/cceEu7mR.ltrans0.ltrans.o
 .debug_abbrev  0x00000232      0x258 /tmp/ccK4azdo.debug.temp.o
 .debug_abbrev  0x0000048a      0x30b /tmp/ccq1ZYG5.debug.temp.o
 .debug_abbrev  0x00000795      0x14a /tmp/ccZkAbNr.debug.temp.o
 .debug_abbrev  0x000008df      0x18b /tmp/ccxMLZWy.debug.temp.o
 .debug_abbrev  0x00000a6a      0x23e /tmp/ccBXnNJ3.debug.temp.o
 .debug_abbrev  0x00000ca8       0xe5 /tmp/ccNJcun4.debug.temp.o
 .debug_abbrev  0x00000d8d      0x14b /tmp/ccxpr7Vp.debug.temp.o
 .debug_abbrev  0x00000ed8      0x1e9 ./toolkit/lib/libgcc.a(_divdi3.o)
 .debug_abbrev  0x000010c1       0x28 ./toolkit/lib/libgcc.a(muldi3.o)
 .debug_abbrev  0x000010e9       0x28 ./toolkit/lib/libgcc.a(div.o)
 .debug_abbrev  0x00001111       0x70 ./toolkit/lib/libgcc.a(_clz.o)

.debug_loclists
                0x00000000     0x2be4
 .debug_loclists
                0x00000000     0x1e87 /tmp/cceEu7mR.ltrans0.ltrans.o
 .debug_loclists
                0x00001e87      0xd5d ./toolkit/lib/libgcc.a(_divdi3.o)

.debug_aranges  0x00000000      0x1f8
 .debug_aranges
                0x00000000      0x180 /tmp/cceEu7mR.ltrans0.ltrans.o
 .debug_aranges
                0x00000180       0x20 ./toolkit/lib/libgcc.a(_divdi3.o)
 .debug_aranges
                0x000001a0       0x20 ./toolkit/lib/libgcc.a(muldi3.o)
 .debug_aranges
                0x000001c0       0x20 ./toolkit/lib/libgcc.a(div.o)
 .debug_aranges
                0x000001e0       0x18 ./toolkit/lib/libgcc.a(_clz.o)

.debug_rnglists
                0x00000000      0x59a
 .debug_rnglists
                0x00000000      0x4a4 /tmp/cceEu7mR.ltrans0.ltrans.o
 .debug_rnglists
                0x000004a4       0xf6 ./toolkit/lib/libgcc.a(_divdi3.o)

.debug_line     0x00000000     0x5482
 .debug_line    0x00000000     0x4750 /tmp/cceEu7mR.ltrans0.ltrans.o
 .debug_line    0x00004750       0x72 /tmp/ccK4azdo.debug.temp.o
 .debug_line    0x000047c2       0x81 /tmp/ccq1ZYG5.debug.temp.o
 .debug_line    0x00004843       0x68 /tmp/ccZkAbNr.debug.temp.o
 .debug_line    0x000048ab       0x51 /tmp/ccxMLZWy.debug.temp.o
 .debug_line    0x000048fc       0x68 /tmp/ccBXnNJ3.debug.temp.o
 .debug_line    0x00004964       0x51 /tmp/ccNJcun4.debug.temp.o
 .debug_line    0x000049b5       0x71 /tmp/ccxpr7Vp.debug.temp.o
 .debug_line    0x00004a26      0x850 ./toolkit/lib/libgcc.a(_divdi3.o)
 .debug_line    0x00005276       0x7a ./toolkit/lib/libgcc.a(muldi3.o)
 .debug_line    0x000052f0      0x153 ./toolkit/lib/libgcc.a(div.o)
 .debug_line    0x00005443       0x3f ./toolkit/lib/libgcc.a(_clz.o)

.debug_str      0x00000000     0x1bc3
 .debug_str     0x00000000     0x1bc3 /tmp/cceEu7mR.ltrans0.ltrans.o
                                0x195 (size before relaxing)
 .debug_str     0x00001bc3      0x6c0 /tmp/ccK4azdo.debug.temp.o
 .debug_str     0x00001bc3      0xfa8 /tmp/ccq1ZYG5.debug.temp.o
 .debug_str     0x00001bc3      0x415 /tmp/ccZkAbNr.debug.temp.o
 .debug_str     0x00001bc3      0x7a4 /tmp/ccxMLZWy.debug.temp.o
 .debug_str     0x00001bc3      0x519 /tmp/ccBXnNJ3.debug.temp.o
 .debug_str     0x00001bc3      0x1bc /tmp/ccNJcun4.debug.temp.o
 .debug_str     0x00001bc3      0x37b /tmp/ccxpr7Vp.debug.temp.o
 .debug_str     0x00001bc3      0x276 ./toolkit/lib/libgcc.a(_divdi3.o)
 .debug_str     0x00001bc3       0xac ./toolkit/lib/libgcc.a(muldi3.o)
 .debug_str     0x00001bc3       0xd9 ./toolkit/lib/libgcc.a(div.o)
 .debug_str     0x00001bc3      0x19b ./toolkit/lib/libgcc.a(_clz.o)

.debug_line_str
                0x00000000      0x2ea
 .debug_line_str
                0x00000000      0x2ea /tmp/cceEu7mR.ltrans0.ltrans.o
                                0x114 (size before relaxing)
 .debug_line_str
                0x000002ea      0x152 /tmp/ccK4azdo.debug.temp.o
 .debug_line_str
                0x000002ea      0x148 /tmp/ccq1ZYG5.debug.temp.o
 .debug_line_str
                0x000002ea      0x112 /tmp/ccZkAbNr.debug.temp.o
 .debug_line_str
                0x000002ea       0xd0 /tmp/ccxMLZWy.debug.temp.o
 .debug_line_str
                0x000002ea      0x11d /tmp/ccBXnNJ3.debug.temp.o
 .debug_line_str
                0x000002ea       0xc1 /tmp/ccNJcun4.debug.temp.o
 .debug_line_str
                0x000002ea      0x13e /tmp/ccxpr7Vp.debug.temp.o
 .debug_line_str
                0x000002ea      0x126 ./toolkit/lib/libgcc.a(_divdi3.o)
 .debug_line_str
                0x000002ea       0x95 ./toolkit/lib/libgcc.a(muldi3.o)
 .debug_line_str
                0x000002ea       0x92 ./toolkit/lib/libgcc.a(div.o)
 .debug_line_str
                0x000002ea      0x126 ./toolkit/lib/libgcc.a(_clz.o)

.debug_frame    0x00000000      0x460
 .debug_frame   0x00000000      0x460 /tmp/cceEu7mR.ltrans0.ltrans.o
