Archive member included to satisfy reference by file (symbol)

./toolkit/lib/libgcc.a(muldi3.o)
                              /tmp/cczTccgX.ltrans0.ltrans.o (__mulsi3)
./toolkit/lib/libgcc.a(div.o)
                              /tmp/cczTccgX.ltrans0.ltrans.o (__divsi3)

Discarded input sections

 .text          0x00000000        0x0 /tmp/cczTccgX.ltrans0.ltrans.o
 .data          0x00000000        0x0 /tmp/cczTccgX.ltrans0.ltrans.o
 .bss           0x00000000        0x0 /tmp/cczTccgX.ltrans0.ltrans.o
 .text.vprintf  0x00000000       0x16 /tmp/cczTccgX.ltrans0.ltrans.o
 .text.mini_vsnprintf
                0x00000000       0x42 /tmp/cczTccgX.ltrans0.ltrans.o
 .text.snprintf
                0x00000000       0x1c /tmp/cczTccgX.ltrans0.ltrans.o
 .text.sprintf  0x00000000       0x26 /tmp/cczTccgX.ltrans0.ltrans.o
 .text.memset   0x00000000       0x12 /tmp/cczTccgX.ltrans0.ltrans.o
 .text.strcpy   0x00000000       0x14 /tmp/cczTccgX.ltrans0.ltrans.o
 .text.strncpy  0x00000000       0x1c /tmp/cczTccgX.ltrans0.ltrans.o
 .text.strcmp   0x00000000       0x1a /tmp/cczTccgX.ltrans0.ltrans.o
 .text.strncmp  0x00000000       0x2e /tmp/cczTccgX.ltrans0.ltrans.o
 .text.strchr   0x00000000       0x16 /tmp/cczTccgX.ltrans0.ltrans.o
 .text.strrchr  0x00000000       0x3c /tmp/cczTccgX.ltrans0.ltrans.o
 .text.memcpy   0x00000000       0x1c /tmp/cczTccgX.ltrans0.ltrans.o
 .text.memcmp   0x00000000       0x20 /tmp/cczTccgX.ltrans0.ltrans.o
 .text.memmove  0x00000000       0x5e /tmp/cczTccgX.ltrans0.ltrans.o
 .text.memchr   0x00000000       0x1a /tmp/cczTccgX.ltrans0.ltrans.o
 .text.strnlen  0x00000000       0x2a /tmp/cczTccgX.ltrans0.ltrans.o
 .text.twoway_strstr
                0x00000000      0x232 /tmp/cczTccgX.ltrans0.ltrans.o
 .text.strstr   0x00000000      0x11c /tmp/cczTccgX.ltrans0.ltrans.o
 .rodata.puts.str1.4
                0x00000000        0x2 /tmp/cczTccgX.ltrans0.ltrans.o
 .text.puts     0x00000000       0x40 /tmp/cczTccgX.ltrans0.ltrans.o
 .text.setjmp   0x00000000       0x10 /tmp/cczTccgX.ltrans0.ltrans.o
 .text.longjmp  0x00000000       0x14 /tmp/cczTccgX.ltrans0.ltrans.o
 .text.putchar  0x00000000       0x68 /tmp/cczTccgX.ltrans0.ltrans.o
 .rodata.APBAHBPrescTable.lto_priv.0
                0x00000000       0x10 /tmp/cczTccgX.ltrans0.ltrans.o
 .rodata.ADCPrescTable.lto_priv.0
                0x00000000       0x14 /tmp/cczTccgX.ltrans0.ltrans.o
 .rodata.APBAHBPrescTable.lto_priv.1
                0x00000000       0x10 /tmp/cczTccgX.ltrans0.ltrans.o
 .rodata.ADCPrescTable.lto_priv.1
                0x00000000       0x14 /tmp/cczTccgX.ltrans0.ltrans.o
 .comment       0x00000000       0x24 /tmp/cczTccgX.ltrans0.ltrans.o
 .note.GNU-stack
                0x00000000        0x0 /tmp/cczTccgX.ltrans0.ltrans.o
 .comment       0x00000000       0x24 /tmp/cccfgK01.debug.temp.o
 .note.GNU-stack
                0x00000000        0x0 /tmp/cccfgK01.debug.temp.o
 .comment       0x00000000       0x24 /tmp/ccTufGr0.debug.temp.o
 .note.GNU-stack
                0x00000000        0x0 /tmp/ccTufGr0.debug.temp.o
 .comment       0x00000000       0x24 /tmp/cc7Bbw6l.debug.temp.o
 .note.GNU-stack
                0x00000000        0x0 /tmp/cc7Bbw6l.debug.temp.o
 .debug_info    0x00000000       0x1e /tmp/cc4Um2vd.debug.temp.o
 .debug_abbrev  0x00000000       0x10 /tmp/cc4Um2vd.debug.temp.o
 .debug_line    0x00000000       0x31 /tmp/cc4Um2vd.debug.temp.o
 .debug_str     0x00000000       0x97 /tmp/cc4Um2vd.debug.temp.o
 .debug_line_str
                0x00000000       0x3e /tmp/cc4Um2vd.debug.temp.o
 .comment       0x00000000       0x24 /tmp/cc4Um2vd.debug.temp.o
 .note.GNU-stack
                0x00000000        0x0 /tmp/cc4Um2vd.debug.temp.o
 .data          0x00000000        0x0 ./toolkit/lib/libgcc.a(muldi3.o)
 .bss           0x00000000        0x0 ./toolkit/lib/libgcc.a(muldi3.o)
 .data          0x00000000        0x0 ./toolkit/lib/libgcc.a(div.o)
 .bss           0x00000000        0x0 ./toolkit/lib/libgcc.a(div.o)

Memory Configuration

Name             Origin             Length             Attributes
FLASH            0x00000000         0x00004000         xr
RAM              0x20000000         0x00000800         xrw
*default*        0x00000000         0xffffffff

Linker script and memory map

LOAD /tmp/cc2wV3LG.o
LOAD /tmp/cczTccgX.ltrans0.ltrans.o
LOAD /tmp/cccfgK01.debug.temp.o
LOAD /tmp/ccTufGr0.debug.temp.o
LOAD /tmp/cc7Bbw6l.debug.temp.o
LOAD /tmp/cc4Um2vd.debug.temp.o
LOAD /tmp/cc2ru3Xc.o
LOAD /tmp/cco1L1qJ.o
LOAD /tmp/ccY1CfJL.o
LOAD ./toolkit/lib/libgcc.a
LOAD ./toolkit/lib/libgcc.a
LOAD ./toolkit/lib/libgcc.a

.init           0x00000000       0xa0
                0x00000000                        _sinit = .
                0x00000000                        . = ALIGN (0x4)
 *(SORT_NONE(.init))
 .init          0x00000000       0x9e /tmp/cczTccgX.ltrans0.ltrans.o
                0x00000000                InterruptVectorDefault
                0x00000000                InterruptVector
                0x000000a0                        . = ALIGN (0x4)
 *fill*         0x0000009e        0x2 
                0x000000a0                        _einit = .

.text           0x000000a0      0xb44
                0x000000a0                        . = ALIGN (0x4)
 *(.text)
 .text          0x000000a0       0x16 ./toolkit/lib/libgcc.a(muldi3.o)
                0x000000a0                __mulsi3
 *fill*         0x000000b6        0x2 
 .text          0x000000b8       0x7e ./toolkit/lib/libgcc.a(div.o)
                0x000000b8                __divsi3
                0x000000c0                __hidden___udivsi3
                0x000000c0                __udivsi3
                0x000000ec                __umodsi3
                0x00000110                __modsi3
 *(.text.*)
 .text.mini_pad
                0x00000136       0x8a /tmp/cczTccgX.ltrans0.ltrans.o
 .text._puts    0x000001c0       0x40 /tmp/cczTccgX.ltrans0.ltrans.o
 .text.PrintHex
                0x00000200       0x5a /tmp/cczTccgX.ltrans0.ltrans.o
 .text.mini_itoa.part.0
                0x0000025a       0xc0 /tmp/cczTccgX.ltrans0.ltrans.o
 .text.gpio_set_mode
                0x0000031a       0x46 /tmp/cczTccgX.ltrans0.ltrans.o
 .text.internal_handle_input.constprop.0
                0x00000360        0xa /tmp/cczTccgX.ltrans0.ltrans.o
 .text._write.constprop.0
                0x0000036a       0xe4 /tmp/cczTccgX.ltrans0.ltrans.o
 .text.__puts_uart
                0x0000044e       0x14 /tmp/cczTccgX.ltrans0.ltrans.o
 .text.handle_reset
                0x00000462       0x70 /tmp/cczTccgX.ltrans0.ltrans.o
                0x00000462                handle_reset
 .text.vector_handler
                0x000004d2       0x5a /tmp/cczTccgX.ltrans0.ltrans.o
                0x000004d2                EXTI2_IRQHandler
                0x000004d2                TIM8_TRG_COM_IRQHandler
                0x000004d2                TIM8_CC_IRQHandler
                0x000004d2                UART8_IRQHandler
                0x000004d2                TIM1_CC_IRQHandler
                0x000004d2                HardFault_Handler
                0x000004d2                GPIOB_IRQHandler
                0x000004d2                USBPD_IRQHandler
                0x000004d2                TIM6_IRQHandler
                0x000004d2                GPIOA_IRQHandler
                0x000004d2                PVD_IRQHandler
                0x000004d2                SDIO_IRQHandler
                0x000004d2                TIM9_BRK_IRQHandler
                0x000004d2                DMA2_Channel8_IRQHandler
                0x000004d2                CAN2_RX1_IRQHandler
                0x000004d2                EXTI3_IRQHandler
                0x000004d2                UART1_IRQHandler
                0x000004d2                USBHS_IRQHandler
                0x000004d2                DMA2_Channel9_IRQHandler
                0x000004d2                TIM10_CC_IRQHandler
                0x000004d2                EXTI25_16_IRQHandler
                0x000004d2                USBFS_IRQHandler
                0x000004d2                UART0_IRQHandler
                0x000004d2                EXTI0_IRQHandler
                0x000004d2                I2C2_EV_IRQHandler
                0x000004d2                TIM10_TRG_COM_IRQHandler
                0x000004d2                CAN2_SCE_IRQHandler
                0x000004d2                ADC1_2_IRQHandler
                0x000004d2                BB_IRQHandler
                0x000004d2                Break_Point_Handler
                0x000004d2                TIM2_CC_IRQHandler
                0x000004d2                SPI1_IRQHandler
                0x000004d2                TAMPER_IRQHandler
                0x000004d2                TMR0_IRQHandler
                0x000004d2                AWU_IRQHandler
                0x000004d2                EXTI7_0_IRQHandler
                0x000004d2                CAN2_RX0_IRQHandler
                0x000004d2                OSCWakeUp_IRQHandler
                0x000004d2                TIM8_UP_IRQHandler
                0x000004d2                Ecall_M_Mode_Handler
                0x000004d2                DMA2_Channel2_IRQHandler
                0x000004d2                DMA1_Channel4_IRQHandler
                0x000004d2                ADC1_IRQHandler
                0x000004d2                TIM2_BRK_IRQHandler
                0x000004d2                TIM9_UP_IRQHandler
                0x000004d2                USART3_IRQHandler
                0x000004d2                RTC_IRQHandler
                0x000004d2                DMA1_Channel7_IRQHandler
                0x000004d2                CAN1_RX1_IRQHandler
                0x000004d2                DVP_IRQHandler
                0x000004d2                UART5_IRQHandler
                0x000004d2                EXTI15_8_IRQHandler
                0x000004d2                TIM4_IRQHandler
                0x000004d2                DMA2_Channel1_IRQHandler
                0x000004d2                USBPD_WKUP_IRQHandler
                0x000004d2                I2C1_EV_IRQHandler
                0x000004d2                UART2_IRQHandler
                0x000004d2                USART4_IRQHandler
                0x000004d2                PWMX_IRQHandler
                0x000004d2                DMA1_Channel6_IRQHandler
                0x000004d2                UART4_IRQHandler
                0x000004d2                DMA2_Channel4_IRQHandler
                0x000004d2                TIM3_IRQHandler
                0x000004d2                RCC_IRQHandler
                0x000004d2                TIM1_TRG_COM_IRQHandler
                0x000004d2                DMA1_Channel1_IRQHandler
                0x000004d2                DMA2_Channel7_IRQHandler
                0x000004d2                EXTI15_10_IRQHandler
                0x000004d2                ADC_IRQHandler
                0x000004d2                DMA1_Channel8_IRQHandler
                0x000004d2                TMR2_IRQHandler
                0x000004d2                DefaultIRQHandler
                0x000004d2                TIM7_IRQHandler
                0x000004d2                CAN2_TX_IRQHandler
                0x000004d2                TIM5_IRQHandler
                0x000004d2                USB_IRQHandler
                0x000004d2                EXTI9_5_IRQHandler
                0x000004d2                PIOC_IRQHandler
                0x000004d2                SPI2_IRQHandler
                0x000004d2                OSC32KCal_IRQHandler
                0x000004d2                I2C_IRQHandler
                0x000004d2                TIM10_BRK_IRQHandler
                0x000004d2                TIM9_CC_IRQHandler
                0x000004d2                DMA2_Channel5_IRQHandler
                0x000004d2                USB2_IRQHandler
                0x000004d2                USBHSWakeUp_IRQHandler
                0x000004d2                DMA1_Channel5_IRQHandler
                0x000004d2                EXTI4_IRQHandler
                0x000004d2                USB_LP_CAN1_RX0_IRQHandler
                0x000004d2                RNG_IRQHandler
                0x000004d2                USB_HP_CAN1_TX_IRQHandler
                0x000004d2                LLE_IRQHandler
                0x000004d2                DMA1_Channel3_IRQHandler
                0x000004d2                FSMC_IRQHandler
                0x000004d2                ETH_IRQHandler
                0x000004d2                TIM1_UP_IRQHandler
                0x000004d2                WWDG_IRQHandler
                0x000004d2                DMA2_Channel11_IRQHandler
                0x000004d2                WDOG_BAT_IRQHandler
                0x000004d2                Ecall_U_Mode_Handler
                0x000004d2                TMR3_IRQHandler
                0x000004d2                DMA2_Channel6_IRQHandler
                0x000004d2                TIM2_IRQHandler
                0x000004d2                SW_Handler
                0x000004d2                TIM1_BRK_IRQHandler
                0x000004d2                OPA_IRQHandler
                0x000004d2                DMA2_Channel10_IRQHandler
                0x000004d2                EXTI1_IRQHandler
                0x000004d2                SPI0_IRQHandler
                0x000004d2                RTCAlarm_IRQHandler
                0x000004d2                TIM10_UP_IRQHandler
                0x000004d2                TIM9_TRG_COM_IRQHandler
                0x000004d2                UART7_IRQHandler
                0x000004d2                USART2_IRQHandler
                0x000004d2                UART6_IRQHandler
                0x000004d2                ETHWakeUp_IRQHandler
                0x000004d2                I2C2_ER_IRQHandler
                0x000004d2                DMA1_Channel2_IRQHandler
                0x000004d2                TIM8_BRK_IRQHandler
                0x000004d2                TIM2_TRG_IRQHandler
                0x000004d2                CAN1_SCE_IRQHandler
                0x000004d2                FLASH_IRQHandler
                0x000004d2                USBFSWakeUp_IRQHandler
                0x000004d2                USART1_IRQHandler
                0x000004d2                OTG_FS_IRQHandler
                0x000004d2                SPI3_IRQHandler
                0x000004d2                USBFS_WakeUp_IRQHandler
                0x000004d2                UART3_IRQHandler
                0x000004d2                I2C1_ER_IRQHandler
                0x000004d2                TMR1_IRQHandler
                0x000004d2                USBWakeUp_IRQHandler
                0x000004d2                DMA2_Channel3_IRQHandler
                0x0000051e                NMI_Handler
                0x0000051e                NMI_RCC_CSS_IRQHandler
 .text.strlen   0x0000052c       0x12 /tmp/cczTccgX.ltrans0.ltrans.o
                0x0000052c                strlen
 .text.mini_vpprintf
                0x0000053e      0x1bc /tmp/cczTccgX.ltrans0.ltrans.o
 .text.printf   0x000006fa       0x22 /tmp/cczTccgX.ltrans0.ltrans.o
                0x000006fa                printf
 .text.SystemInit
                0x0000071c       0x54 /tmp/cczTccgX.ltrans0.ltrans.o
                0x0000071c                SystemInit
 .text.startup.main
                0x00000770      0x2e4 /tmp/cczTccgX.ltrans0.ltrans.o
                0x00000770                main
 .text.SysTick_Handler
                0x00000a54       0x32 /tmp/cczTccgX.ltrans0.ltrans.o
 *(.rodata)
 *fill*         0x00000a86        0x2 
 .rodata        0x00000a88      0x130 /tmp/cczTccgX.ltrans0.ltrans.o
 *(.rodata*)
 .rodata.main.str1.4
                0x00000bb8       0x1a /tmp/cczTccgX.ltrans0.ltrans.o
 *fill*         0x00000bd2        0x2 
 .rodata.GPIO_PORT_MAP
                0x00000bd4       0x10 /tmp/cczTccgX.ltrans0.ltrans.o
 *(.gnu.linkonce.t.*)
                0x00000be4                        . = ALIGN (0x4)

.rela.dyn       0x00000be4        0x0
 .rela.text.handle_reset
                0x00000be4        0x0 /tmp/cczTccgX.ltrans0.ltrans.o

.fini           0x00000be4        0x0
 *(SORT_NONE(.fini))
                0x00000be4                        . = ALIGN (0x4)
                [!provide]                        PROVIDE (_etext = .)
                [!provide]                        PROVIDE (_eitcm = .)

.preinit_array  0x00000be4        0x0
                [!provide]                        PROVIDE (__preinit_array_start = .)
 *(.preinit_array)
                [!provide]                        PROVIDE (__preinit_array_end = .)

.init_array     0x00000be4        0x0
                [!provide]                        PROVIDE (__init_array_start = .)
 *(SORT_BY_INIT_PRIORITY(.init_array.*) SORT_BY_INIT_PRIORITY(.ctors.*))
 *(.init_array EXCLUDE_FILE(*crtend?.o *crtend.o *crtbegin?.o *crtbegin.o) .ctors)
                [!provide]                        PROVIDE (__init_array_end = .)

.fini_array     0x00000be4        0x0
                [!provide]                        PROVIDE (__fini_array_start = .)
 *(SORT_BY_INIT_PRIORITY(.fini_array.*) SORT_BY_INIT_PRIORITY(.dtors.*))
 *(.fini_array EXCLUDE_FILE(*crtend?.o *crtend.o *crtbegin?.o *crtbegin.o) .dtors)
                [!provide]                        PROVIDE (__fini_array_end = .)

.ctors
 *crtbegin.o(.ctors)
 *crtbegin?.o(.ctors)
 *(EXCLUDE_FILE(*crtend?.o *crtend.o) .ctors)
 *(SORT_BY_NAME(.ctors.*))
 *(.ctors)

.dtors
 *crtbegin.o(.dtors)
 *crtbegin?.o(.dtors)
 *(EXCLUDE_FILE(*crtend?.o *crtend.o) .dtors)
 *(SORT_BY_NAME(.dtors.*))
 *(.dtors)

.dalign         0x20000000        0x0 load address 0x00000be4
                0x20000000                        . = ALIGN (0x4)
                0x20000000                        PROVIDE (_data_vma = .)

.dlalign        0x00000be4        0x0
                0x00000be4                        . = ALIGN (0x4)
                0x00000be4                        PROVIDE (_data_lma = .)

.data           0x20000000       0x10 load address 0x00000be4
                0x20000000                        . = ALIGN (0x4)
                0x200003fc                        __global_pointer$ = (. + 0x3fc)
 *(.gnu.linkonce.r.*)
 *(.data .data.*)
 .data.heater_pid
                0x20000000       0x10 /tmp/cczTccgX.ltrans0.ltrans.o
 *(.gnu.linkonce.d.*)
                0x20000010                        . = ALIGN (0x8)
 *(.sdata .sdata.*)
 *(.sdata2*)
 *(.gnu.linkonce.s.*)
                0x20000010                        . = ALIGN (0x8)
 *(.srodata.cst16)
 *(.srodata.cst8)
 *(.srodata.cst4)
 *(.srodata.cst2)
 *(.srodata .srodata.*)
                0x20000010                        . = ALIGN (0x4)
                0x20000010                        PROVIDE (_edata = .)

.bss            0x20000010        0x4 load address 0x00000bf4
                0x20000010                        . = ALIGN (0x4)
                0x20000010                        PROVIDE (_sbss = .)
 *(.sbss*)
 .sbss.g_systick_millis
                0x20000010        0x4 /tmp/cczTccgX.ltrans0.ltrans.o
 *(.gnu.linkonce.sb.*)
 *(.bss*)
 *(.gnu.linkonce.b.*)
 *(COMMON*)
                0x20000014                        . = ALIGN (0x4)
                0x20000014                        PROVIDE (_ebss = .)
                [!provide]                        PROVIDE (_end = _ebss)
                [!provide]                        PROVIDE (end = .)
                0x20000800                        PROVIDE (_eusrstack = (ORIGIN (RAM) + LENGTH (RAM)))

/DISCARD/
 *(.note .note.*)
 *(.eh_frame .eh_frame.*)
 *(.comment .comment.*)
 *(.ARM.extab* .gnu.linkonce.armextab.*)
 *(.ARM.exidx*)
OUTPUT(build/tcrhmag.elf elf32-littleriscv)

.riscv.attributes
                0x00000000       0x25
 .riscv.attributes
                0x00000000       0x25 /tmp/cczTccgX.ltrans0.ltrans.o
 .riscv.attributes
                0x00000025       0x1f ./toolkit/lib/libgcc.a(muldi3.o)
 .riscv.attributes
                0x00000044       0x1f ./toolkit/lib/libgcc.a(div.o)

.debug_info     0x00000000     0x3822
 .debug_info    0x00000000     0x134a /tmp/cczTccgX.ltrans0.ltrans.o
 .debug_info    0x0000134a     0x10b4 /tmp/cccfgK01.debug.temp.o
                0x0000134a                ch32fun.c.e1d0904f
 .debug_info    0x000023fe      0xcbb /tmp/ccTufGr0.debug.temp.o
                0x000023fe                tcrhmag.c.954a6546
 .debug_info    0x000030b9      0x6db /tmp/cc7Bbw6l.debug.temp.o
                0x000030b9                lib_gpioctrl.c.9b7c6186
 .debug_info    0x00003794       0x31 ./toolkit/lib/libgcc.a(muldi3.o)
 .debug_info    0x000037c5       0x5d ./toolkit/lib/libgcc.a(div.o)

.debug_abbrev   0x00000000      0x895
 .debug_abbrev  0x00000000      0x1bf /tmp/cczTccgX.ltrans0.ltrans.o
 .debug_abbrev  0x000001bf      0x258 /tmp/cccfgK01.debug.temp.o
 .debug_abbrev  0x00000417      0x2a3 /tmp/ccTufGr0.debug.temp.o
 .debug_abbrev  0x000006ba      0x18b /tmp/cc7Bbw6l.debug.temp.o
 .debug_abbrev  0x00000845       0x28 ./toolkit/lib/libgcc.a(muldi3.o)
 .debug_abbrev  0x0000086d       0x28 ./toolkit/lib/libgcc.a(div.o)

.debug_loclists
                0x00000000     0x1740
 .debug_loclists
                0x00000000     0x1740 /tmp/cczTccgX.ltrans0.ltrans.o

.debug_aranges  0x00000000      0x198
 .debug_aranges
                0x00000000      0x158 /tmp/cczTccgX.ltrans0.ltrans.o
 .debug_aranges
                0x00000158       0x20 ./toolkit/lib/libgcc.a(muldi3.o)
 .debug_aranges
                0x00000178       0x20 ./toolkit/lib/libgcc.a(div.o)

.debug_rnglists
                0x00000000      0x226
 .debug_rnglists
                0x00000000      0x226 /tmp/cczTccgX.ltrans0.ltrans.o

.debug_line     0x00000000     0x3096
 .debug_line    0x00000000     0x2d99 /tmp/cczTccgX.ltrans0.ltrans.o
 .debug_line    0x00002d99       0x72 /tmp/cccfgK01.debug.temp.o
 .debug_line    0x00002e0b       0x6d /tmp/ccTufGr0.debug.temp.o
 .debug_line    0x00002e78       0x51 /tmp/cc7Bbw6l.debug.temp.o
 .debug_line    0x00002ec9       0x7a ./toolkit/lib/libgcc.a(muldi3.o)
 .debug_line    0x00002f43      0x153 ./toolkit/lib/libgcc.a(div.o)

.debug_str      0x00000000     0x11b7
 .debug_str     0x00000000     0x11b7 /tmp/cczTccgX.ltrans0.ltrans.o
                                0x18c (size before relaxing)
 .debug_str     0x000011b7      0x6c0 /tmp/cccfgK01.debug.temp.o
 .debug_str     0x000011b7      0xaec /tmp/ccTufGr0.debug.temp.o
 .debug_str     0x000011b7      0x7a4 /tmp/cc7Bbw6l.debug.temp.o
 .debug_str     0x000011b7       0xac ./toolkit/lib/libgcc.a(muldi3.o)
 .debug_str     0x000011b7       0xd9 ./toolkit/lib/libgcc.a(div.o)

.debug_line_str
                0x00000000      0x248
 .debug_line_str
                0x00000000      0x248 /tmp/cczTccgX.ltrans0.ltrans.o
                                 0xef (size before relaxing)
 .debug_line_str
                0x00000248      0x152 /tmp/cccfgK01.debug.temp.o
 .debug_line_str
                0x00000248      0x123 /tmp/ccTufGr0.debug.temp.o
 .debug_line_str
                0x00000248       0xd0 /tmp/cc7Bbw6l.debug.temp.o
 .debug_line_str
                0x00000248       0x95 ./toolkit/lib/libgcc.a(muldi3.o)
 .debug_line_str
                0x00000248       0x92 ./toolkit/lib/libgcc.a(div.o)

.debug_frame    0x00000000      0x3cc
 .debug_frame   0x00000000      0x3cc /tmp/cczTccgX.ltrans0.ltrans.o
