Archive member included to satisfy reference by file (symbol)

./toolkit/lib/libgcc.a(_divdi3.o)
                              /tmp/ccJsk9YL.ltrans0.ltrans.o (__divdi3)
./toolkit/lib/libgcc.a(muldi3.o)
                              /tmp/ccJsk9YL.ltrans0.ltrans.o (__mulsi3)
./toolkit/lib/libgcc.a(div.o)
                              /tmp/ccJsk9YL.ltrans0.ltrans.o (__divsi3)
./toolkit/lib/libgcc.a(_clz.o)
                              ./toolkit/lib/libgcc.a(_divdi3.o) (__clz_tab)

Discarded input sections

 .text          0x00000000        0x0 /tmp/ccJsk9YL.ltrans0.ltrans.o
 .data          0x00000000        0x0 /tmp/ccJsk9YL.ltrans0.ltrans.o
 .bss           0x00000000        0x0 /tmp/ccJsk9YL.ltrans0.ltrans.o
 .text.vprintf  0x00000000       0x16 /tmp/ccJsk9YL.ltrans0.ltrans.o
 .text.mini_vsnprintf
                0x00000000       0x42 /tmp/ccJsk9YL.ltrans0.ltrans.o
 .text.snprintf
                0x00000000       0x1c /tmp/ccJsk9YL.ltrans0.ltrans.o
 .text.sprintf  0x00000000       0x26 /tmp/ccJsk9YL.ltrans0.ltrans.o
 .text.strcpy   0x00000000       0x14 /tmp/ccJsk9YL.ltrans0.ltrans.o
 .text.strncpy  0x00000000       0x1c /tmp/ccJsk9YL.ltrans0.ltrans.o
 .text.strcmp   0x00000000       0x1a /tmp/ccJsk9YL.ltrans0.ltrans.o
 .text.strncmp  0x00000000       0x2e /tmp/ccJsk9YL.ltrans0.ltrans.o
 .text.strrchr  0x00000000       0x3c /tmp/ccJsk9YL.ltrans0.ltrans.o
 .text.memcmp   0x00000000       0x20 /tmp/ccJsk9YL.ltrans0.ltrans.o
 .text.memmove  0x00000000       0x5e /tmp/ccJsk9YL.ltrans0.ltrans.o
 .text.memchr   0x00000000       0x1a /tmp/ccJsk9YL.ltrans0.ltrans.o
 .text.strnlen  0x00000000       0x2a /tmp/ccJsk9YL.ltrans0.ltrans.o
 .text.twoway_strstr
                0x00000000      0x232 /tmp/ccJsk9YL.ltrans0.ltrans.o
 .text.strstr   0x00000000      0x11c /tmp/ccJsk9YL.ltrans0.ltrans.o
 .rodata.puts.str1.4
                0x00000000        0x2 /tmp/ccJsk9YL.ltrans0.ltrans.o
 .text.puts     0x00000000       0x40 /tmp/ccJsk9YL.ltrans0.ltrans.o
 .text.setjmp   0x00000000       0x10 /tmp/ccJsk9YL.ltrans0.ltrans.o
 .text.longjmp  0x00000000       0x14 /tmp/ccJsk9YL.ltrans0.ltrans.o
 .text.putchar  0x00000000       0x68 /tmp/ccJsk9YL.ltrans0.ltrans.o
 .rodata.APBAHBPrescTable.lto_priv.0
                0x00000000       0x10 /tmp/ccJsk9YL.ltrans0.ltrans.o
 .rodata.ADCPrescTable.lto_priv.0
                0x00000000       0x14 /tmp/ccJsk9YL.ltrans0.ltrans.o
 .rodata.APBAHBPrescTable.lto_priv.1
                0x00000000       0x10 /tmp/ccJsk9YL.ltrans0.ltrans.o
 .rodata.ADCPrescTable.lto_priv.1
                0x00000000       0x14 /tmp/ccJsk9YL.ltrans0.ltrans.o
 .rodata.APBAHBPrescTable.lto_priv.2
                0x00000000       0x10 /tmp/ccJsk9YL.ltrans0.ltrans.o
 .rodata.ADCPrescTable.lto_priv.2
                0x00000000       0x14 /tmp/ccJsk9YL.ltrans0.ltrans.o
 .rodata.APBAHBPrescTable.lto_priv.3
                0x00000000       0x10 /tmp/ccJsk9YL.ltrans0.ltrans.o
 .rodata.ADCPrescTable.lto_priv.3
                0x00000000       0x14 /tmp/ccJsk9YL.ltrans0.ltrans.o
 .rodata.APBAHBPrescTable.lto_priv.4
                0x00000000       0x10 /tmp/ccJsk9YL.ltrans0.ltrans.o
 .rodata.ADCPrescTable.lto_priv.4
                0x00000000       0x14 /tmp/ccJsk9YL.ltrans0.ltrans.o
 .comment       0x00000000       0x24 /tmp/ccJsk9YL.ltrans0.ltrans.o
 .note.GNU-stack
                0x00000000        0x0 /tmp/ccJsk9YL.ltrans0.ltrans.o
 .comment       0x00000000       0x24 /tmp/ccazV1of.debug.temp.o
 .note.GNU-stack
                0x00000000        0x0 /tmp/ccazV1of.debug.temp.o
 .comment       0x00000000       0x24 /tmp/ccKZakWO.debug.temp.o
 .note.GNU-stack
                0x00000000        0x0 /tmp/ccKZakWO.debug.temp.o
 .comment       0x00000000       0x24 /tmp/ccDXQoyV.debug.temp.o
 .note.GNU-stack
                0x00000000        0x0 /tmp/ccDXQoyV.debug.temp.o
 .comment       0x00000000       0x24 /tmp/cc0PuHZw.debug.temp.o
 .note.GNU-stack
                0x00000000        0x0 /tmp/cc0PuHZw.debug.temp.o
 .comment       0x00000000       0x24 /tmp/ccTWzUdY.debug.temp.o
 .note.GNU-stack
                0x00000000        0x0 /tmp/ccTWzUdY.debug.temp.o
 .comment       0x00000000       0x24 /tmp/ccDMDmgH.debug.temp.o
 .note.GNU-stack
                0x00000000        0x0 /tmp/ccDMDmgH.debug.temp.o
 .comment       0x00000000       0x24 /tmp/ccsBt2nB.debug.temp.o
 .note.GNU-stack
                0x00000000        0x0 /tmp/ccsBt2nB.debug.temp.o
 .data          0x00000000        0x0 ./toolkit/lib/libgcc.a(_divdi3.o)
 .bss           0x00000000        0x0 ./toolkit/lib/libgcc.a(_divdi3.o)
 .comment       0x00000000       0x1c ./toolkit/lib/libgcc.a(_divdi3.o)
 .eh_frame      0x00000000       0x40 ./toolkit/lib/libgcc.a(_divdi3.o)
 .data          0x00000000        0x0 ./toolkit/lib/libgcc.a(muldi3.o)
 .bss           0x00000000        0x0 ./toolkit/lib/libgcc.a(muldi3.o)
 .data          0x00000000        0x0 ./toolkit/lib/libgcc.a(div.o)
 .bss           0x00000000        0x0 ./toolkit/lib/libgcc.a(div.o)
 .text          0x00000000        0x0 ./toolkit/lib/libgcc.a(_clz.o)
 .data          0x00000000        0x0 ./toolkit/lib/libgcc.a(_clz.o)
 .bss           0x00000000        0x0 ./toolkit/lib/libgcc.a(_clz.o)
 .comment       0x00000000       0x1c ./toolkit/lib/libgcc.a(_clz.o)

Memory Configuration

Name             Origin             Length             Attributes
FLASH            0x00000000         0x00004000         xr
RAM              0x20000000         0x00000800         xrw
*default*        0x00000000         0xffffffff

Linker script and memory map

LOAD /tmp/ccuIpO3f.o
LOAD /tmp/ccJsk9YL.ltrans0.ltrans.o
LOAD /tmp/ccazV1of.debug.temp.o
LOAD /tmp/ccKZakWO.debug.temp.o
LOAD /tmp/ccDXQoyV.debug.temp.o
LOAD /tmp/cc0PuHZw.debug.temp.o
LOAD /tmp/ccTWzUdY.debug.temp.o
LOAD /tmp/ccDMDmgH.debug.temp.o
LOAD /tmp/ccsBt2nB.debug.temp.o
LOAD /tmp/ccZBui4Q.o
LOAD /tmp/cc1ScNXg.o
LOAD /tmp/ccXJknsn.o
LOAD /tmp/cc5U7R45.o
LOAD /tmp/cc5fISQ8.o
LOAD /tmp/ccKnYNPo.o
LOAD ./toolkit/lib/libgcc.a
LOAD ./toolkit/lib/libgcc.a
LOAD ./toolkit/lib/libgcc.a

.init           0x00000000       0xa0
                0x00000000                        _sinit = .
                0x00000000                        . = ALIGN (0x4)
 *(SORT_NONE(.init))
 .init          0x00000000       0x9e /tmp/ccJsk9YL.ltrans0.ltrans.o
                0x00000000                InterruptVectorDefault
                0x00000000                InterruptVector
                0x000000a0                        . = ALIGN (0x4)
 *fill*         0x0000009e        0x2 
                0x000000a0                        _einit = .

.text           0x000000a0     0x1b4c
                0x000000a0                        . = ALIGN (0x4)
 *(.text)
 .text          0x000000a0      0x482 ./toolkit/lib/libgcc.a(_divdi3.o)
                0x000000a0                __divdi3
 *fill*         0x00000522        0x2 
 .text          0x00000524       0x16 ./toolkit/lib/libgcc.a(muldi3.o)
                0x00000524                __mulsi3
 *fill*         0x0000053a        0x2 
 .text          0x0000053c       0x7e ./toolkit/lib/libgcc.a(div.o)
                0x0000053c                __divsi3
                0x00000544                __hidden___udivsi3
                0x00000544                __udivsi3
                0x00000570                __umodsi3
                0x00000594                __modsi3
 *(.text.*)
 .text.mini_pad
                0x000005ba       0x8a /tmp/ccJsk9YL.ltrans0.ltrans.o
 .text._puts    0x00000644       0x40 /tmp/ccJsk9YL.ltrans0.ltrans.o
 .text.PrintHex
                0x00000684       0x5a /tmp/ccJsk9YL.ltrans0.ltrans.o
 .text.mini_itoa.part.0
                0x000006de       0xc0 /tmp/ccJsk9YL.ltrans0.ltrans.o
 .text.gpio_set_mode
                0x0000079e       0x5c /tmp/ccJsk9YL.ltrans0.ltrans.o
 .text.i2c_error
                0x000007fa       0x84 /tmp/ccJsk9YL.ltrans0.ltrans.o
 .text.append_formatted_2dp_string
                0x0000087e       0x7a /tmp/ccJsk9YL.ltrans0.ltrans.o
 .text.gpio_set_opamp_inputs.constprop.0
                0x000008f8       0x24 /tmp/ccJsk9YL.ltrans0.ltrans.o
 .text.DelaySysTick.constprop.0
                0x0000091c       0x1a /tmp/ccJsk9YL.ltrans0.ltrans.o
 .text.internal_handle_input.constprop.0
                0x00000936        0xa /tmp/ccJsk9YL.ltrans0.ltrans.o
 .text._write.constprop.0
                0x00000940       0xe4 /tmp/ccJsk9YL.ltrans0.ltrans.o
 .text.__puts_uart
                0x00000a24       0x14 /tmp/ccJsk9YL.ltrans0.ltrans.o
 .text.i2c_write_reg
                0x00000a38      0x21a /tmp/ccJsk9YL.ltrans0.ltrans.o
 .text.handle_reset
                0x00000c52       0x72 /tmp/ccJsk9YL.ltrans0.ltrans.o
                0x00000c52                handle_reset
 .text.vector_handler
                0x00000cc4       0x5a /tmp/ccJsk9YL.ltrans0.ltrans.o
                0x00000cc4                EXTI2_IRQHandler
                0x00000cc4                TIM8_TRG_COM_IRQHandler
                0x00000cc4                TIM8_CC_IRQHandler
                0x00000cc4                UART8_IRQHandler
                0x00000cc4                TIM1_CC_IRQHandler
                0x00000cc4                HardFault_Handler
                0x00000cc4                GPIOB_IRQHandler
                0x00000cc4                USBPD_IRQHandler
                0x00000cc4                TIM6_IRQHandler
                0x00000cc4                GPIOA_IRQHandler
                0x00000cc4                PVD_IRQHandler
                0x00000cc4                SDIO_IRQHandler
                0x00000cc4                TIM9_BRK_IRQHandler
                0x00000cc4                DMA2_Channel8_IRQHandler
                0x00000cc4                CAN2_RX1_IRQHandler
                0x00000cc4                EXTI3_IRQHandler
                0x00000cc4                UART1_IRQHandler
                0x00000cc4                USBHS_IRQHandler
                0x00000cc4                DMA2_Channel9_IRQHandler
                0x00000cc4                TIM10_CC_IRQHandler
                0x00000cc4                EXTI25_16_IRQHandler
                0x00000cc4                USBFS_IRQHandler
                0x00000cc4                UART0_IRQHandler
                0x00000cc4                EXTI0_IRQHandler
                0x00000cc4                I2C2_EV_IRQHandler
                0x00000cc4                TIM10_TRG_COM_IRQHandler
                0x00000cc4                CAN2_SCE_IRQHandler
                0x00000cc4                ADC1_2_IRQHandler
                0x00000cc4                BB_IRQHandler
                0x00000cc4                Break_Point_Handler
                0x00000cc4                TIM2_CC_IRQHandler
                0x00000cc4                SPI1_IRQHandler
                0x00000cc4                TAMPER_IRQHandler
                0x00000cc4                TMR0_IRQHandler
                0x00000cc4                AWU_IRQHandler
                0x00000cc4                CAN2_RX0_IRQHandler
                0x00000cc4                OSCWakeUp_IRQHandler
                0x00000cc4                TIM8_UP_IRQHandler
                0x00000cc4                Ecall_M_Mode_Handler
                0x00000cc4                DMA2_Channel2_IRQHandler
                0x00000cc4                DMA1_Channel4_IRQHandler
                0x00000cc4                ADC1_IRQHandler
                0x00000cc4                TIM2_BRK_IRQHandler
                0x00000cc4                TIM9_UP_IRQHandler
                0x00000cc4                USART3_IRQHandler
                0x00000cc4                RTC_IRQHandler
                0x00000cc4                DMA1_Channel7_IRQHandler
                0x00000cc4                CAN1_RX1_IRQHandler
                0x00000cc4                DVP_IRQHandler
                0x00000cc4                UART5_IRQHandler
                0x00000cc4                EXTI15_8_IRQHandler
                0x00000cc4                TIM4_IRQHandler
                0x00000cc4                DMA2_Channel1_IRQHandler
                0x00000cc4                USBPD_WKUP_IRQHandler
                0x00000cc4                I2C1_EV_IRQHandler
                0x00000cc4                UART2_IRQHandler
                0x00000cc4                USART4_IRQHandler
                0x00000cc4                PWMX_IRQHandler
                0x00000cc4                DMA1_Channel6_IRQHandler
                0x00000cc4                UART4_IRQHandler
                0x00000cc4                DMA2_Channel4_IRQHandler
                0x00000cc4                TIM3_IRQHandler
                0x00000cc4                RCC_IRQHandler
                0x00000cc4                TIM1_TRG_COM_IRQHandler
                0x00000cc4                DMA1_Channel1_IRQHandler
                0x00000cc4                DMA2_Channel7_IRQHandler
                0x00000cc4                EXTI15_10_IRQHandler
                0x00000cc4                ADC_IRQHandler
                0x00000cc4                DMA1_Channel8_IRQHandler
                0x00000cc4                TMR2_IRQHandler
                0x00000cc4                DefaultIRQHandler
                0x00000cc4                TIM7_IRQHandler
                0x00000cc4                CAN2_TX_IRQHandler
                0x00000cc4                TIM5_IRQHandler
                0x00000cc4                USB_IRQHandler
                0x00000cc4                EXTI9_5_IRQHandler
                0x00000cc4                PIOC_IRQHandler
                0x00000cc4                SPI2_IRQHandler
                0x00000cc4                OSC32KCal_IRQHandler
                0x00000cc4                I2C_IRQHandler
                0x00000cc4                TIM10_BRK_IRQHandler
                0x00000cc4                TIM9_CC_IRQHandler
                0x00000cc4                DMA2_Channel5_IRQHandler
                0x00000cc4                USB2_IRQHandler
                0x00000cc4                USBHSWakeUp_IRQHandler
                0x00000cc4                DMA1_Channel5_IRQHandler
                0x00000cc4                EXTI4_IRQHandler
                0x00000cc4                USB_LP_CAN1_RX0_IRQHandler
                0x00000cc4                RNG_IRQHandler
                0x00000cc4                USB_HP_CAN1_TX_IRQHandler
                0x00000cc4                LLE_IRQHandler
                0x00000cc4                DMA1_Channel3_IRQHandler
                0x00000cc4                FSMC_IRQHandler
                0x00000cc4                ETH_IRQHandler
                0x00000cc4                TIM1_UP_IRQHandler
                0x00000cc4                WWDG_IRQHandler
                0x00000cc4                DMA2_Channel11_IRQHandler
                0x00000cc4                WDOG_BAT_IRQHandler
                0x00000cc4                Ecall_U_Mode_Handler
                0x00000cc4                TMR3_IRQHandler
                0x00000cc4                DMA2_Channel6_IRQHandler
                0x00000cc4                TIM2_IRQHandler
                0x00000cc4                SW_Handler
                0x00000cc4                TIM1_BRK_IRQHandler
                0x00000cc4                OPA_IRQHandler
                0x00000cc4                DMA2_Channel10_IRQHandler
                0x00000cc4                EXTI1_IRQHandler
                0x00000cc4                SPI0_IRQHandler
                0x00000cc4                RTCAlarm_IRQHandler
                0x00000cc4                TIM10_UP_IRQHandler
                0x00000cc4                TIM9_TRG_COM_IRQHandler
                0x00000cc4                UART7_IRQHandler
                0x00000cc4                USART2_IRQHandler
                0x00000cc4                UART6_IRQHandler
                0x00000cc4                ETHWakeUp_IRQHandler
                0x00000cc4                I2C2_ER_IRQHandler
                0x00000cc4                DMA1_Channel2_IRQHandler
                0x00000cc4                TIM8_BRK_IRQHandler
                0x00000cc4                TIM2_TRG_IRQHandler
                0x00000cc4                CAN1_SCE_IRQHandler
                0x00000cc4                FLASH_IRQHandler
                0x00000cc4                USBFSWakeUp_IRQHandler
                0x00000cc4                USART1_IRQHandler
                0x00000cc4                OTG_FS_IRQHandler
                0x00000cc4                SPI3_IRQHandler
                0x00000cc4                USBFS_WakeUp_IRQHandler
                0x00000cc4                UART3_IRQHandler
                0x00000cc4                I2C1_ER_IRQHandler
                0x00000cc4                TMR1_IRQHandler
                0x00000cc4                USBWakeUp_IRQHandler
                0x00000cc4                DMA2_Channel3_IRQHandler
                0x00000d10                NMI_Handler
                0x00000d10                NMI_RCC_CSS_IRQHandler
 .text.strlen   0x00000d1e       0x12 /tmp/ccJsk9YL.ltrans0.ltrans.o
                0x00000d1e                strlen
 .text.mini_vpprintf
                0x00000d30      0x1c2 /tmp/ccJsk9YL.ltrans0.ltrans.o
 .text.printf   0x00000ef2       0x24 /tmp/ccJsk9YL.ltrans0.ltrans.o
                0x00000ef2                printf
 .text.memset   0x00000f16       0x12 /tmp/ccJsk9YL.ltrans0.ltrans.o
                0x00000f16                memset
 .text.strchr   0x00000f28       0x16 /tmp/ccJsk9YL.ltrans0.ltrans.o
                0x00000f28                strchr
 .text.memcpy   0x00000f3e       0x1c /tmp/ccJsk9YL.ltrans0.ltrans.o
                0x00000f3e                memcpy
 .text.font8x8_to_framebuffer.part.0
                0x00000f5a       0x46 /tmp/ccJsk9YL.ltrans0.ltrans.o
 .text.SystemInit
                0x00000fa0       0x54 /tmp/ccJsk9YL.ltrans0.ltrans.o
                0x00000fa0                SystemInit
 .text.startup.main
                0x00000ff4      0x7de /tmp/ccJsk9YL.ltrans0.ltrans.o
                0x00000ff4                main
 .text.SysTick_Handler
                0x000017d2       0x32 /tmp/ccJsk9YL.ltrans0.ltrans.o
 .text.EXTI7_0_IRQHandler
                0x00001804       0xc8 /tmp/ccJsk9YL.ltrans0.ltrans.o
 *(.rodata)
 *fill*         0x000018cc        0x0 
 .rodata        0x000018cc      0x159 /tmp/ccJsk9YL.ltrans0.ltrans.o
 *fill*         0x00001a25        0x3 
 .rodata        0x00001a28      0x100 ./toolkit/lib/libgcc.a(_clz.o)
                0x00001a28                __clz_tab
 *(.rodata*)
 .rodata.main.str1.4
                0x00001b28       0x1c /tmp/ccJsk9YL.ltrans0.ltrans.o
 .rodata.font8x8_data
                0x00001b44       0x78 /tmp/ccJsk9YL.ltrans0.ltrans.o
 .rodata.font8x8_lut
                0x00001bbc       0x10 /tmp/ccJsk9YL.ltrans0.ltrans.o
 .rodata.GPIO_PORT_MAP
                0x00001bcc       0x10 /tmp/ccJsk9YL.ltrans0.ltrans.o
 .rodata.rotenc_table
                0x00001bdc       0x10 /tmp/ccJsk9YL.ltrans0.ltrans.o
 *(.gnu.linkonce.t.*)
                0x00001bec                        . = ALIGN (0x4)

.rela.dyn       0x00001bec        0x0
 .rela.text.handle_reset
                0x00001bec        0x0 /tmp/ccJsk9YL.ltrans0.ltrans.o

.fini           0x00001bec        0x0
 *(SORT_NONE(.fini))
                0x00001bec                        . = ALIGN (0x4)
                [!provide]                        PROVIDE (_etext = .)
                [!provide]                        PROVIDE (_eitcm = .)

.preinit_array  0x00001bec        0x0
                [!provide]                        PROVIDE (__preinit_array_start = .)
 *(.preinit_array)
                [!provide]                        PROVIDE (__preinit_array_end = .)

.init_array     0x00001bec        0x0
                [!provide]                        PROVIDE (__init_array_start = .)
 *(SORT_BY_INIT_PRIORITY(.init_array.*) SORT_BY_INIT_PRIORITY(.ctors.*))
 *(.init_array EXCLUDE_FILE(*crtend?.o *crtend.o *crtbegin?.o *crtbegin.o) .ctors)
                [!provide]                        PROVIDE (__init_array_end = .)

.fini_array     0x00001bec        0x0
                [!provide]                        PROVIDE (__fini_array_start = .)
 *(SORT_BY_INIT_PRIORITY(.fini_array.*) SORT_BY_INIT_PRIORITY(.dtors.*))
 *(.fini_array EXCLUDE_FILE(*crtend?.o *crtend.o *crtbegin?.o *crtbegin.o) .dtors)
                [!provide]                        PROVIDE (__fini_array_end = .)

.ctors
 *crtbegin.o(.ctors)
 *crtbegin?.o(.ctors)
 *(EXCLUDE_FILE(*crtend?.o *crtend.o) .ctors)
 *(SORT_BY_NAME(.ctors.*))
 *(.ctors)

.dtors
 *crtbegin.o(.dtors)
 *crtbegin?.o(.dtors)
 *(EXCLUDE_FILE(*crtend?.o *crtend.o) .dtors)
 *(SORT_BY_NAME(.dtors.*))
 *(.dtors)

.dalign         0x20000000        0x0 load address 0x00001bec
                0x20000000                        . = ALIGN (0x4)
                0x20000000                        PROVIDE (_data_vma = .)

.dlalign        0x00001bec        0x0
                0x00001bec                        . = ALIGN (0x4)
                0x00001bec                        PROVIDE (_data_lma = .)

.data           0x20000000       0x20 load address 0x00001bec
                0x20000000                        . = ALIGN (0x4)
                0x200003fc                        __global_pointer$ = (. + 0x3fc)
 *(.gnu.linkonce.r.*)
 *(.data .data.*)
 *(.gnu.linkonce.d.*)
                0x20000000                        . = ALIGN (0x8)
 *(.sdata .sdata.*)
 .sdata.rotenc_prev_bitmask.1
                0x20000000        0x1 /tmp/ccJsk9YL.ltrans0.ltrans.o
 *fill*         0x20000001        0x1 
 .sdata.led_val.2
                0x20000002        0x2 /tmp/ccJsk9YL.ltrans0.ltrans.o
 .sdata.led_inc.3
                0x20000004        0x1 /tmp/ccJsk9YL.ltrans0.ltrans.o
 *fill*         0x20000005        0x3 
 .sdata.current_str.1
                0x20000008        0x7 /tmp/ccJsk9YL.ltrans0.ltrans.o
 *fill*         0x2000000f        0x1 
 .sdata.voltage_str.0
                0x20000010        0x7 /tmp/ccJsk9YL.ltrans0.ltrans.o
 *fill*         0x20000017        0x1 
 .sdata.g_target_temperature
                0x20000018        0x2 /tmp/ccJsk9YL.ltrans0.ltrans.o
 *(.sdata2*)
 *(.gnu.linkonce.s.*)
                0x20000020                        . = ALIGN (0x8)
 *fill*         0x2000001a        0x6 
 *(.srodata.cst16)
 *(.srodata.cst8)
 *(.srodata.cst4)
 *(.srodata.cst2)
 *(.srodata .srodata.*)
                0x20000020                        . = ALIGN (0x4)
                0x20000020                        PROVIDE (_edata = .)

.bss            0x20000020      0x438 load address 0x00001c0c
                0x20000020                        . = ALIGN (0x4)
                0x20000020                        PROVIDE (_sbss = .)
 *(.sbss*)
 .sbss.accumulator.0
                0x20000020        0x1 /tmp/ccJsk9YL.ltrans0.ltrans.o
 *fill*         0x20000021        0x3 
 .sbss._i2c_timeout
                0x20000024        0x4 /tmp/ccJsk9YL.ltrans0.ltrans.o
 .sbss._opamp_calibration_gain
                0x20000028        0x2 /tmp/ccJsk9YL.ltrans0.ltrans.o
 .sbss._opamp_calibration_offset
                0x2000002a        0x2 /tmp/ccJsk9YL.ltrans0.ltrans.o
 .sbss.average_index.0
                0x2000002c        0x1 /tmp/ccJsk9YL.ltrans0.ltrans.o
 *fill*         0x2000002d        0x3 
 .sbss.rolling_sum.1
                0x20000030        0x4 /tmp/ccJsk9YL.ltrans0.ltrans.o
 .sbss._oled_dev
                0x20000034        0x4 /tmp/ccJsk9YL.ltrans0.ltrans.o
 .sbss.g_battery_current_ma
                0x20000038        0x2 /tmp/ccJsk9YL.ltrans0.ltrans.o
 .sbss.g_battery_voltage_mv
                0x2000003a        0x2 /tmp/ccJsk9YL.ltrans0.ltrans.o
 .sbss.heater_pwm.4
                0x2000003c        0x4 /tmp/ccJsk9YL.ltrans0.ltrans.o
 .sbss.g_rotary_encoder_clicks
                0x20000040        0x2 /tmp/ccJsk9YL.ltrans0.ltrans.o
 .sbss.g_heater_enabled
                0x20000042        0x1 /tmp/ccJsk9YL.ltrans0.ltrans.o
 *fill*         0x20000043        0x1 
 .sbss.g_systick_millis
                0x20000044        0x4 /tmp/ccJsk9YL.ltrans0.ltrans.o
 *(.gnu.linkonce.sb.*)
 *(.bss*)
 .bss._average_current_buffer
                0x20000048       0x10 /tmp/ccJsk9YL.ltrans0.ltrans.o
 .bss._oled_buffer
                0x20000058      0x400 /tmp/ccJsk9YL.ltrans0.ltrans.o
 *(.gnu.linkonce.b.*)
 *(COMMON*)
                0x20000458                        . = ALIGN (0x4)
                0x20000458                        PROVIDE (_ebss = .)
                [!provide]                        PROVIDE (_end = _ebss)
                [!provide]                        PROVIDE (end = .)
                0x20000800                        PROVIDE (_eusrstack = (ORIGIN (RAM) + LENGTH (RAM)))

/DISCARD/
 *(.note .note.*)
 *(.eh_frame .eh_frame.*)
 *(.comment .comment.*)
 *(.ARM.extab* .gnu.linkonce.armextab.*)
 *(.ARM.exidx*)
OUTPUT(build/tcrhmag.elf elf32-littleriscv)

.riscv.attributes
                0x00000000       0x25
 .riscv.attributes
                0x00000000       0x25 /tmp/ccJsk9YL.ltrans0.ltrans.o
 .riscv.attributes
                0x00000025       0x21 ./toolkit/lib/libgcc.a(_divdi3.o)
 .riscv.attributes
                0x00000046       0x1f ./toolkit/lib/libgcc.a(muldi3.o)
 .riscv.attributes
                0x00000065       0x1f ./toolkit/lib/libgcc.a(div.o)
 .riscv.attributes
                0x00000084       0x21 ./toolkit/lib/libgcc.a(_clz.o)

.debug_info     0x00000000     0x6702
 .debug_info    0x00000000     0x1ffe /tmp/ccJsk9YL.ltrans0.ltrans.o
 .debug_info    0x00001ffe     0x10b4 /tmp/ccazV1of.debug.temp.o
                0x00001ffe                ch32fun.c.e1d0904f
 .debug_info    0x000030b2     0x11d4 /tmp/ccKZakWO.debug.temp.o
                0x000030b2                tcrhmag.c.a2ab9774
 .debug_info    0x00004286      0x35b /tmp/ccDXQoyV.debug.temp.o
                0x00004286                battery.c.a40a2036
 .debug_info    0x000045e1      0x6db /tmp/cc0PuHZw.debug.temp.o
                0x000045e1                lib_gpioctrl.c.9b7c6186
 .debug_info    0x00004cbc      0x903 /tmp/ccTWzUdY.debug.temp.o
                0x00004cbc                lib_i2c.c.771b9666
 .debug_info    0x000055bf      0x1ae /tmp/ccDMDmgH.debug.temp.o
                0x000055bf                lib_pid.c.7f95fc39
 .debug_info    0x0000576d      0x4b9 /tmp/ccsBt2nB.debug.temp.o
                0x0000576d                oled.c.53e8053f
 .debug_info    0x00005c26      0x976 ./toolkit/lib/libgcc.a(_divdi3.o)
 .debug_info    0x0000659c       0x31 ./toolkit/lib/libgcc.a(muldi3.o)
 .debug_info    0x000065cd       0x5d ./toolkit/lib/libgcc.a(div.o)
 .debug_info    0x0000662a       0xd8 ./toolkit/lib/libgcc.a(_clz.o)

.debug_abbrev   0x00000000     0x1196
 .debug_abbrev  0x00000000      0x232 /tmp/ccJsk9YL.ltrans0.ltrans.o
 .debug_abbrev  0x00000232      0x258 /tmp/ccazV1of.debug.temp.o
 .debug_abbrev  0x0000048a      0x30d /tmp/ccKZakWO.debug.temp.o
 .debug_abbrev  0x00000797      0x14a /tmp/ccDXQoyV.debug.temp.o
 .debug_abbrev  0x000008e1      0x18b /tmp/cc0PuHZw.debug.temp.o
 .debug_abbrev  0x00000a6c      0x23e /tmp/ccTWzUdY.debug.temp.o
 .debug_abbrev  0x00000caa       0xe5 /tmp/ccDMDmgH.debug.temp.o
 .debug_abbrev  0x00000d8f      0x15e /tmp/ccsBt2nB.debug.temp.o
 .debug_abbrev  0x00000eed      0x1e9 ./toolkit/lib/libgcc.a(_divdi3.o)
 .debug_abbrev  0x000010d6       0x28 ./toolkit/lib/libgcc.a(muldi3.o)
 .debug_abbrev  0x000010fe       0x28 ./toolkit/lib/libgcc.a(div.o)
 .debug_abbrev  0x00001126       0x70 ./toolkit/lib/libgcc.a(_clz.o)

.debug_loclists
                0x00000000     0x2c0d
 .debug_loclists
                0x00000000     0x1eb0 /tmp/ccJsk9YL.ltrans0.ltrans.o
 .debug_loclists
                0x00001eb0      0xd5d ./toolkit/lib/libgcc.a(_divdi3.o)

.debug_aranges  0x00000000      0x208
 .debug_aranges
                0x00000000      0x190 /tmp/ccJsk9YL.ltrans0.ltrans.o
 .debug_aranges
                0x00000190       0x20 ./toolkit/lib/libgcc.a(_divdi3.o)
 .debug_aranges
                0x000001b0       0x20 ./toolkit/lib/libgcc.a(muldi3.o)
 .debug_aranges
                0x000001d0       0x20 ./toolkit/lib/libgcc.a(div.o)
 .debug_aranges
                0x000001f0       0x18 ./toolkit/lib/libgcc.a(_clz.o)

.debug_rnglists
                0x00000000      0x579
 .debug_rnglists
                0x00000000      0x483 /tmp/ccJsk9YL.ltrans0.ltrans.o
 .debug_rnglists
                0x00000483       0xf6 ./toolkit/lib/libgcc.a(_divdi3.o)

.debug_line     0x00000000     0x54f9
 .debug_line    0x00000000     0x47c7 /tmp/ccJsk9YL.ltrans0.ltrans.o
 .debug_line    0x000047c7       0x72 /tmp/ccazV1of.debug.temp.o
 .debug_line    0x00004839       0x81 /tmp/ccKZakWO.debug.temp.o
 .debug_line    0x000048ba       0x68 /tmp/ccDXQoyV.debug.temp.o
 .debug_line    0x00004922       0x51 /tmp/cc0PuHZw.debug.temp.o
 .debug_line    0x00004973       0x68 /tmp/ccTWzUdY.debug.temp.o
 .debug_line    0x000049db       0x51 /tmp/ccDMDmgH.debug.temp.o
 .debug_line    0x00004a2c       0x71 /tmp/ccsBt2nB.debug.temp.o
 .debug_line    0x00004a9d      0x850 ./toolkit/lib/libgcc.a(_divdi3.o)
 .debug_line    0x000052ed       0x7a ./toolkit/lib/libgcc.a(muldi3.o)
 .debug_line    0x00005367      0x153 ./toolkit/lib/libgcc.a(div.o)
 .debug_line    0x000054ba       0x3f ./toolkit/lib/libgcc.a(_clz.o)

.debug_str      0x00000000     0x1c40
 .debug_str     0x00000000     0x1c40 /tmp/ccJsk9YL.ltrans0.ltrans.o
                                0x1a8 (size before relaxing)
 .debug_str     0x00001c40      0x6c0 /tmp/ccazV1of.debug.temp.o
 .debug_str     0x00001c40      0xfdd /tmp/ccKZakWO.debug.temp.o
 .debug_str     0x00001c40      0x415 /tmp/ccDXQoyV.debug.temp.o
 .debug_str     0x00001c40      0x7a4 /tmp/cc0PuHZw.debug.temp.o
 .debug_str     0x00001c40      0x519 /tmp/ccTWzUdY.debug.temp.o
 .debug_str     0x00001c40      0x1bc /tmp/ccDMDmgH.debug.temp.o
 .debug_str     0x00001c40      0x3ff /tmp/ccsBt2nB.debug.temp.o
 .debug_str     0x00001c40      0x276 ./toolkit/lib/libgcc.a(_divdi3.o)
 .debug_str     0x00001c40       0xac ./toolkit/lib/libgcc.a(muldi3.o)
 .debug_str     0x00001c40       0xd9 ./toolkit/lib/libgcc.a(div.o)
 .debug_str     0x00001c40      0x19b ./toolkit/lib/libgcc.a(_clz.o)

.debug_line_str
                0x00000000      0x2ea
 .debug_line_str
                0x00000000      0x2ea /tmp/ccJsk9YL.ltrans0.ltrans.o
                                0x114 (size before relaxing)
 .debug_line_str
                0x000002ea      0x152 /tmp/ccazV1of.debug.temp.o
 .debug_line_str
                0x000002ea      0x148 /tmp/ccKZakWO.debug.temp.o
 .debug_line_str
                0x000002ea      0x112 /tmp/ccDXQoyV.debug.temp.o
 .debug_line_str
                0x000002ea       0xd0 /tmp/cc0PuHZw.debug.temp.o
 .debug_line_str
                0x000002ea      0x11d /tmp/ccTWzUdY.debug.temp.o
 .debug_line_str
                0x000002ea       0xc1 /tmp/ccDMDmgH.debug.temp.o
 .debug_line_str
                0x000002ea      0x13e /tmp/ccsBt2nB.debug.temp.o
 .debug_line_str
                0x000002ea      0x126 ./toolkit/lib/libgcc.a(_divdi3.o)
 .debug_line_str
                0x000002ea       0x95 ./toolkit/lib/libgcc.a(muldi3.o)
 .debug_line_str
                0x000002ea       0x92 ./toolkit/lib/libgcc.a(div.o)
 .debug_line_str
                0x000002ea      0x126 ./toolkit/lib/libgcc.a(_clz.o)

.debug_frame    0x00000000      0x4b0
 .debug_frame   0x00000000      0x4b0 /tmp/ccJsk9YL.ltrans0.ltrans.o
