Archive member included to satisfy reference by file (symbol)

./toolkit/lib/libgcc.a(_divdi3.o)
                              /tmp/ccvh65NZ.ltrans0.ltrans.o (__divdi3)
./toolkit/lib/libgcc.a(muldi3.o)
                              /tmp/ccvh65NZ.ltrans0.ltrans.o (__mulsi3)
./toolkit/lib/libgcc.a(div.o)
                              /tmp/ccvh65NZ.ltrans0.ltrans.o (__divsi3)
./toolkit/lib/libgcc.a(_clz.o)
                              ./toolkit/lib/libgcc.a(_divdi3.o) (__clz_tab)

Discarded input sections

 .text          0x00000000        0x0 /tmp/ccvh65NZ.ltrans0.ltrans.o
 .data          0x00000000        0x0 /tmp/ccvh65NZ.ltrans0.ltrans.o
 .bss           0x00000000        0x0 /tmp/ccvh65NZ.ltrans0.ltrans.o
 .text.vprintf  0x00000000       0x16 /tmp/ccvh65NZ.ltrans0.ltrans.o
 .text.mini_vsnprintf
                0x00000000       0x42 /tmp/ccvh65NZ.ltrans0.ltrans.o
 .text.snprintf
                0x00000000       0x1c /tmp/ccvh65NZ.ltrans0.ltrans.o
 .text.sprintf  0x00000000       0x26 /tmp/ccvh65NZ.ltrans0.ltrans.o
 .text.strcpy   0x00000000       0x14 /tmp/ccvh65NZ.ltrans0.ltrans.o
 .text.strncpy  0x00000000       0x1c /tmp/ccvh65NZ.ltrans0.ltrans.o
 .text.strcmp   0x00000000       0x1a /tmp/ccvh65NZ.ltrans0.ltrans.o
 .text.strncmp  0x00000000       0x2e /tmp/ccvh65NZ.ltrans0.ltrans.o
 .text.strrchr  0x00000000       0x3c /tmp/ccvh65NZ.ltrans0.ltrans.o
 .text.memcmp   0x00000000       0x20 /tmp/ccvh65NZ.ltrans0.ltrans.o
 .text.memmove  0x00000000       0x5e /tmp/ccvh65NZ.ltrans0.ltrans.o
 .text.memchr   0x00000000       0x1a /tmp/ccvh65NZ.ltrans0.ltrans.o
 .text.strnlen  0x00000000       0x2a /tmp/ccvh65NZ.ltrans0.ltrans.o
 .text.twoway_strstr
                0x00000000      0x232 /tmp/ccvh65NZ.ltrans0.ltrans.o
 .text.strstr   0x00000000      0x11c /tmp/ccvh65NZ.ltrans0.ltrans.o
 .rodata.puts.str1.4
                0x00000000        0x2 /tmp/ccvh65NZ.ltrans0.ltrans.o
 .text.puts     0x00000000       0x40 /tmp/ccvh65NZ.ltrans0.ltrans.o
 .text.setjmp   0x00000000       0x10 /tmp/ccvh65NZ.ltrans0.ltrans.o
 .text.longjmp  0x00000000       0x14 /tmp/ccvh65NZ.ltrans0.ltrans.o
 .text.putchar  0x00000000       0x68 /tmp/ccvh65NZ.ltrans0.ltrans.o
 .rodata.APBAHBPrescTable.lto_priv.0
                0x00000000       0x10 /tmp/ccvh65NZ.ltrans0.ltrans.o
 .rodata.ADCPrescTable.lto_priv.0
                0x00000000       0x14 /tmp/ccvh65NZ.ltrans0.ltrans.o
 .rodata.APBAHBPrescTable.lto_priv.1
                0x00000000       0x10 /tmp/ccvh65NZ.ltrans0.ltrans.o
 .rodata.ADCPrescTable.lto_priv.1
                0x00000000       0x14 /tmp/ccvh65NZ.ltrans0.ltrans.o
 .rodata.APBAHBPrescTable.lto_priv.2
                0x00000000       0x10 /tmp/ccvh65NZ.ltrans0.ltrans.o
 .rodata.ADCPrescTable.lto_priv.2
                0x00000000       0x14 /tmp/ccvh65NZ.ltrans0.ltrans.o
 .rodata.APBAHBPrescTable.lto_priv.3
                0x00000000       0x10 /tmp/ccvh65NZ.ltrans0.ltrans.o
 .rodata.ADCPrescTable.lto_priv.3
                0x00000000       0x14 /tmp/ccvh65NZ.ltrans0.ltrans.o
 .rodata.APBAHBPrescTable.lto_priv.4
                0x00000000       0x10 /tmp/ccvh65NZ.ltrans0.ltrans.o
 .rodata.ADCPrescTable.lto_priv.4
                0x00000000       0x14 /tmp/ccvh65NZ.ltrans0.ltrans.o
 .comment       0x00000000       0x24 /tmp/ccvh65NZ.ltrans0.ltrans.o
 .note.GNU-stack
                0x00000000        0x0 /tmp/ccvh65NZ.ltrans0.ltrans.o
 .comment       0x00000000       0x24 /tmp/ccHgXeMj.debug.temp.o
 .note.GNU-stack
                0x00000000        0x0 /tmp/ccHgXeMj.debug.temp.o
 .comment       0x00000000       0x24 /tmp/ccec5lte.debug.temp.o
 .note.GNU-stack
                0x00000000        0x0 /tmp/ccec5lte.debug.temp.o
 .comment       0x00000000       0x24 /tmp/ccQo8pn9.debug.temp.o
 .note.GNU-stack
                0x00000000        0x0 /tmp/ccQo8pn9.debug.temp.o
 .comment       0x00000000       0x24 /tmp/cci0f7Qy.debug.temp.o
 .note.GNU-stack
                0x00000000        0x0 /tmp/cci0f7Qy.debug.temp.o
 .comment       0x00000000       0x24 /tmp/ccjlwag6.debug.temp.o
 .note.GNU-stack
                0x00000000        0x0 /tmp/ccjlwag6.debug.temp.o
 .comment       0x00000000       0x24 /tmp/ccgl0jE4.debug.temp.o
 .note.GNU-stack
                0x00000000        0x0 /tmp/ccgl0jE4.debug.temp.o
 .comment       0x00000000       0x24 /tmp/ccw8xl5Z.debug.temp.o
 .note.GNU-stack
                0x00000000        0x0 /tmp/ccw8xl5Z.debug.temp.o
 .data          0x00000000        0x0 ./toolkit/lib/libgcc.a(_divdi3.o)
 .bss           0x00000000        0x0 ./toolkit/lib/libgcc.a(_divdi3.o)
 .comment       0x00000000       0x1c ./toolkit/lib/libgcc.a(_divdi3.o)
 .eh_frame      0x00000000       0x40 ./toolkit/lib/libgcc.a(_divdi3.o)
 .data          0x00000000        0x0 ./toolkit/lib/libgcc.a(muldi3.o)
 .bss           0x00000000        0x0 ./toolkit/lib/libgcc.a(muldi3.o)
 .data          0x00000000        0x0 ./toolkit/lib/libgcc.a(div.o)
 .bss           0x00000000        0x0 ./toolkit/lib/libgcc.a(div.o)
 .text          0x00000000        0x0 ./toolkit/lib/libgcc.a(_clz.o)
 .data          0x00000000        0x0 ./toolkit/lib/libgcc.a(_clz.o)
 .bss           0x00000000        0x0 ./toolkit/lib/libgcc.a(_clz.o)
 .comment       0x00000000       0x1c ./toolkit/lib/libgcc.a(_clz.o)

Memory Configuration

Name             Origin             Length             Attributes
FLASH            0x00000000         0x00004000         xr
RAM              0x20000000         0x00000800         xrw
*default*        0x00000000         0xffffffff

Linker script and memory map

LOAD /tmp/ccKVgZeE.o
LOAD /tmp/ccvh65NZ.ltrans0.ltrans.o
LOAD /tmp/ccHgXeMj.debug.temp.o
LOAD /tmp/ccec5lte.debug.temp.o
LOAD /tmp/ccQo8pn9.debug.temp.o
LOAD /tmp/cci0f7Qy.debug.temp.o
LOAD /tmp/ccjlwag6.debug.temp.o
LOAD /tmp/ccgl0jE4.debug.temp.o
LOAD /tmp/ccw8xl5Z.debug.temp.o
LOAD /tmp/ccglryqi.o
LOAD /tmp/ccw2o3Un.o
LOAD /tmp/cck2KVY3.o
LOAD /tmp/ccAykFuD.o
LOAD /tmp/cch5DmMj.o
LOAD /tmp/ccgwXcAc.o
LOAD ./toolkit/lib/libgcc.a
LOAD ./toolkit/lib/libgcc.a
LOAD ./toolkit/lib/libgcc.a

.init           0x00000000       0xa0
                0x00000000                        _sinit = .
                0x00000000                        . = ALIGN (0x4)
 *(SORT_NONE(.init))
 .init          0x00000000       0x9e /tmp/ccvh65NZ.ltrans0.ltrans.o
                0x00000000                InterruptVectorDefault
                0x00000000                InterruptVector
                0x000000a0                        . = ALIGN (0x4)
 *fill*         0x0000009e        0x2 
                0x000000a0                        _einit = .

.text           0x000000a0     0x1fc8
                0x000000a0                        . = ALIGN (0x4)
 *(.text)
 .text          0x000000a0      0x482 ./toolkit/lib/libgcc.a(_divdi3.o)
                0x000000a0                __divdi3
 *fill*         0x00000522        0x2 
 .text          0x00000524       0x16 ./toolkit/lib/libgcc.a(muldi3.o)
                0x00000524                __mulsi3
 *fill*         0x0000053a        0x2 
 .text          0x0000053c       0x7e ./toolkit/lib/libgcc.a(div.o)
                0x0000053c                __divsi3
                0x00000544                __hidden___udivsi3
                0x00000544                __udivsi3
                0x00000570                __umodsi3
                0x00000594                __modsi3
 *(.text.*)
 .text.mini_pad
                0x000005ba       0x8a /tmp/ccvh65NZ.ltrans0.ltrans.o
 .text._puts    0x00000644       0x40 /tmp/ccvh65NZ.ltrans0.ltrans.o
 .text.PrintHex
                0x00000684       0x5a /tmp/ccvh65NZ.ltrans0.ltrans.o
 .text.mini_itoa.part.0
                0x000006de       0xc0 /tmp/ccvh65NZ.ltrans0.ltrans.o
 .text.gpio_set_mode
                0x0000079e       0x5c /tmp/ccvh65NZ.ltrans0.ltrans.o
 .text.i2c_error
                0x000007fa       0x84 /tmp/ccvh65NZ.ltrans0.ltrans.o
 .text.append_formatted_2dp_string
                0x0000087e       0x7a /tmp/ccvh65NZ.ltrans0.ltrans.o
 .text.gpio_set_opamp_inputs.constprop.0
                0x000008f8       0x24 /tmp/ccvh65NZ.ltrans0.ltrans.o
 .text.DelaySysTick.constprop.0
                0x0000091c       0x1a /tmp/ccvh65NZ.ltrans0.ltrans.o
 .text.internal_handle_input.constprop.0
                0x00000936        0xa /tmp/ccvh65NZ.ltrans0.ltrans.o
 .text._write.constprop.0
                0x00000940       0xe4 /tmp/ccvh65NZ.ltrans0.ltrans.o
 .text.__puts_uart
                0x00000a24       0x14 /tmp/ccvh65NZ.ltrans0.ltrans.o
 .text.i2c_write_reg
                0x00000a38      0x21a /tmp/ccvh65NZ.ltrans0.ltrans.o
 .text.handle_reset
                0x00000c52       0x72 /tmp/ccvh65NZ.ltrans0.ltrans.o
                0x00000c52                handle_reset
 .text.vector_handler
                0x00000cc4       0x5a /tmp/ccvh65NZ.ltrans0.ltrans.o
                0x00000cc4                EXTI2_IRQHandler
                0x00000cc4                TIM8_TRG_COM_IRQHandler
                0x00000cc4                TIM8_CC_IRQHandler
                0x00000cc4                UART8_IRQHandler
                0x00000cc4                TIM1_CC_IRQHandler
                0x00000cc4                HardFault_Handler
                0x00000cc4                GPIOB_IRQHandler
                0x00000cc4                USBPD_IRQHandler
                0x00000cc4                TIM6_IRQHandler
                0x00000cc4                GPIOA_IRQHandler
                0x00000cc4                PVD_IRQHandler
                0x00000cc4                SDIO_IRQHandler
                0x00000cc4                TIM9_BRK_IRQHandler
                0x00000cc4                DMA2_Channel8_IRQHandler
                0x00000cc4                CAN2_RX1_IRQHandler
                0x00000cc4                EXTI3_IRQHandler
                0x00000cc4                UART1_IRQHandler
                0x00000cc4                USBHS_IRQHandler
                0x00000cc4                DMA2_Channel9_IRQHandler
                0x00000cc4                TIM10_CC_IRQHandler
                0x00000cc4                EXTI25_16_IRQHandler
                0x00000cc4                USBFS_IRQHandler
                0x00000cc4                UART0_IRQHandler
                0x00000cc4                EXTI0_IRQHandler
                0x00000cc4                I2C2_EV_IRQHandler
                0x00000cc4                TIM10_TRG_COM_IRQHandler
                0x00000cc4                CAN2_SCE_IRQHandler
                0x00000cc4                ADC1_2_IRQHandler
                0x00000cc4                BB_IRQHandler
                0x00000cc4                Break_Point_Handler
                0x00000cc4                TIM2_CC_IRQHandler
                0x00000cc4                SPI1_IRQHandler
                0x00000cc4                TAMPER_IRQHandler
                0x00000cc4                TMR0_IRQHandler
                0x00000cc4                AWU_IRQHandler
                0x00000cc4                CAN2_RX0_IRQHandler
                0x00000cc4                OSCWakeUp_IRQHandler
                0x00000cc4                TIM8_UP_IRQHandler
                0x00000cc4                Ecall_M_Mode_Handler
                0x00000cc4                DMA2_Channel2_IRQHandler
                0x00000cc4                DMA1_Channel4_IRQHandler
                0x00000cc4                ADC1_IRQHandler
                0x00000cc4                TIM2_BRK_IRQHandler
                0x00000cc4                TIM9_UP_IRQHandler
                0x00000cc4                USART3_IRQHandler
                0x00000cc4                RTC_IRQHandler
                0x00000cc4                DMA1_Channel7_IRQHandler
                0x00000cc4                CAN1_RX1_IRQHandler
                0x00000cc4                DVP_IRQHandler
                0x00000cc4                UART5_IRQHandler
                0x00000cc4                EXTI15_8_IRQHandler
                0x00000cc4                TIM4_IRQHandler
                0x00000cc4                DMA2_Channel1_IRQHandler
                0x00000cc4                USBPD_WKUP_IRQHandler
                0x00000cc4                I2C1_EV_IRQHandler
                0x00000cc4                UART2_IRQHandler
                0x00000cc4                USART4_IRQHandler
                0x00000cc4                PWMX_IRQHandler
                0x00000cc4                DMA1_Channel6_IRQHandler
                0x00000cc4                UART4_IRQHandler
                0x00000cc4                DMA2_Channel4_IRQHandler
                0x00000cc4                TIM3_IRQHandler
                0x00000cc4                RCC_IRQHandler
                0x00000cc4                TIM1_TRG_COM_IRQHandler
                0x00000cc4                DMA1_Channel1_IRQHandler
                0x00000cc4                DMA2_Channel7_IRQHandler
                0x00000cc4                EXTI15_10_IRQHandler
                0x00000cc4                ADC_IRQHandler
                0x00000cc4                DMA1_Channel8_IRQHandler
                0x00000cc4                TMR2_IRQHandler
                0x00000cc4                DefaultIRQHandler
                0x00000cc4                TIM7_IRQHandler
                0x00000cc4                CAN2_TX_IRQHandler
                0x00000cc4                TIM5_IRQHandler
                0x00000cc4                USB_IRQHandler
                0x00000cc4                EXTI9_5_IRQHandler
                0x00000cc4                PIOC_IRQHandler
                0x00000cc4                SPI2_IRQHandler
                0x00000cc4                OSC32KCal_IRQHandler
                0x00000cc4                I2C_IRQHandler
                0x00000cc4                TIM10_BRK_IRQHandler
                0x00000cc4                TIM9_CC_IRQHandler
                0x00000cc4                DMA2_Channel5_IRQHandler
                0x00000cc4                USB2_IRQHandler
                0x00000cc4                USBHSWakeUp_IRQHandler
                0x00000cc4                DMA1_Channel5_IRQHandler
                0x00000cc4                EXTI4_IRQHandler
                0x00000cc4                USB_LP_CAN1_RX0_IRQHandler
                0x00000cc4                RNG_IRQHandler
                0x00000cc4                USB_HP_CAN1_TX_IRQHandler
                0x00000cc4                LLE_IRQHandler
                0x00000cc4                DMA1_Channel3_IRQHandler
                0x00000cc4                FSMC_IRQHandler
                0x00000cc4                ETH_IRQHandler
                0x00000cc4                TIM1_UP_IRQHandler
                0x00000cc4                WWDG_IRQHandler
                0x00000cc4                DMA2_Channel11_IRQHandler
                0x00000cc4                WDOG_BAT_IRQHandler
                0x00000cc4                Ecall_U_Mode_Handler
                0x00000cc4                TMR3_IRQHandler
                0x00000cc4                DMA2_Channel6_IRQHandler
                0x00000cc4                TIM2_IRQHandler
                0x00000cc4                SW_Handler
                0x00000cc4                TIM1_BRK_IRQHandler
                0x00000cc4                OPA_IRQHandler
                0x00000cc4                DMA2_Channel10_IRQHandler
                0x00000cc4                EXTI1_IRQHandler
                0x00000cc4                SPI0_IRQHandler
                0x00000cc4                RTCAlarm_IRQHandler
                0x00000cc4                TIM10_UP_IRQHandler
                0x00000cc4                TIM9_TRG_COM_IRQHandler
                0x00000cc4                UART7_IRQHandler
                0x00000cc4                USART2_IRQHandler
                0x00000cc4                UART6_IRQHandler
                0x00000cc4                ETHWakeUp_IRQHandler
                0x00000cc4                I2C2_ER_IRQHandler
                0x00000cc4                DMA1_Channel2_IRQHandler
                0x00000cc4                TIM8_BRK_IRQHandler
                0x00000cc4                TIM2_TRG_IRQHandler
                0x00000cc4                CAN1_SCE_IRQHandler
                0x00000cc4                FLASH_IRQHandler
                0x00000cc4                USBFSWakeUp_IRQHandler
                0x00000cc4                USART1_IRQHandler
                0x00000cc4                OTG_FS_IRQHandler
                0x00000cc4                SPI3_IRQHandler
                0x00000cc4                USBFS_WakeUp_IRQHandler
                0x00000cc4                UART3_IRQHandler
                0x00000cc4                I2C1_ER_IRQHandler
                0x00000cc4                TMR1_IRQHandler
                0x00000cc4                USBWakeUp_IRQHandler
                0x00000cc4                DMA2_Channel3_IRQHandler
                0x00000d10                NMI_Handler
                0x00000d10                NMI_RCC_CSS_IRQHandler
 .text.strlen   0x00000d1e       0x12 /tmp/ccvh65NZ.ltrans0.ltrans.o
                0x00000d1e                strlen
 .text.mini_vpprintf
                0x00000d30      0x1c2 /tmp/ccvh65NZ.ltrans0.ltrans.o
 .text.printf   0x00000ef2       0x24 /tmp/ccvh65NZ.ltrans0.ltrans.o
                0x00000ef2                printf
 .text.memset   0x00000f16       0x12 /tmp/ccvh65NZ.ltrans0.ltrans.o
                0x00000f16                memset
 .text.strchr   0x00000f28       0x16 /tmp/ccvh65NZ.ltrans0.ltrans.o
                0x00000f28                strchr
 .text.font16x16_to_framebuffer.part.0
                0x00000f3e       0x60 /tmp/ccvh65NZ.ltrans0.ltrans.o
 .text.memcpy   0x00000f9e       0x1c /tmp/ccvh65NZ.ltrans0.ltrans.o
                0x00000f9e                memcpy
 .text.font8x8_to_framebuffer.part.0
                0x00000fba       0x46 /tmp/ccvh65NZ.ltrans0.ltrans.o
 .text.SystemInit
                0x00001000       0x54 /tmp/ccvh65NZ.ltrans0.ltrans.o
                0x00001000                SystemInit
 .text.startup.main
                0x00001054      0x880 /tmp/ccvh65NZ.ltrans0.ltrans.o
                0x00001054                main
 .text.SysTick_Handler
                0x000018d4       0x32 /tmp/ccvh65NZ.ltrans0.ltrans.o
 .text.EXTI7_0_IRQHandler
                0x00001906       0xc8 /tmp/ccvh65NZ.ltrans0.ltrans.o
 *(.rodata)
 *fill*         0x000019ce        0x2 
 .rodata        0x000019d0      0x159 /tmp/ccvh65NZ.ltrans0.ltrans.o
 *fill*         0x00001b29        0x3 
 .rodata        0x00001b2c      0x100 ./toolkit/lib/libgcc.a(_clz.o)
                0x00001b2c                __clz_tab
 *(.rodata*)
 .rodata.main.str1.4
                0x00001c2c       0x3d /tmp/ccvh65NZ.ltrans0.ltrans.o
 *fill*         0x00001c69        0x3 
 .rodata.font8x8_data
                0x00001c6c      0x178 /tmp/ccvh65NZ.ltrans0.ltrans.o
 .rodata.font8x8_lut
                0x00001de4       0x30 /tmp/ccvh65NZ.ltrans0.ltrans.o
 .rodata.font16x16_data
                0x00001e14      0x220 /tmp/ccvh65NZ.ltrans0.ltrans.o
 .rodata.font16_16_lut
                0x00002034       0x12 /tmp/ccvh65NZ.ltrans0.ltrans.o
 *fill*         0x00002046        0x2 
 .rodata.GPIO_PORT_MAP
                0x00002048       0x10 /tmp/ccvh65NZ.ltrans0.ltrans.o
 .rodata.rotenc_table
                0x00002058       0x10 /tmp/ccvh65NZ.ltrans0.ltrans.o
 *(.gnu.linkonce.t.*)
                0x00002068                        . = ALIGN (0x4)

.rela.dyn       0x00002068        0x0
 .rela.text.handle_reset
                0x00002068        0x0 /tmp/ccvh65NZ.ltrans0.ltrans.o

.fini           0x00002068        0x0
 *(SORT_NONE(.fini))
                0x00002068                        . = ALIGN (0x4)
                [!provide]                        PROVIDE (_etext = .)
                [!provide]                        PROVIDE (_eitcm = .)

.preinit_array  0x00002068        0x0
                [!provide]                        PROVIDE (__preinit_array_start = .)
 *(.preinit_array)
                [!provide]                        PROVIDE (__preinit_array_end = .)

.init_array     0x00002068        0x0
                [!provide]                        PROVIDE (__init_array_start = .)
 *(SORT_BY_INIT_PRIORITY(.init_array.*) SORT_BY_INIT_PRIORITY(.ctors.*))
 *(.init_array EXCLUDE_FILE(*crtend?.o *crtend.o *crtbegin?.o *crtbegin.o) .ctors)
                [!provide]                        PROVIDE (__init_array_end = .)

.fini_array     0x00002068        0x0
                [!provide]                        PROVIDE (__fini_array_start = .)
 *(SORT_BY_INIT_PRIORITY(.fini_array.*) SORT_BY_INIT_PRIORITY(.dtors.*))
 *(.fini_array EXCLUDE_FILE(*crtend?.o *crtend.o *crtbegin?.o *crtbegin.o) .dtors)
                [!provide]                        PROVIDE (__fini_array_end = .)

.ctors
 *crtbegin.o(.ctors)
 *crtbegin?.o(.ctors)
 *(EXCLUDE_FILE(*crtend?.o *crtend.o) .ctors)
 *(SORT_BY_NAME(.ctors.*))
 *(.ctors)

.dtors
 *crtbegin.o(.dtors)
 *crtbegin?.o(.dtors)
 *(EXCLUDE_FILE(*crtend?.o *crtend.o) .dtors)
 *(SORT_BY_NAME(.dtors.*))
 *(.dtors)

.dalign         0x20000000        0x0 load address 0x00002068
                0x20000000                        . = ALIGN (0x4)
                0x20000000                        PROVIDE (_data_vma = .)

.dlalign        0x00002068        0x0
                0x00002068                        . = ALIGN (0x4)
                0x00002068                        PROVIDE (_data_lma = .)

.data           0x20000000       0x28 load address 0x00002068
                0x20000000                        . = ALIGN (0x4)
                0x200003fc                        __global_pointer$ = (. + 0x3fc)
 *(.gnu.linkonce.r.*)
 *(.data .data.*)
 *(.gnu.linkonce.d.*)
                0x20000000                        . = ALIGN (0x8)
 *(.sdata .sdata.*)
 .sdata.rotenc_prev_bitmask.1
                0x20000000        0x1 /tmp/ccvh65NZ.ltrans0.ltrans.o
 *fill*         0x20000001        0x1 
 .sdata.led_val.2
                0x20000002        0x2 /tmp/ccvh65NZ.ltrans0.ltrans.o
 .sdata.led_inc.3
                0x20000004        0x1 /tmp/ccvh65NZ.ltrans0.ltrans.o
 *fill*         0x20000005        0x3 
 .sdata.current_str.3
                0x20000008        0x7 /tmp/ccvh65NZ.ltrans0.ltrans.o
 *fill*         0x2000000f        0x1 
 .sdata.voltage_str.2
                0x20000010        0x7 /tmp/ccvh65NZ.ltrans0.ltrans.o
 *fill*         0x20000017        0x1 
 .sdata.actual_str.0
                0x20000018        0x6 /tmp/ccvh65NZ.ltrans0.ltrans.o
 *fill*         0x2000001e        0x2 
 .sdata.target_str.1
                0x20000020        0x6 /tmp/ccvh65NZ.ltrans0.ltrans.o
 .sdata.g_target_temperature
                0x20000026        0x2 /tmp/ccvh65NZ.ltrans0.ltrans.o
 *(.sdata2*)
 *(.gnu.linkonce.s.*)
                0x20000028                        . = ALIGN (0x8)
 *(.srodata.cst16)
 *(.srodata.cst8)
 *(.srodata.cst4)
 *(.srodata.cst2)
 *(.srodata .srodata.*)
                0x20000028                        . = ALIGN (0x4)
                0x20000028                        PROVIDE (_edata = .)

.bss            0x20000028      0x43c load address 0x00002090
                0x20000028                        . = ALIGN (0x4)
                0x20000028                        PROVIDE (_sbss = .)
 *(.sbss*)
 .sbss.accumulator.0
                0x20000028        0x1 /tmp/ccvh65NZ.ltrans0.ltrans.o
 *fill*         0x20000029        0x3 
 .sbss._i2c_timeout
                0x2000002c        0x4 /tmp/ccvh65NZ.ltrans0.ltrans.o
 .sbss._opamp_calibration_gain
                0x20000030        0x2 /tmp/ccvh65NZ.ltrans0.ltrans.o
 .sbss._opamp_calibration_offset
                0x20000032        0x2 /tmp/ccvh65NZ.ltrans0.ltrans.o
 .sbss.average_index.0
                0x20000034        0x1 /tmp/ccvh65NZ.ltrans0.ltrans.o
 *fill*         0x20000035        0x3 
 .sbss.rolling_sum.1
                0x20000038        0x4 /tmp/ccvh65NZ.ltrans0.ltrans.o
 .sbss._oled_dev
                0x2000003c        0x4 /tmp/ccvh65NZ.ltrans0.ltrans.o
 .sbss.g_battery_current_ma
                0x20000040        0x2 /tmp/ccvh65NZ.ltrans0.ltrans.o
 .sbss.g_battery_voltage_mv
                0x20000042        0x2 /tmp/ccvh65NZ.ltrans0.ltrans.o
 .sbss.heater_pwm.4
                0x20000044        0x4 /tmp/ccvh65NZ.ltrans0.ltrans.o
 .sbss.g_measured_temperature
                0x20000048        0x2 /tmp/ccvh65NZ.ltrans0.ltrans.o
 .sbss.g_rotary_encoder_clicks
                0x2000004a        0x2 /tmp/ccvh65NZ.ltrans0.ltrans.o
 .sbss.g_systick_millis
                0x2000004c        0x4 /tmp/ccvh65NZ.ltrans0.ltrans.o
 .sbss.g_heater_enabled
                0x20000050        0x1 /tmp/ccvh65NZ.ltrans0.ltrans.o
 *(.gnu.linkonce.sb.*)
 *(.bss*)
 *fill*         0x20000051        0x3 
 .bss._average_current_buffer
                0x20000054       0x10 /tmp/ccvh65NZ.ltrans0.ltrans.o
 .bss._oled_buffer
                0x20000064      0x400 /tmp/ccvh65NZ.ltrans0.ltrans.o
 *(.gnu.linkonce.b.*)
 *(COMMON*)
                0x20000464                        . = ALIGN (0x4)
                0x20000464                        PROVIDE (_ebss = .)
                [!provide]                        PROVIDE (_end = _ebss)
                [!provide]                        PROVIDE (end = .)
                0x20000800                        PROVIDE (_eusrstack = (ORIGIN (RAM) + LENGTH (RAM)))

/DISCARD/
 *(.note .note.*)
 *(.eh_frame .eh_frame.*)
 *(.comment .comment.*)
 *(.ARM.extab* .gnu.linkonce.armextab.*)
 *(.ARM.exidx*)
OUTPUT(build/tcrhmag.elf elf32-littleriscv)

.riscv.attributes
                0x00000000       0x25
 .riscv.attributes
                0x00000000       0x25 /tmp/ccvh65NZ.ltrans0.ltrans.o
 .riscv.attributes
                0x00000025       0x21 ./toolkit/lib/libgcc.a(_divdi3.o)
 .riscv.attributes
                0x00000046       0x1f ./toolkit/lib/libgcc.a(muldi3.o)
 .riscv.attributes
                0x00000065       0x1f ./toolkit/lib/libgcc.a(div.o)
 .riscv.attributes
                0x00000084       0x21 ./toolkit/lib/libgcc.a(_clz.o)

.debug_info     0x00000000     0x6a6f
 .debug_info    0x00000000     0x2266 /tmp/ccvh65NZ.ltrans0.ltrans.o
 .debug_info    0x00002266     0x10b4 /tmp/ccHgXeMj.debug.temp.o
                0x00002266                ch32fun.c.e1d0904f
 .debug_info    0x0000331a     0x11c5 /tmp/ccec5lte.debug.temp.o
                0x0000331a                tcrhmag.c.fe1095c6
 .debug_info    0x000044df      0x35b /tmp/ccQo8pn9.debug.temp.o
                0x000044df                battery.c.a40a2036
 .debug_info    0x0000483a      0x6db /tmp/cci0f7Qy.debug.temp.o
                0x0000483a                lib_gpioctrl.c.9b7c6186
 .debug_info    0x00004f15      0x903 /tmp/ccjlwag6.debug.temp.o
                0x00004f15                lib_i2c.c.771b9666
 .debug_info    0x00005818      0x1ae /tmp/ccgl0jE4.debug.temp.o
                0x00005818                lib_pid.c.7f95fc39
 .debug_info    0x000059c6      0x5cd /tmp/ccw8xl5Z.debug.temp.o
                0x000059c6                oled.c.45f942c9
 .debug_info    0x00005f93      0x976 ./toolkit/lib/libgcc.a(_divdi3.o)
 .debug_info    0x00006909       0x31 ./toolkit/lib/libgcc.a(muldi3.o)
 .debug_info    0x0000693a       0x5d ./toolkit/lib/libgcc.a(div.o)
 .debug_info    0x00006997       0xd8 ./toolkit/lib/libgcc.a(_clz.o)

.debug_abbrev   0x00000000     0x11c9
 .debug_abbrev  0x00000000      0x232 /tmp/ccvh65NZ.ltrans0.ltrans.o
 .debug_abbrev  0x00000232      0x258 /tmp/ccHgXeMj.debug.temp.o
 .debug_abbrev  0x0000048a      0x31c /tmp/ccec5lte.debug.temp.o
 .debug_abbrev  0x000007a6      0x14a /tmp/ccQo8pn9.debug.temp.o
 .debug_abbrev  0x000008f0      0x18b /tmp/cci0f7Qy.debug.temp.o
 .debug_abbrev  0x00000a7b      0x23e /tmp/ccjlwag6.debug.temp.o
 .debug_abbrev  0x00000cb9       0xe5 /tmp/ccgl0jE4.debug.temp.o
 .debug_abbrev  0x00000d9e      0x182 /tmp/ccw8xl5Z.debug.temp.o
 .debug_abbrev  0x00000f20      0x1e9 ./toolkit/lib/libgcc.a(_divdi3.o)
 .debug_abbrev  0x00001109       0x28 ./toolkit/lib/libgcc.a(muldi3.o)
 .debug_abbrev  0x00001131       0x28 ./toolkit/lib/libgcc.a(div.o)
 .debug_abbrev  0x00001159       0x70 ./toolkit/lib/libgcc.a(_clz.o)

.debug_loclists
                0x00000000     0x2d52
 .debug_loclists
                0x00000000     0x1ff5 /tmp/ccvh65NZ.ltrans0.ltrans.o
 .debug_loclists
                0x00001ff5      0xd5d ./toolkit/lib/libgcc.a(_divdi3.o)

.debug_aranges  0x00000000      0x210
 .debug_aranges
                0x00000000      0x198 /tmp/ccvh65NZ.ltrans0.ltrans.o
 .debug_aranges
                0x00000198       0x20 ./toolkit/lib/libgcc.a(_divdi3.o)
 .debug_aranges
                0x000001b8       0x20 ./toolkit/lib/libgcc.a(muldi3.o)
 .debug_aranges
                0x000001d8       0x20 ./toolkit/lib/libgcc.a(div.o)
 .debug_aranges
                0x000001f8       0x18 ./toolkit/lib/libgcc.a(_clz.o)

.debug_rnglists
                0x00000000      0x590
 .debug_rnglists
                0x00000000      0x49a /tmp/ccvh65NZ.ltrans0.ltrans.o
 .debug_rnglists
                0x0000049a       0xf6 ./toolkit/lib/libgcc.a(_divdi3.o)

.debug_line     0x00000000     0x56b4
 .debug_line    0x00000000     0x498b /tmp/ccvh65NZ.ltrans0.ltrans.o
 .debug_line    0x0000498b       0x72 /tmp/ccHgXeMj.debug.temp.o
 .debug_line    0x000049fd       0x78 /tmp/ccec5lte.debug.temp.o
 .debug_line    0x00004a75       0x68 /tmp/ccQo8pn9.debug.temp.o
 .debug_line    0x00004add       0x51 /tmp/cci0f7Qy.debug.temp.o
 .debug_line    0x00004b2e       0x68 /tmp/ccjlwag6.debug.temp.o
 .debug_line    0x00004b96       0x51 /tmp/ccgl0jE4.debug.temp.o
 .debug_line    0x00004be7       0x71 /tmp/ccw8xl5Z.debug.temp.o
 .debug_line    0x00004c58      0x850 ./toolkit/lib/libgcc.a(_divdi3.o)
 .debug_line    0x000054a8       0x7a ./toolkit/lib/libgcc.a(muldi3.o)
 .debug_line    0x00005522      0x153 ./toolkit/lib/libgcc.a(div.o)
 .debug_line    0x00005675       0x3f ./toolkit/lib/libgcc.a(_clz.o)

.debug_str      0x00000000     0x1cd7
 .debug_str     0x00000000     0x1cd7 /tmp/ccvh65NZ.ltrans0.ltrans.o
                                0x1a8 (size before relaxing)
 .debug_str     0x00001cd7      0x6c0 /tmp/ccHgXeMj.debug.temp.o
 .debug_str     0x00001cd7      0xfec /tmp/ccec5lte.debug.temp.o
 .debug_str     0x00001cd7      0x415 /tmp/ccQo8pn9.debug.temp.o
 .debug_str     0x00001cd7      0x7a4 /tmp/cci0f7Qy.debug.temp.o
 .debug_str     0x00001cd7      0x519 /tmp/ccjlwag6.debug.temp.o
 .debug_str     0x00001cd7      0x1bc /tmp/ccgl0jE4.debug.temp.o
 .debug_str     0x00001cd7      0x496 /tmp/ccw8xl5Z.debug.temp.o
 .debug_str     0x00001cd7      0x276 ./toolkit/lib/libgcc.a(_divdi3.o)
 .debug_str     0x00001cd7       0xac ./toolkit/lib/libgcc.a(muldi3.o)
 .debug_str     0x00001cd7       0xd9 ./toolkit/lib/libgcc.a(div.o)
 .debug_str     0x00001cd7      0x19b ./toolkit/lib/libgcc.a(_clz.o)

.debug_line_str
                0x00000000      0x2ea
 .debug_line_str
                0x00000000      0x2ea /tmp/ccvh65NZ.ltrans0.ltrans.o
                                0x114 (size before relaxing)
 .debug_line_str
                0x000002ea      0x152 /tmp/ccHgXeMj.debug.temp.o
 .debug_line_str
                0x000002ea      0x11f /tmp/ccec5lte.debug.temp.o
 .debug_line_str
                0x000002ea      0x112 /tmp/ccQo8pn9.debug.temp.o
 .debug_line_str
                0x000002ea       0xd0 /tmp/cci0f7Qy.debug.temp.o
 .debug_line_str
                0x000002ea      0x11d /tmp/ccjlwag6.debug.temp.o
 .debug_line_str
                0x000002ea       0xc1 /tmp/ccgl0jE4.debug.temp.o
 .debug_line_str
                0x000002ea      0x13e /tmp/ccw8xl5Z.debug.temp.o
 .debug_line_str
                0x000002ea      0x126 ./toolkit/lib/libgcc.a(_divdi3.o)
 .debug_line_str
                0x000002ea       0x95 ./toolkit/lib/libgcc.a(muldi3.o)
 .debug_line_str
                0x000002ea       0x92 ./toolkit/lib/libgcc.a(div.o)
 .debug_line_str
                0x000002ea      0x126 ./toolkit/lib/libgcc.a(_clz.o)

.debug_frame    0x00000000      0x4d8
 .debug_frame   0x00000000      0x4d8 /tmp/ccvh65NZ.ltrans0.ltrans.o
