Archive member included to satisfy reference by file (symbol)

./toolkit/lib/libgcc.a(div.o)
                              /tmp/ccjUBZ7m.ltrans0.ltrans.o (__udivsi3)

Discarded input sections

 .text          0x00000000        0x0 /tmp/ccjUBZ7m.ltrans0.ltrans.o
 .data          0x00000000        0x0 /tmp/ccjUBZ7m.ltrans0.ltrans.o
 .bss           0x00000000        0x0 /tmp/ccjUBZ7m.ltrans0.ltrans.o
 .text.mini_pad
                0x00000000       0x8a /tmp/ccjUBZ7m.ltrans0.ltrans.o
 .text._puts    0x00000000       0x40 /tmp/ccjUBZ7m.ltrans0.ltrans.o
 .text.mini_itoa.part.0
                0x00000000       0xcc /tmp/ccjUBZ7m.ltrans0.ltrans.o
 .text.internal_handle_input.constprop.0
                0x00000000        0xa /tmp/ccjUBZ7m.ltrans0.ltrans.o
 .text._write.constprop.0
                0x00000000       0xf0 /tmp/ccjUBZ7m.ltrans0.ltrans.o
 .text.__puts_uart
                0x00000000       0x1a /tmp/ccjUBZ7m.ltrans0.ltrans.o
 .text.strlen   0x00000000       0x12 /tmp/ccjUBZ7m.ltrans0.ltrans.o
 .text.mini_vpprintf
                0x00000000      0x1d8 /tmp/ccjUBZ7m.ltrans0.ltrans.o
 .text.printf   0x00000000       0x2c /tmp/ccjUBZ7m.ltrans0.ltrans.o
 .text.vprintf  0x00000000       0x16 /tmp/ccjUBZ7m.ltrans0.ltrans.o
 .text.mini_vsnprintf
                0x00000000       0x42 /tmp/ccjUBZ7m.ltrans0.ltrans.o
 .text.snprintf
                0x00000000       0x1c /tmp/ccjUBZ7m.ltrans0.ltrans.o
 .text.sprintf  0x00000000       0x26 /tmp/ccjUBZ7m.ltrans0.ltrans.o
 .text.memset   0x00000000       0x12 /tmp/ccjUBZ7m.ltrans0.ltrans.o
 .text.strcpy   0x00000000       0x14 /tmp/ccjUBZ7m.ltrans0.ltrans.o
 .text.strncpy  0x00000000       0x1c /tmp/ccjUBZ7m.ltrans0.ltrans.o
 .text.strcmp   0x00000000       0x1a /tmp/ccjUBZ7m.ltrans0.ltrans.o
 .text.strncmp  0x00000000       0x2e /tmp/ccjUBZ7m.ltrans0.ltrans.o
 .text.strchr   0x00000000       0x16 /tmp/ccjUBZ7m.ltrans0.ltrans.o
 .text.strrchr  0x00000000       0x3c /tmp/ccjUBZ7m.ltrans0.ltrans.o
 .text.memcpy   0x00000000       0x1c /tmp/ccjUBZ7m.ltrans0.ltrans.o
 .text.memcmp   0x00000000       0x20 /tmp/ccjUBZ7m.ltrans0.ltrans.o
 .text.memmove  0x00000000       0x5e /tmp/ccjUBZ7m.ltrans0.ltrans.o
 .text.memchr   0x00000000       0x1a /tmp/ccjUBZ7m.ltrans0.ltrans.o
 .text.strnlen  0x00000000       0x2a /tmp/ccjUBZ7m.ltrans0.ltrans.o
 .text.twoway_strstr
                0x00000000      0x232 /tmp/ccjUBZ7m.ltrans0.ltrans.o
 .text.strstr   0x00000000      0x11c /tmp/ccjUBZ7m.ltrans0.ltrans.o
 .rodata.puts.str1.4
                0x00000000        0x2 /tmp/ccjUBZ7m.ltrans0.ltrans.o
 .text.puts     0x00000000       0x40 /tmp/ccjUBZ7m.ltrans0.ltrans.o
 .text.setjmp   0x00000000       0x10 /tmp/ccjUBZ7m.ltrans0.ltrans.o
 .text.longjmp  0x00000000       0x14 /tmp/ccjUBZ7m.ltrans0.ltrans.o
 .text.putchar  0x00000000       0x68 /tmp/ccjUBZ7m.ltrans0.ltrans.o
 .rodata.APBAHBPrescTable.lto_priv.0
                0x00000000       0x10 /tmp/ccjUBZ7m.ltrans0.ltrans.o
 .rodata.ADCPrescTable.lto_priv.0
                0x00000000       0x14 /tmp/ccjUBZ7m.ltrans0.ltrans.o
 .rodata.APBAHBPrescTable.lto_priv.1
                0x00000000       0x10 /tmp/ccjUBZ7m.ltrans0.ltrans.o
 .rodata.ADCPrescTable.lto_priv.1
                0x00000000       0x14 /tmp/ccjUBZ7m.ltrans0.ltrans.o
 .comment       0x00000000       0x24 /tmp/ccjUBZ7m.ltrans0.ltrans.o
 .note.GNU-stack
                0x00000000        0x0 /tmp/ccjUBZ7m.ltrans0.ltrans.o
 .comment       0x00000000       0x24 /tmp/ccBzet4a.debug.temp.o
 .note.GNU-stack
                0x00000000        0x0 /tmp/ccBzet4a.debug.temp.o
 .comment       0x00000000       0x24 /tmp/ccx0kYDa.debug.temp.o
 .note.GNU-stack
                0x00000000        0x0 /tmp/ccx0kYDa.debug.temp.o
 .comment       0x00000000       0x24 /tmp/ccqh7jig.debug.temp.o
 .note.GNU-stack
                0x00000000        0x0 /tmp/ccqh7jig.debug.temp.o
 .debug_info    0x00000000       0x1e /tmp/ccdCnKaV.debug.temp.o
 .debug_abbrev  0x00000000       0x10 /tmp/ccdCnKaV.debug.temp.o
 .debug_line    0x00000000       0x31 /tmp/ccdCnKaV.debug.temp.o
 .debug_str     0x00000000       0x97 /tmp/ccdCnKaV.debug.temp.o
 .debug_line_str
                0x00000000       0x3e /tmp/ccdCnKaV.debug.temp.o
 .comment       0x00000000       0x24 /tmp/ccdCnKaV.debug.temp.o
 .note.GNU-stack
                0x00000000        0x0 /tmp/ccdCnKaV.debug.temp.o
 .text          0x00000000       0x80 ./toolkit/lib/libgcc.a(div.o)
 .data          0x00000000        0x0 ./toolkit/lib/libgcc.a(div.o)
 .bss           0x00000000        0x0 ./toolkit/lib/libgcc.a(div.o)
 .debug_line    0x00000000      0x153 ./toolkit/lib/libgcc.a(div.o)
 .debug_line_str
                0x00000000       0x92 ./toolkit/lib/libgcc.a(div.o)
 .debug_info    0x00000000       0x5d ./toolkit/lib/libgcc.a(div.o)
 .debug_abbrev  0x00000000       0x28 ./toolkit/lib/libgcc.a(div.o)
 .debug_aranges
                0x00000000       0x20 ./toolkit/lib/libgcc.a(div.o)
 .debug_str     0x00000000       0xd9 ./toolkit/lib/libgcc.a(div.o)
 .riscv.attributes
                0x00000000       0x1f ./toolkit/lib/libgcc.a(div.o)

Memory Configuration

Name             Origin             Length             Attributes
FLASH            0x00000000         0x00004000         xr
RAM              0x20000000         0x00000800         xrw
*default*        0x00000000         0xffffffff

Linker script and memory map

LOAD /tmp/ccVXO24L.o
LOAD /tmp/ccjUBZ7m.ltrans0.ltrans.o
LOAD /tmp/ccBzet4a.debug.temp.o
LOAD /tmp/ccx0kYDa.debug.temp.o
LOAD /tmp/ccqh7jig.debug.temp.o
LOAD /tmp/ccdCnKaV.debug.temp.o
LOAD /tmp/ccYlpbFb.o
LOAD /tmp/ccD1XIkY.o
LOAD /tmp/ccxIeEHz.o
LOAD ./toolkit/lib/libgcc.a
LOAD ./toolkit/lib/libgcc.a
LOAD ./toolkit/lib/libgcc.a

.init           0x00000000       0xa0
                0x00000000                        _sinit = .
                0x00000000                        . = ALIGN (0x4)
 *(SORT_NONE(.init))
 .init          0x00000000       0x9e /tmp/ccjUBZ7m.ltrans0.ltrans.o
                0x00000000                InterruptVectorDefault
                0x00000000                InterruptVector
                0x000000a0                        . = ALIGN (0x4)
 *fill*         0x0000009e        0x2 
                0x000000a0                        _einit = .

.text           0x000000a0      0x370
                0x000000a0                        . = ALIGN (0x4)
 *(.text)
 *(.text.*)
 .text.PrintHex
                0x000000a0       0x5a /tmp/ccjUBZ7m.ltrans0.ltrans.o
 .text.gpio_set_mode
                0x000000fa       0x44 /tmp/ccjUBZ7m.ltrans0.ltrans.o
 .text.handle_reset
                0x0000013e       0x6c /tmp/ccjUBZ7m.ltrans0.ltrans.o
                0x0000013e                handle_reset
 .text.vector_handler
                0x000001aa       0x5a /tmp/ccjUBZ7m.ltrans0.ltrans.o
                0x000001aa                EXTI2_IRQHandler
                0x000001aa                TIM8_TRG_COM_IRQHandler
                0x000001aa                TIM8_CC_IRQHandler
                0x000001aa                UART8_IRQHandler
                0x000001aa                TIM1_CC_IRQHandler
                0x000001aa                HardFault_Handler
                0x000001aa                GPIOB_IRQHandler
                0x000001aa                USBPD_IRQHandler
                0x000001aa                TIM6_IRQHandler
                0x000001aa                GPIOA_IRQHandler
                0x000001aa                PVD_IRQHandler
                0x000001aa                SDIO_IRQHandler
                0x000001aa                TIM9_BRK_IRQHandler
                0x000001aa                DMA2_Channel8_IRQHandler
                0x000001aa                CAN2_RX1_IRQHandler
                0x000001aa                EXTI3_IRQHandler
                0x000001aa                UART1_IRQHandler
                0x000001aa                USBHS_IRQHandler
                0x000001aa                DMA2_Channel9_IRQHandler
                0x000001aa                TIM10_CC_IRQHandler
                0x000001aa                EXTI25_16_IRQHandler
                0x000001aa                USBFS_IRQHandler
                0x000001aa                UART0_IRQHandler
                0x000001aa                EXTI0_IRQHandler
                0x000001aa                I2C2_EV_IRQHandler
                0x000001aa                TIM10_TRG_COM_IRQHandler
                0x000001aa                CAN2_SCE_IRQHandler
                0x000001aa                ADC1_2_IRQHandler
                0x000001aa                BB_IRQHandler
                0x000001aa                Break_Point_Handler
                0x000001aa                TIM2_CC_IRQHandler
                0x000001aa                SPI1_IRQHandler
                0x000001aa                TAMPER_IRQHandler
                0x000001aa                TMR0_IRQHandler
                0x000001aa                AWU_IRQHandler
                0x000001aa                EXTI7_0_IRQHandler
                0x000001aa                CAN2_RX0_IRQHandler
                0x000001aa                OSCWakeUp_IRQHandler
                0x000001aa                TIM8_UP_IRQHandler
                0x000001aa                Ecall_M_Mode_Handler
                0x000001aa                DMA2_Channel2_IRQHandler
                0x000001aa                DMA1_Channel4_IRQHandler
                0x000001aa                ADC1_IRQHandler
                0x000001aa                TIM2_BRK_IRQHandler
                0x000001aa                TIM9_UP_IRQHandler
                0x000001aa                USART3_IRQHandler
                0x000001aa                RTC_IRQHandler
                0x000001aa                DMA1_Channel7_IRQHandler
                0x000001aa                CAN1_RX1_IRQHandler
                0x000001aa                DVP_IRQHandler
                0x000001aa                UART5_IRQHandler
                0x000001aa                EXTI15_8_IRQHandler
                0x000001aa                TIM4_IRQHandler
                0x000001aa                DMA2_Channel1_IRQHandler
                0x000001aa                USBPD_WKUP_IRQHandler
                0x000001aa                I2C1_EV_IRQHandler
                0x000001aa                UART2_IRQHandler
                0x000001aa                USART4_IRQHandler
                0x000001aa                PWMX_IRQHandler
                0x000001aa                DMA1_Channel6_IRQHandler
                0x000001aa                UART4_IRQHandler
                0x000001aa                DMA2_Channel4_IRQHandler
                0x000001aa                TIM3_IRQHandler
                0x000001aa                RCC_IRQHandler
                0x000001aa                TIM1_TRG_COM_IRQHandler
                0x000001aa                DMA1_Channel1_IRQHandler
                0x000001aa                DMA2_Channel7_IRQHandler
                0x000001aa                EXTI15_10_IRQHandler
                0x000001aa                ADC_IRQHandler
                0x000001aa                DMA1_Channel8_IRQHandler
                0x000001aa                TMR2_IRQHandler
                0x000001aa                DefaultIRQHandler
                0x000001aa                TIM7_IRQHandler
                0x000001aa                CAN2_TX_IRQHandler
                0x000001aa                TIM5_IRQHandler
                0x000001aa                USB_IRQHandler
                0x000001aa                EXTI9_5_IRQHandler
                0x000001aa                PIOC_IRQHandler
                0x000001aa                SPI2_IRQHandler
                0x000001aa                OSC32KCal_IRQHandler
                0x000001aa                I2C_IRQHandler
                0x000001aa                TIM10_BRK_IRQHandler
                0x000001aa                TIM9_CC_IRQHandler
                0x000001aa                DMA2_Channel5_IRQHandler
                0x000001aa                USB2_IRQHandler
                0x000001aa                USBHSWakeUp_IRQHandler
                0x000001aa                DMA1_Channel5_IRQHandler
                0x000001aa                EXTI4_IRQHandler
                0x000001aa                USB_LP_CAN1_RX0_IRQHandler
                0x000001aa                RNG_IRQHandler
                0x000001aa                USB_HP_CAN1_TX_IRQHandler
                0x000001aa                LLE_IRQHandler
                0x000001aa                DMA1_Channel3_IRQHandler
                0x000001aa                FSMC_IRQHandler
                0x000001aa                ETH_IRQHandler
                0x000001aa                TIM1_UP_IRQHandler
                0x000001aa                WWDG_IRQHandler
                0x000001aa                DMA2_Channel11_IRQHandler
                0x000001aa                WDOG_BAT_IRQHandler
                0x000001aa                Ecall_U_Mode_Handler
                0x000001aa                TMR3_IRQHandler
                0x000001aa                DMA2_Channel6_IRQHandler
                0x000001aa                TIM2_IRQHandler
                0x000001aa                SW_Handler
                0x000001aa                TIM1_BRK_IRQHandler
                0x000001aa                OPA_IRQHandler
                0x000001aa                DMA2_Channel10_IRQHandler
                0x000001aa                EXTI1_IRQHandler
                0x000001aa                SPI0_IRQHandler
                0x000001aa                RTCAlarm_IRQHandler
                0x000001aa                TIM10_UP_IRQHandler
                0x000001aa                TIM9_TRG_COM_IRQHandler
                0x000001aa                UART7_IRQHandler
                0x000001aa                USART2_IRQHandler
                0x000001aa                UART6_IRQHandler
                0x000001aa                ETHWakeUp_IRQHandler
                0x000001aa                I2C2_ER_IRQHandler
                0x000001aa                DMA1_Channel2_IRQHandler
                0x000001aa                TIM8_BRK_IRQHandler
                0x000001aa                TIM2_TRG_IRQHandler
                0x000001aa                CAN1_SCE_IRQHandler
                0x000001aa                FLASH_IRQHandler
                0x000001aa                USBFSWakeUp_IRQHandler
                0x000001aa                USART1_IRQHandler
                0x000001aa                OTG_FS_IRQHandler
                0x000001aa                SPI3_IRQHandler
                0x000001aa                USBFS_WakeUp_IRQHandler
                0x000001aa                UART3_IRQHandler
                0x000001aa                I2C1_ER_IRQHandler
                0x000001aa                TMR1_IRQHandler
                0x000001aa                USBWakeUp_IRQHandler
                0x000001aa                DMA2_Channel3_IRQHandler
                0x000001f6                NMI_Handler
                0x000001f6                NMI_RCC_CSS_IRQHandler
 .text.SystemInit
                0x00000204       0x54 /tmp/ccjUBZ7m.ltrans0.ltrans.o
                0x00000204                SystemInit
 .text.startup.main
                0x00000258      0x174 /tmp/ccjUBZ7m.ltrans0.ltrans.o
                0x00000258                main
 .text.SysTick_Handler
                0x000003cc       0x32 /tmp/ccjUBZ7m.ltrans0.ltrans.o
 *(.rodata)
 *(.rodata*)
 *fill*         0x000003fe        0x2 
 .rodata.GPIO_PORT_MAP
                0x00000400       0x10 /tmp/ccjUBZ7m.ltrans0.ltrans.o
 *(.gnu.linkonce.t.*)
                0x00000410                        . = ALIGN (0x4)

.rela.dyn       0x00000410        0x0
 .rela.text.handle_reset
                0x00000410        0x0 /tmp/ccjUBZ7m.ltrans0.ltrans.o

.fini           0x00000410        0x0
 *(SORT_NONE(.fini))
                0x00000410                        . = ALIGN (0x4)
                [!provide]                        PROVIDE (_etext = .)
                [!provide]                        PROVIDE (_eitcm = .)

.preinit_array  0x00000410        0x0
                [!provide]                        PROVIDE (__preinit_array_start = .)
 *(.preinit_array)
                [!provide]                        PROVIDE (__preinit_array_end = .)

.init_array     0x00000410        0x0
                [!provide]                        PROVIDE (__init_array_start = .)
 *(SORT_BY_INIT_PRIORITY(.init_array.*) SORT_BY_INIT_PRIORITY(.ctors.*))
 *(.init_array EXCLUDE_FILE(*crtend?.o *crtend.o *crtbegin?.o *crtbegin.o) .ctors)
                [!provide]                        PROVIDE (__init_array_end = .)

.fini_array     0x00000410        0x0
                [!provide]                        PROVIDE (__fini_array_start = .)
 *(SORT_BY_INIT_PRIORITY(.fini_array.*) SORT_BY_INIT_PRIORITY(.dtors.*))
 *(.fini_array EXCLUDE_FILE(*crtend?.o *crtend.o *crtbegin?.o *crtbegin.o) .dtors)
                [!provide]                        PROVIDE (__fini_array_end = .)

.ctors
 *crtbegin.o(.ctors)
 *crtbegin?.o(.ctors)
 *(EXCLUDE_FILE(*crtend?.o *crtend.o) .ctors)
 *(SORT_BY_NAME(.ctors.*))
 *(.ctors)

.dtors
 *crtbegin.o(.dtors)
 *crtbegin?.o(.dtors)
 *(EXCLUDE_FILE(*crtend?.o *crtend.o) .dtors)
 *(SORT_BY_NAME(.dtors.*))
 *(.dtors)

.dalign         0x20000000        0x0 load address 0x00000410
                0x20000000                        . = ALIGN (0x4)
                0x20000000                        PROVIDE (_data_vma = .)

.dlalign        0x00000410        0x0
                0x00000410                        . = ALIGN (0x4)
                0x00000410                        PROVIDE (_data_lma = .)

.data           0x20000000        0x0 load address 0x00000410
                0x20000000                        . = ALIGN (0x4)
                0x200003fc                        __global_pointer$ = (. + 0x3fc)
 *(.gnu.linkonce.r.*)
 *(.data .data.*)
 *(.gnu.linkonce.d.*)
                0x20000000                        . = ALIGN (0x8)
 *(.sdata .sdata.*)
 *(.sdata2*)
 *(.gnu.linkonce.s.*)
                0x20000000                        . = ALIGN (0x8)
 *(.srodata.cst16)
 *(.srodata.cst8)
 *(.srodata.cst4)
 *(.srodata.cst2)
 *(.srodata .srodata.*)
                0x20000000                        . = ALIGN (0x4)
                0x20000000                        PROVIDE (_edata = .)

.bss            0x20000000        0x4 load address 0x00000410
                0x20000000                        . = ALIGN (0x4)
                0x20000000                        PROVIDE (_sbss = .)
 *(.sbss*)
 .sbss.g_systick_millis
                0x20000000        0x4 /tmp/ccjUBZ7m.ltrans0.ltrans.o
 *(.gnu.linkonce.sb.*)
 *(.bss*)
 *(.gnu.linkonce.b.*)
 *(COMMON*)
                0x20000004                        . = ALIGN (0x4)
                0x20000004                        PROVIDE (_ebss = .)
                [!provide]                        PROVIDE (_end = _ebss)
                [!provide]                        PROVIDE (end = .)
                0x20000800                        PROVIDE (_eusrstack = (ORIGIN (RAM) + LENGTH (RAM)))

/DISCARD/
 *(.note .note.*)
 *(.eh_frame .eh_frame.*)
 *(.comment .comment.*)
 *(.ARM.extab* .gnu.linkonce.armextab.*)
 *(.ARM.exidx*)
OUTPUT(build/tcrhmag.elf elf32-littleriscv)

.riscv.attributes
                0x00000000       0x25
 .riscv.attributes
                0x00000000       0x25 /tmp/ccjUBZ7m.ltrans0.ltrans.o

.debug_info     0x00000000     0x343b
 .debug_info    0x00000000     0x1125 /tmp/ccjUBZ7m.ltrans0.ltrans.o
 .debug_info    0x00001125     0x10b4 /tmp/ccBzet4a.debug.temp.o
                0x00001125                ch32fun.c.e1d0904f
 .debug_info    0x000021d9      0xb87 /tmp/ccx0kYDa.debug.temp.o
                0x000021d9                tcrhmag.c.92ef5e4a
 .debug_info    0x00002d60      0x6db /tmp/ccqh7jig.debug.temp.o
                0x00002d60                lib_gpioctrl.c.9b7c6186

.debug_abbrev   0x00000000      0x7ce
 .debug_abbrev  0x00000000      0x1bf /tmp/ccjUBZ7m.ltrans0.ltrans.o
 .debug_abbrev  0x000001bf      0x258 /tmp/ccBzet4a.debug.temp.o
 .debug_abbrev  0x00000417      0x22c /tmp/ccx0kYDa.debug.temp.o
 .debug_abbrev  0x00000643      0x18b /tmp/ccqh7jig.debug.temp.o

.debug_loclists
                0x00000000     0x14e8
 .debug_loclists
                0x00000000     0x14e8 /tmp/ccjUBZ7m.ltrans0.ltrans.o

.debug_aranges  0x00000000      0x158
 .debug_aranges
                0x00000000      0x158 /tmp/ccjUBZ7m.ltrans0.ltrans.o

.debug_rnglists
                0x00000000      0x1dc
 .debug_rnglists
                0x00000000      0x1dc /tmp/ccjUBZ7m.ltrans0.ltrans.o

.debug_line     0x00000000     0x2bd7
 .debug_line    0x00000000     0x2ab0 /tmp/ccjUBZ7m.ltrans0.ltrans.o
 .debug_line    0x00002ab0       0x72 /tmp/ccBzet4a.debug.temp.o
 .debug_line    0x00002b22       0x64 /tmp/ccx0kYDa.debug.temp.o
 .debug_line    0x00002b86       0x51 /tmp/ccqh7jig.debug.temp.o

.debug_str      0x00000000      0xfef
 .debug_str     0x00000000      0xfef /tmp/ccjUBZ7m.ltrans0.ltrans.o
                                0x17a (size before relaxing)
 .debug_str     0x00000fef      0x6c0 /tmp/ccBzet4a.debug.temp.o
 .debug_str     0x00000fef      0x947 /tmp/ccx0kYDa.debug.temp.o
 .debug_str     0x00000fef      0x7a4 /tmp/ccqh7jig.debug.temp.o

.debug_line_str
                0x00000000      0x1ad
 .debug_line_str
                0x00000000      0x1ad /tmp/ccjUBZ7m.ltrans0.ltrans.o
                                 0xef (size before relaxing)
 .debug_line_str
                0x000001ad      0x152 /tmp/ccBzet4a.debug.temp.o
 .debug_line_str
                0x000001ad       0xfa /tmp/ccx0kYDa.debug.temp.o
 .debug_line_str
                0x000001ad       0xd0 /tmp/ccqh7jig.debug.temp.o

.debug_frame    0x00000000      0x3c8
 .debug_frame   0x00000000      0x3c8 /tmp/ccjUBZ7m.ltrans0.ltrans.o
