Archive member included to satisfy reference by file (symbol)

./toolkit/lib/libgcc.a(div.o)
                              /tmp/ccXPtyRc.ltrans0.ltrans.o (__udivsi3)

Discarded input sections

 .text          0x00000000        0x0 /tmp/ccXPtyRc.ltrans0.ltrans.o
 .data          0x00000000        0x0 /tmp/ccXPtyRc.ltrans0.ltrans.o
 .bss           0x00000000        0x0 /tmp/ccXPtyRc.ltrans0.ltrans.o
 .text.mini_pad
                0x00000000       0x8a /tmp/ccXPtyRc.ltrans0.ltrans.o
 .text._puts    0x00000000       0x40 /tmp/ccXPtyRc.ltrans0.ltrans.o
 .text.mini_itoa.part.0
                0x00000000       0xcc /tmp/ccXPtyRc.ltrans0.ltrans.o
 .text.internal_handle_input.constprop.0
                0x00000000        0xa /tmp/ccXPtyRc.ltrans0.ltrans.o
 .text._write.constprop.0
                0x00000000       0xf0 /tmp/ccXPtyRc.ltrans0.ltrans.o
 .text.__puts_uart
                0x00000000       0x1a /tmp/ccXPtyRc.ltrans0.ltrans.o
 .text.strlen   0x00000000       0x12 /tmp/ccXPtyRc.ltrans0.ltrans.o
 .text.mini_vpprintf
                0x00000000      0x1d8 /tmp/ccXPtyRc.ltrans0.ltrans.o
 .text.printf   0x00000000       0x2c /tmp/ccXPtyRc.ltrans0.ltrans.o
 .text.vprintf  0x00000000       0x16 /tmp/ccXPtyRc.ltrans0.ltrans.o
 .text.mini_vsnprintf
                0x00000000       0x42 /tmp/ccXPtyRc.ltrans0.ltrans.o
 .text.snprintf
                0x00000000       0x1c /tmp/ccXPtyRc.ltrans0.ltrans.o
 .text.sprintf  0x00000000       0x26 /tmp/ccXPtyRc.ltrans0.ltrans.o
 .text.memset   0x00000000       0x12 /tmp/ccXPtyRc.ltrans0.ltrans.o
 .text.strcpy   0x00000000       0x14 /tmp/ccXPtyRc.ltrans0.ltrans.o
 .text.strncpy  0x00000000       0x1c /tmp/ccXPtyRc.ltrans0.ltrans.o
 .text.strcmp   0x00000000       0x1a /tmp/ccXPtyRc.ltrans0.ltrans.o
 .text.strncmp  0x00000000       0x2e /tmp/ccXPtyRc.ltrans0.ltrans.o
 .text.strchr   0x00000000       0x16 /tmp/ccXPtyRc.ltrans0.ltrans.o
 .text.strrchr  0x00000000       0x3c /tmp/ccXPtyRc.ltrans0.ltrans.o
 .text.memcpy   0x00000000       0x1c /tmp/ccXPtyRc.ltrans0.ltrans.o
 .text.memcmp   0x00000000       0x20 /tmp/ccXPtyRc.ltrans0.ltrans.o
 .text.memmove  0x00000000       0x5e /tmp/ccXPtyRc.ltrans0.ltrans.o
 .text.memchr   0x00000000       0x1a /tmp/ccXPtyRc.ltrans0.ltrans.o
 .text.strnlen  0x00000000       0x2a /tmp/ccXPtyRc.ltrans0.ltrans.o
 .text.twoway_strstr
                0x00000000      0x232 /tmp/ccXPtyRc.ltrans0.ltrans.o
 .text.strstr   0x00000000      0x11c /tmp/ccXPtyRc.ltrans0.ltrans.o
 .rodata.puts.str1.4
                0x00000000        0x2 /tmp/ccXPtyRc.ltrans0.ltrans.o
 .text.puts     0x00000000       0x40 /tmp/ccXPtyRc.ltrans0.ltrans.o
 .text.setjmp   0x00000000       0x10 /tmp/ccXPtyRc.ltrans0.ltrans.o
 .text.longjmp  0x00000000       0x14 /tmp/ccXPtyRc.ltrans0.ltrans.o
 .text.putchar  0x00000000       0x68 /tmp/ccXPtyRc.ltrans0.ltrans.o
 .rodata.APBAHBPrescTable.lto_priv.0
                0x00000000       0x10 /tmp/ccXPtyRc.ltrans0.ltrans.o
 .rodata.ADCPrescTable.lto_priv.0
                0x00000000       0x14 /tmp/ccXPtyRc.ltrans0.ltrans.o
 .rodata.APBAHBPrescTable.lto_priv.1
                0x00000000       0x10 /tmp/ccXPtyRc.ltrans0.ltrans.o
 .rodata.ADCPrescTable.lto_priv.1
                0x00000000       0x14 /tmp/ccXPtyRc.ltrans0.ltrans.o
 .comment       0x00000000       0x24 /tmp/ccXPtyRc.ltrans0.ltrans.o
 .note.GNU-stack
                0x00000000        0x0 /tmp/ccXPtyRc.ltrans0.ltrans.o
 .comment       0x00000000       0x24 /tmp/ccbXMjvI.debug.temp.o
 .note.GNU-stack
                0x00000000        0x0 /tmp/ccbXMjvI.debug.temp.o
 .comment       0x00000000       0x24 /tmp/cc2ZRF6w.debug.temp.o
 .note.GNU-stack
                0x00000000        0x0 /tmp/cc2ZRF6w.debug.temp.o
 .debug_info    0x00000000      0x6d3 /tmp/ccL8yBdl.debug.temp.o
 .debug_abbrev  0x00000000      0x17a /tmp/ccL8yBdl.debug.temp.o
 .debug_line    0x00000000       0x51 /tmp/ccL8yBdl.debug.temp.o
 .debug_str     0x00000000      0x794 /tmp/ccL8yBdl.debug.temp.o
 .debug_line_str
                0x00000000       0xd0 /tmp/ccL8yBdl.debug.temp.o
 .comment       0x00000000       0x24 /tmp/ccL8yBdl.debug.temp.o
 .note.GNU-stack
                0x00000000        0x0 /tmp/ccL8yBdl.debug.temp.o
 .debug_info    0x00000000       0x1e /tmp/ccT3tu78.debug.temp.o
 .debug_abbrev  0x00000000       0x10 /tmp/ccT3tu78.debug.temp.o
 .debug_line    0x00000000       0x31 /tmp/ccT3tu78.debug.temp.o
 .debug_str     0x00000000       0x97 /tmp/ccT3tu78.debug.temp.o
 .debug_line_str
                0x00000000       0x3e /tmp/ccT3tu78.debug.temp.o
 .comment       0x00000000       0x24 /tmp/ccT3tu78.debug.temp.o
 .note.GNU-stack
                0x00000000        0x0 /tmp/ccT3tu78.debug.temp.o
 .text          0x00000000       0x80 ./toolkit/lib/libgcc.a(div.o)
 .data          0x00000000        0x0 ./toolkit/lib/libgcc.a(div.o)
 .bss           0x00000000        0x0 ./toolkit/lib/libgcc.a(div.o)
 .debug_line    0x00000000      0x153 ./toolkit/lib/libgcc.a(div.o)
 .debug_line_str
                0x00000000       0x92 ./toolkit/lib/libgcc.a(div.o)
 .debug_info    0x00000000       0x5d ./toolkit/lib/libgcc.a(div.o)
 .debug_abbrev  0x00000000       0x28 ./toolkit/lib/libgcc.a(div.o)
 .debug_aranges
                0x00000000       0x20 ./toolkit/lib/libgcc.a(div.o)
 .debug_str     0x00000000       0xd9 ./toolkit/lib/libgcc.a(div.o)
 .riscv.attributes
                0x00000000       0x1f ./toolkit/lib/libgcc.a(div.o)

Memory Configuration

Name             Origin             Length             Attributes
FLASH            0x00000000         0x00004000         xr
RAM              0x20000000         0x00000800         xrw
*default*        0x00000000         0xffffffff

Linker script and memory map

LOAD /tmp/ccPp1QqA.o
LOAD /tmp/ccXPtyRc.ltrans0.ltrans.o
LOAD /tmp/ccbXMjvI.debug.temp.o
LOAD /tmp/cc2ZRF6w.debug.temp.o
LOAD /tmp/ccL8yBdl.debug.temp.o
LOAD /tmp/ccT3tu78.debug.temp.o
LOAD /tmp/ccGrdGeV.o
LOAD /tmp/cctkLG9I.o
LOAD /tmp/ccQh61lD.o
LOAD ./toolkit/lib/libgcc.a
LOAD ./toolkit/lib/libgcc.a
LOAD ./toolkit/lib/libgcc.a

.init           0x00000000       0xa0
                0x00000000                        _sinit = .
                0x00000000                        . = ALIGN (0x4)
 *(SORT_NONE(.init))
 .init          0x00000000       0x9e /tmp/ccXPtyRc.ltrans0.ltrans.o
                0x00000000                InterruptVectorDefault
                0x00000000                InterruptVector
                0x000000a0                        . = ALIGN (0x4)
 *fill*         0x0000009e        0x2 
                0x000000a0                        _einit = .

.text           0x000000a0      0x184
                0x000000a0                        . = ALIGN (0x4)
 *(.text)
 *(.text.*)
 .text.PrintHex
                0x000000a0       0x5a /tmp/ccXPtyRc.ltrans0.ltrans.o
 .text.handle_reset
                0x000000fa       0x6c /tmp/ccXPtyRc.ltrans0.ltrans.o
                0x000000fa                handle_reset
 .text.vector_handler
                0x00000166       0x5a /tmp/ccXPtyRc.ltrans0.ltrans.o
                0x00000166                EXTI2_IRQHandler
                0x00000166                TIM8_TRG_COM_IRQHandler
                0x00000166                TIM8_CC_IRQHandler
                0x00000166                UART8_IRQHandler
                0x00000166                TIM1_CC_IRQHandler
                0x00000166                HardFault_Handler
                0x00000166                GPIOB_IRQHandler
                0x00000166                USBPD_IRQHandler
                0x00000166                TIM6_IRQHandler
                0x00000166                GPIOA_IRQHandler
                0x00000166                SysTick_Handler
                0x00000166                PVD_IRQHandler
                0x00000166                SDIO_IRQHandler
                0x00000166                TIM9_BRK_IRQHandler
                0x00000166                DMA2_Channel8_IRQHandler
                0x00000166                CAN2_RX1_IRQHandler
                0x00000166                EXTI3_IRQHandler
                0x00000166                UART1_IRQHandler
                0x00000166                USBHS_IRQHandler
                0x00000166                DMA2_Channel9_IRQHandler
                0x00000166                TIM10_CC_IRQHandler
                0x00000166                EXTI25_16_IRQHandler
                0x00000166                USBFS_IRQHandler
                0x00000166                UART0_IRQHandler
                0x00000166                EXTI0_IRQHandler
                0x00000166                I2C2_EV_IRQHandler
                0x00000166                TIM10_TRG_COM_IRQHandler
                0x00000166                CAN2_SCE_IRQHandler
                0x00000166                ADC1_2_IRQHandler
                0x00000166                BB_IRQHandler
                0x00000166                Break_Point_Handler
                0x00000166                TIM2_CC_IRQHandler
                0x00000166                SPI1_IRQHandler
                0x00000166                TAMPER_IRQHandler
                0x00000166                TMR0_IRQHandler
                0x00000166                AWU_IRQHandler
                0x00000166                EXTI7_0_IRQHandler
                0x00000166                CAN2_RX0_IRQHandler
                0x00000166                OSCWakeUp_IRQHandler
                0x00000166                TIM8_UP_IRQHandler
                0x00000166                Ecall_M_Mode_Handler
                0x00000166                DMA2_Channel2_IRQHandler
                0x00000166                DMA1_Channel4_IRQHandler
                0x00000166                ADC1_IRQHandler
                0x00000166                TIM2_BRK_IRQHandler
                0x00000166                TIM9_UP_IRQHandler
                0x00000166                USART3_IRQHandler
                0x00000166                RTC_IRQHandler
                0x00000166                DMA1_Channel7_IRQHandler
                0x00000166                CAN1_RX1_IRQHandler
                0x00000166                DVP_IRQHandler
                0x00000166                UART5_IRQHandler
                0x00000166                EXTI15_8_IRQHandler
                0x00000166                TIM4_IRQHandler
                0x00000166                DMA2_Channel1_IRQHandler
                0x00000166                USBPD_WKUP_IRQHandler
                0x00000166                I2C1_EV_IRQHandler
                0x00000166                UART2_IRQHandler
                0x00000166                USART4_IRQHandler
                0x00000166                PWMX_IRQHandler
                0x00000166                DMA1_Channel6_IRQHandler
                0x00000166                UART4_IRQHandler
                0x00000166                DMA2_Channel4_IRQHandler
                0x00000166                TIM3_IRQHandler
                0x00000166                RCC_IRQHandler
                0x00000166                TIM1_TRG_COM_IRQHandler
                0x00000166                DMA1_Channel1_IRQHandler
                0x00000166                DMA2_Channel7_IRQHandler
                0x00000166                EXTI15_10_IRQHandler
                0x00000166                ADC_IRQHandler
                0x00000166                DMA1_Channel8_IRQHandler
                0x00000166                TMR2_IRQHandler
                0x00000166                DefaultIRQHandler
                0x00000166                TIM7_IRQHandler
                0x00000166                CAN2_TX_IRQHandler
                0x00000166                TIM5_IRQHandler
                0x00000166                USB_IRQHandler
                0x00000166                EXTI9_5_IRQHandler
                0x00000166                PIOC_IRQHandler
                0x00000166                SPI2_IRQHandler
                0x00000166                OSC32KCal_IRQHandler
                0x00000166                I2C_IRQHandler
                0x00000166                TIM10_BRK_IRQHandler
                0x00000166                TIM9_CC_IRQHandler
                0x00000166                DMA2_Channel5_IRQHandler
                0x00000166                USB2_IRQHandler
                0x00000166                USBHSWakeUp_IRQHandler
                0x00000166                DMA1_Channel5_IRQHandler
                0x00000166                EXTI4_IRQHandler
                0x00000166                USB_LP_CAN1_RX0_IRQHandler
                0x00000166                RNG_IRQHandler
                0x00000166                USB_HP_CAN1_TX_IRQHandler
                0x00000166                LLE_IRQHandler
                0x00000166                DMA1_Channel3_IRQHandler
                0x00000166                FSMC_IRQHandler
                0x00000166                ETH_IRQHandler
                0x00000166                TIM1_UP_IRQHandler
                0x00000166                WWDG_IRQHandler
                0x00000166                DMA2_Channel11_IRQHandler
                0x00000166                WDOG_BAT_IRQHandler
                0x00000166                Ecall_U_Mode_Handler
                0x00000166                TMR3_IRQHandler
                0x00000166                DMA2_Channel6_IRQHandler
                0x00000166                TIM2_IRQHandler
                0x00000166                SW_Handler
                0x00000166                TIM1_BRK_IRQHandler
                0x00000166                OPA_IRQHandler
                0x00000166                DMA2_Channel10_IRQHandler
                0x00000166                EXTI1_IRQHandler
                0x00000166                SPI0_IRQHandler
                0x00000166                RTCAlarm_IRQHandler
                0x00000166                TIM10_UP_IRQHandler
                0x00000166                TIM9_TRG_COM_IRQHandler
                0x00000166                UART7_IRQHandler
                0x00000166                USART2_IRQHandler
                0x00000166                UART6_IRQHandler
                0x00000166                ETHWakeUp_IRQHandler
                0x00000166                I2C2_ER_IRQHandler
                0x00000166                DMA1_Channel2_IRQHandler
                0x00000166                TIM8_BRK_IRQHandler
                0x00000166                TIM2_TRG_IRQHandler
                0x00000166                CAN1_SCE_IRQHandler
                0x00000166                FLASH_IRQHandler
                0x00000166                USBFSWakeUp_IRQHandler
                0x00000166                USART1_IRQHandler
                0x00000166                OTG_FS_IRQHandler
                0x00000166                SPI3_IRQHandler
                0x00000166                USBFS_WakeUp_IRQHandler
                0x00000166                UART3_IRQHandler
                0x00000166                I2C1_ER_IRQHandler
                0x00000166                TMR1_IRQHandler
                0x00000166                USBWakeUp_IRQHandler
                0x00000166                DMA2_Channel3_IRQHandler
                0x000001b2                NMI_Handler
                0x000001b2                NMI_RCC_CSS_IRQHandler
 .text.SystemInit
                0x000001c0       0x54 /tmp/ccXPtyRc.ltrans0.ltrans.o
                0x000001c0                SystemInit
 .text.startup.main
                0x00000214        0xe /tmp/ccXPtyRc.ltrans0.ltrans.o
                0x00000214                main
 *(.rodata)
 *(.rodata*)
 *(.gnu.linkonce.t.*)
                0x00000224                        . = ALIGN (0x4)
 *fill*         0x00000222        0x2 

.rela.dyn       0x00000224        0x0
 .rela.text.handle_reset
                0x00000224        0x0 /tmp/ccXPtyRc.ltrans0.ltrans.o

.fini           0x00000224        0x0
 *(SORT_NONE(.fini))
                0x00000224                        . = ALIGN (0x4)
                [!provide]                        PROVIDE (_etext = .)
                [!provide]                        PROVIDE (_eitcm = .)

.preinit_array  0x00000224        0x0
                [!provide]                        PROVIDE (__preinit_array_start = .)
 *(.preinit_array)
                [!provide]                        PROVIDE (__preinit_array_end = .)

.init_array     0x00000224        0x0
                [!provide]                        PROVIDE (__init_array_start = .)
 *(SORT_BY_INIT_PRIORITY(.init_array.*) SORT_BY_INIT_PRIORITY(.ctors.*))
 *(.init_array EXCLUDE_FILE(*crtend?.o *crtend.o *crtbegin?.o *crtbegin.o) .ctors)
                [!provide]                        PROVIDE (__init_array_end = .)

.fini_array     0x00000224        0x0
                [!provide]                        PROVIDE (__fini_array_start = .)
 *(SORT_BY_INIT_PRIORITY(.fini_array.*) SORT_BY_INIT_PRIORITY(.dtors.*))
 *(.fini_array EXCLUDE_FILE(*crtend?.o *crtend.o *crtbegin?.o *crtbegin.o) .dtors)
                [!provide]                        PROVIDE (__fini_array_end = .)

.ctors
 *crtbegin.o(.ctors)
 *crtbegin?.o(.ctors)
 *(EXCLUDE_FILE(*crtend?.o *crtend.o) .ctors)
 *(SORT_BY_NAME(.ctors.*))
 *(.ctors)

.dtors
 *crtbegin.o(.dtors)
 *crtbegin?.o(.dtors)
 *(EXCLUDE_FILE(*crtend?.o *crtend.o) .dtors)
 *(SORT_BY_NAME(.dtors.*))
 *(.dtors)

.dalign         0x20000000        0x0 load address 0x00000224
                0x20000000                        . = ALIGN (0x4)
                0x20000000                        PROVIDE (_data_vma = .)

.dlalign        0x00000224        0x0
                0x00000224                        . = ALIGN (0x4)
                0x00000224                        PROVIDE (_data_lma = .)

.data           0x20000000        0x0 load address 0x00000224
                0x20000000                        . = ALIGN (0x4)
                0x200003fc                        __global_pointer$ = (. + 0x3fc)
 *(.gnu.linkonce.r.*)
 *(.data .data.*)
 *(.gnu.linkonce.d.*)
                0x20000000                        . = ALIGN (0x8)
 *(.sdata .sdata.*)
 *(.sdata2*)
 *(.gnu.linkonce.s.*)
                0x20000000                        . = ALIGN (0x8)
 *(.srodata.cst16)
 *(.srodata.cst8)
 *(.srodata.cst4)
 *(.srodata.cst2)
 *(.srodata .srodata.*)
                0x20000000                        . = ALIGN (0x4)
                0x20000000                        PROVIDE (_edata = .)

.bss            0x20000000        0x0 load address 0x00000224
                0x20000000                        . = ALIGN (0x4)
                0x20000000                        PROVIDE (_sbss = .)
 *(.sbss*)
 *(.gnu.linkonce.sb.*)
 *(.bss*)
 *(.gnu.linkonce.b.*)
 *(COMMON*)
                0x20000000                        . = ALIGN (0x4)
                0x20000000                        PROVIDE (_ebss = .)
                [!provide]                        PROVIDE (_end = _ebss)
                [!provide]                        PROVIDE (end = .)
                0x20000800                        PROVIDE (_eusrstack = (ORIGIN (RAM) + LENGTH (RAM)))

/DISCARD/
 *(.note .note.*)
 *(.eh_frame .eh_frame.*)
 *(.comment .comment.*)
 *(.ARM.extab* .gnu.linkonce.armextab.*)
 *(.ARM.exidx*)
OUTPUT(build/tcrhmag.elf elf32-littleriscv)

.riscv.attributes
                0x00000000       0x25
 .riscv.attributes
                0x00000000       0x25 /tmp/ccXPtyRc.ltrans0.ltrans.o

.debug_info     0x00000000     0x210e
 .debug_info    0x00000000      0xf66 /tmp/ccXPtyRc.ltrans0.ltrans.o
 .debug_info    0x00000f66     0x10b4 /tmp/ccbXMjvI.debug.temp.o
                0x00000f66                ch32fun.c.e1d0904f
 .debug_info    0x0000201a       0xf4 /tmp/cc2ZRF6w.debug.temp.o
                0x0000201a                tcrhmag.c.31e45cef

.debug_abbrev   0x00000000      0x46c
 .debug_abbrev  0x00000000      0x188 /tmp/ccXPtyRc.ltrans0.ltrans.o
 .debug_abbrev  0x00000188      0x258 /tmp/ccbXMjvI.debug.temp.o
 .debug_abbrev  0x000003e0       0x8c /tmp/cc2ZRF6w.debug.temp.o

.debug_loclists
                0x00000000     0x1480
 .debug_loclists
                0x00000000     0x1480 /tmp/ccXPtyRc.ltrans0.ltrans.o

.debug_aranges  0x00000000      0x148
 .debug_aranges
                0x00000000      0x148 /tmp/ccXPtyRc.ltrans0.ltrans.o

.debug_rnglists
                0x00000000      0x1ac
 .debug_rnglists
                0x00000000      0x1ac /tmp/ccXPtyRc.ltrans0.ltrans.o

.debug_line     0x00000000     0x26b4
 .debug_line    0x00000000     0x25e8 /tmp/ccXPtyRc.ltrans0.ltrans.o
 .debug_line    0x000025e8       0x72 /tmp/ccbXMjvI.debug.temp.o
 .debug_line    0x0000265a       0x5a /tmp/cc2ZRF6w.debug.temp.o

.debug_str      0x00000000      0x743
 .debug_str     0x00000000      0x743 /tmp/ccXPtyRc.ltrans0.ltrans.o
                                0x17a (size before relaxing)
 .debug_str     0x00000743      0x6c0 /tmp/ccbXMjvI.debug.temp.o
 .debug_str     0x00000743      0x16d /tmp/cc2ZRF6w.debug.temp.o

.debug_line_str
                0x00000000      0x178
 .debug_line_str
                0x00000000      0x178 /tmp/ccXPtyRc.ltrans0.ltrans.o
                                 0xe0 (size before relaxing)
 .debug_line_str
                0x00000178      0x152 /tmp/ccbXMjvI.debug.temp.o
 .debug_line_str
                0x00000178       0xda /tmp/cc2ZRF6w.debug.temp.o

.debug_frame    0x00000000      0x394
 .debug_frame   0x00000000      0x394 /tmp/ccXPtyRc.ltrans0.ltrans.o
