Archive member included to satisfy reference by file (symbol)

./toolkit/lib/libgcc.a(div.o)
                              /tmp/ccUFnFAh.ltrans0.ltrans.o (__udivsi3)

Discarded input sections

 .text          0x00000000        0x0 /tmp/ccUFnFAh.ltrans0.ltrans.o
 .data          0x00000000        0x0 /tmp/ccUFnFAh.ltrans0.ltrans.o
 .bss           0x00000000        0x0 /tmp/ccUFnFAh.ltrans0.ltrans.o
 .text.vprintf  0x00000000       0x16 /tmp/ccUFnFAh.ltrans0.ltrans.o
 .text.mini_vsnprintf
                0x00000000       0x42 /tmp/ccUFnFAh.ltrans0.ltrans.o
 .text.snprintf
                0x00000000       0x1c /tmp/ccUFnFAh.ltrans0.ltrans.o
 .text.sprintf  0x00000000       0x26 /tmp/ccUFnFAh.ltrans0.ltrans.o
 .text.memset   0x00000000       0x12 /tmp/ccUFnFAh.ltrans0.ltrans.o
 .text.strcpy   0x00000000       0x14 /tmp/ccUFnFAh.ltrans0.ltrans.o
 .text.strncpy  0x00000000       0x1c /tmp/ccUFnFAh.ltrans0.ltrans.o
 .text.strcmp   0x00000000       0x1a /tmp/ccUFnFAh.ltrans0.ltrans.o
 .text.strncmp  0x00000000       0x2e /tmp/ccUFnFAh.ltrans0.ltrans.o
 .text.strchr   0x00000000       0x16 /tmp/ccUFnFAh.ltrans0.ltrans.o
 .text.strrchr  0x00000000       0x3c /tmp/ccUFnFAh.ltrans0.ltrans.o
 .text.memcpy   0x00000000       0x1c /tmp/ccUFnFAh.ltrans0.ltrans.o
 .text.memcmp   0x00000000       0x20 /tmp/ccUFnFAh.ltrans0.ltrans.o
 .text.memmove  0x00000000       0x5e /tmp/ccUFnFAh.ltrans0.ltrans.o
 .text.memchr   0x00000000       0x1a /tmp/ccUFnFAh.ltrans0.ltrans.o
 .text.strnlen  0x00000000       0x2a /tmp/ccUFnFAh.ltrans0.ltrans.o
 .text.twoway_strstr
                0x00000000      0x232 /tmp/ccUFnFAh.ltrans0.ltrans.o
 .text.strstr   0x00000000      0x11c /tmp/ccUFnFAh.ltrans0.ltrans.o
 .rodata.puts.str1.4
                0x00000000        0x2 /tmp/ccUFnFAh.ltrans0.ltrans.o
 .text.puts     0x00000000       0x40 /tmp/ccUFnFAh.ltrans0.ltrans.o
 .text.setjmp   0x00000000       0x10 /tmp/ccUFnFAh.ltrans0.ltrans.o
 .text.longjmp  0x00000000       0x14 /tmp/ccUFnFAh.ltrans0.ltrans.o
 .text.putchar  0x00000000       0x68 /tmp/ccUFnFAh.ltrans0.ltrans.o
 .rodata.APBAHBPrescTable.lto_priv.0
                0x00000000       0x10 /tmp/ccUFnFAh.ltrans0.ltrans.o
 .rodata.ADCPrescTable.lto_priv.0
                0x00000000       0x14 /tmp/ccUFnFAh.ltrans0.ltrans.o
 .rodata.APBAHBPrescTable.lto_priv.1
                0x00000000       0x10 /tmp/ccUFnFAh.ltrans0.ltrans.o
 .rodata.ADCPrescTable.lto_priv.1
                0x00000000       0x14 /tmp/ccUFnFAh.ltrans0.ltrans.o
 .comment       0x00000000       0x24 /tmp/ccUFnFAh.ltrans0.ltrans.o
 .note.GNU-stack
                0x00000000        0x0 /tmp/ccUFnFAh.ltrans0.ltrans.o
 .comment       0x00000000       0x24 /tmp/ccxYfINV.debug.temp.o
 .note.GNU-stack
                0x00000000        0x0 /tmp/ccxYfINV.debug.temp.o
 .comment       0x00000000       0x24 /tmp/cc1VCORc.debug.temp.o
 .note.GNU-stack
                0x00000000        0x0 /tmp/cc1VCORc.debug.temp.o
 .comment       0x00000000       0x24 /tmp/cc5D1LmP.debug.temp.o
 .note.GNU-stack
                0x00000000        0x0 /tmp/cc5D1LmP.debug.temp.o
 .debug_info    0x00000000       0x1e /tmp/ccjRvDHM.debug.temp.o
 .debug_abbrev  0x00000000       0x10 /tmp/ccjRvDHM.debug.temp.o
 .debug_line    0x00000000       0x31 /tmp/ccjRvDHM.debug.temp.o
 .debug_str     0x00000000       0x97 /tmp/ccjRvDHM.debug.temp.o
 .debug_line_str
                0x00000000       0x3e /tmp/ccjRvDHM.debug.temp.o
 .comment       0x00000000       0x24 /tmp/ccjRvDHM.debug.temp.o
 .note.GNU-stack
                0x00000000        0x0 /tmp/ccjRvDHM.debug.temp.o
 .data          0x00000000        0x0 ./toolkit/lib/libgcc.a(div.o)
 .bss           0x00000000        0x0 ./toolkit/lib/libgcc.a(div.o)

Memory Configuration

Name             Origin             Length             Attributes
FLASH            0x00000000         0x00004000         xr
RAM              0x20000000         0x00000800         xrw
*default*        0x00000000         0xffffffff

Linker script and memory map

LOAD /tmp/cc7xRgyS.o
LOAD /tmp/ccUFnFAh.ltrans0.ltrans.o
LOAD /tmp/ccxYfINV.debug.temp.o
LOAD /tmp/cc1VCORc.debug.temp.o
LOAD /tmp/cc5D1LmP.debug.temp.o
LOAD /tmp/ccjRvDHM.debug.temp.o
LOAD /tmp/cclCNB5a.o
LOAD /tmp/ccvL1x8B.o
LOAD /tmp/cczgRuzH.o
LOAD ./toolkit/lib/libgcc.a
LOAD ./toolkit/lib/libgcc.a
LOAD ./toolkit/lib/libgcc.a

.init           0x00000000       0xa0
                0x00000000                        _sinit = .
                0x00000000                        . = ALIGN (0x4)
 *(SORT_NONE(.init))
 .init          0x00000000       0x9e /tmp/ccUFnFAh.ltrans0.ltrans.o
                0x00000000                InterruptVectorDefault
                0x00000000                InterruptVector
                0x000000a0                        . = ALIGN (0x4)
 *fill*         0x0000009e        0x2 
                0x000000a0                        _einit = .

.text           0x000000a0      0x8b4
                0x000000a0                        . = ALIGN (0x4)
 *(.text)
 .text          0x000000a0       0x7e ./toolkit/lib/libgcc.a(div.o)
                0x000000a0                __divsi3
                0x000000a8                __hidden___udivsi3
                0x000000a8                __udivsi3
                0x000000d4                __umodsi3
                0x000000f8                __modsi3
 *(.text.*)
 .text.mini_pad
                0x0000011e       0x8a /tmp/ccUFnFAh.ltrans0.ltrans.o
 .text._puts    0x000001a8       0x40 /tmp/ccUFnFAh.ltrans0.ltrans.o
 .text.PrintHex
                0x000001e8       0x5a /tmp/ccUFnFAh.ltrans0.ltrans.o
 .text.mini_itoa.part.0
                0x00000242       0xc0 /tmp/ccUFnFAh.ltrans0.ltrans.o
 .text.gpio_set_mode
                0x00000302       0x46 /tmp/ccUFnFAh.ltrans0.ltrans.o
 .text.internal_handle_input.constprop.0
                0x00000348        0xa /tmp/ccUFnFAh.ltrans0.ltrans.o
 .text._write.constprop.0
                0x00000352       0xe4 /tmp/ccUFnFAh.ltrans0.ltrans.o
 .text.__puts_uart
                0x00000436       0x14 /tmp/ccUFnFAh.ltrans0.ltrans.o
 .text.handle_reset
                0x0000044a       0x70 /tmp/ccUFnFAh.ltrans0.ltrans.o
                0x0000044a                handle_reset
 .text.vector_handler
                0x000004ba       0x5a /tmp/ccUFnFAh.ltrans0.ltrans.o
                0x000004ba                EXTI2_IRQHandler
                0x000004ba                TIM8_TRG_COM_IRQHandler
                0x000004ba                TIM8_CC_IRQHandler
                0x000004ba                UART8_IRQHandler
                0x000004ba                TIM1_CC_IRQHandler
                0x000004ba                HardFault_Handler
                0x000004ba                GPIOB_IRQHandler
                0x000004ba                USBPD_IRQHandler
                0x000004ba                TIM6_IRQHandler
                0x000004ba                GPIOA_IRQHandler
                0x000004ba                PVD_IRQHandler
                0x000004ba                SDIO_IRQHandler
                0x000004ba                TIM9_BRK_IRQHandler
                0x000004ba                DMA2_Channel8_IRQHandler
                0x000004ba                CAN2_RX1_IRQHandler
                0x000004ba                EXTI3_IRQHandler
                0x000004ba                UART1_IRQHandler
                0x000004ba                USBHS_IRQHandler
                0x000004ba                DMA2_Channel9_IRQHandler
                0x000004ba                TIM10_CC_IRQHandler
                0x000004ba                EXTI25_16_IRQHandler
                0x000004ba                USBFS_IRQHandler
                0x000004ba                UART0_IRQHandler
                0x000004ba                EXTI0_IRQHandler
                0x000004ba                I2C2_EV_IRQHandler
                0x000004ba                TIM10_TRG_COM_IRQHandler
                0x000004ba                CAN2_SCE_IRQHandler
                0x000004ba                ADC1_2_IRQHandler
                0x000004ba                BB_IRQHandler
                0x000004ba                Break_Point_Handler
                0x000004ba                TIM2_CC_IRQHandler
                0x000004ba                SPI1_IRQHandler
                0x000004ba                TAMPER_IRQHandler
                0x000004ba                TMR0_IRQHandler
                0x000004ba                AWU_IRQHandler
                0x000004ba                EXTI7_0_IRQHandler
                0x000004ba                CAN2_RX0_IRQHandler
                0x000004ba                OSCWakeUp_IRQHandler
                0x000004ba                TIM8_UP_IRQHandler
                0x000004ba                Ecall_M_Mode_Handler
                0x000004ba                DMA2_Channel2_IRQHandler
                0x000004ba                DMA1_Channel4_IRQHandler
                0x000004ba                ADC1_IRQHandler
                0x000004ba                TIM2_BRK_IRQHandler
                0x000004ba                TIM9_UP_IRQHandler
                0x000004ba                USART3_IRQHandler
                0x000004ba                RTC_IRQHandler
                0x000004ba                DMA1_Channel7_IRQHandler
                0x000004ba                CAN1_RX1_IRQHandler
                0x000004ba                DVP_IRQHandler
                0x000004ba                UART5_IRQHandler
                0x000004ba                EXTI15_8_IRQHandler
                0x000004ba                TIM4_IRQHandler
                0x000004ba                DMA2_Channel1_IRQHandler
                0x000004ba                USBPD_WKUP_IRQHandler
                0x000004ba                I2C1_EV_IRQHandler
                0x000004ba                UART2_IRQHandler
                0x000004ba                USART4_IRQHandler
                0x000004ba                PWMX_IRQHandler
                0x000004ba                DMA1_Channel6_IRQHandler
                0x000004ba                UART4_IRQHandler
                0x000004ba                DMA2_Channel4_IRQHandler
                0x000004ba                TIM3_IRQHandler
                0x000004ba                RCC_IRQHandler
                0x000004ba                TIM1_TRG_COM_IRQHandler
                0x000004ba                DMA1_Channel1_IRQHandler
                0x000004ba                DMA2_Channel7_IRQHandler
                0x000004ba                EXTI15_10_IRQHandler
                0x000004ba                ADC_IRQHandler
                0x000004ba                DMA1_Channel8_IRQHandler
                0x000004ba                TMR2_IRQHandler
                0x000004ba                DefaultIRQHandler
                0x000004ba                TIM7_IRQHandler
                0x000004ba                CAN2_TX_IRQHandler
                0x000004ba                TIM5_IRQHandler
                0x000004ba                USB_IRQHandler
                0x000004ba                EXTI9_5_IRQHandler
                0x000004ba                PIOC_IRQHandler
                0x000004ba                SPI2_IRQHandler
                0x000004ba                OSC32KCal_IRQHandler
                0x000004ba                I2C_IRQHandler
                0x000004ba                TIM10_BRK_IRQHandler
                0x000004ba                TIM9_CC_IRQHandler
                0x000004ba                DMA2_Channel5_IRQHandler
                0x000004ba                USB2_IRQHandler
                0x000004ba                USBHSWakeUp_IRQHandler
                0x000004ba                DMA1_Channel5_IRQHandler
                0x000004ba                EXTI4_IRQHandler
                0x000004ba                USB_LP_CAN1_RX0_IRQHandler
                0x000004ba                RNG_IRQHandler
                0x000004ba                USB_HP_CAN1_TX_IRQHandler
                0x000004ba                LLE_IRQHandler
                0x000004ba                DMA1_Channel3_IRQHandler
                0x000004ba                FSMC_IRQHandler
                0x000004ba                ETH_IRQHandler
                0x000004ba                TIM1_UP_IRQHandler
                0x000004ba                WWDG_IRQHandler
                0x000004ba                DMA2_Channel11_IRQHandler
                0x000004ba                WDOG_BAT_IRQHandler
                0x000004ba                Ecall_U_Mode_Handler
                0x000004ba                TMR3_IRQHandler
                0x000004ba                DMA2_Channel6_IRQHandler
                0x000004ba                TIM2_IRQHandler
                0x000004ba                SW_Handler
                0x000004ba                TIM1_BRK_IRQHandler
                0x000004ba                OPA_IRQHandler
                0x000004ba                DMA2_Channel10_IRQHandler
                0x000004ba                EXTI1_IRQHandler
                0x000004ba                SPI0_IRQHandler
                0x000004ba                RTCAlarm_IRQHandler
                0x000004ba                TIM10_UP_IRQHandler
                0x000004ba                TIM9_TRG_COM_IRQHandler
                0x000004ba                UART7_IRQHandler
                0x000004ba                USART2_IRQHandler
                0x000004ba                UART6_IRQHandler
                0x000004ba                ETHWakeUp_IRQHandler
                0x000004ba                I2C2_ER_IRQHandler
                0x000004ba                DMA1_Channel2_IRQHandler
                0x000004ba                TIM8_BRK_IRQHandler
                0x000004ba                TIM2_TRG_IRQHandler
                0x000004ba                CAN1_SCE_IRQHandler
                0x000004ba                FLASH_IRQHandler
                0x000004ba                USBFSWakeUp_IRQHandler
                0x000004ba                USART1_IRQHandler
                0x000004ba                OTG_FS_IRQHandler
                0x000004ba                SPI3_IRQHandler
                0x000004ba                USBFS_WakeUp_IRQHandler
                0x000004ba                UART3_IRQHandler
                0x000004ba                I2C1_ER_IRQHandler
                0x000004ba                TMR1_IRQHandler
                0x000004ba                USBWakeUp_IRQHandler
                0x000004ba                DMA2_Channel3_IRQHandler
                0x00000506                NMI_Handler
                0x00000506                NMI_RCC_CSS_IRQHandler
 .text.strlen   0x00000514       0x12 /tmp/ccUFnFAh.ltrans0.ltrans.o
                0x00000514                strlen
 .text.mini_vpprintf
                0x00000526      0x1bc /tmp/ccUFnFAh.ltrans0.ltrans.o
 .text.printf   0x000006e2       0x22 /tmp/ccUFnFAh.ltrans0.ltrans.o
                0x000006e2                printf
 .text.SystemInit
                0x00000704       0x54 /tmp/ccUFnFAh.ltrans0.ltrans.o
                0x00000704                SystemInit
 .text.startup.main
                0x00000758      0x1b6 /tmp/ccUFnFAh.ltrans0.ltrans.o
                0x00000758                main
 .text.SysTick_Handler
                0x0000090e       0x32 /tmp/ccUFnFAh.ltrans0.ltrans.o
 *(.rodata)
 *(.rodata*)
 *fill*         0x00000940        0x0 
 .rodata.main.str1.4
                0x00000940        0x4 /tmp/ccUFnFAh.ltrans0.ltrans.o
 .rodata.GPIO_PORT_MAP
                0x00000944       0x10 /tmp/ccUFnFAh.ltrans0.ltrans.o
 *(.gnu.linkonce.t.*)
                0x00000954                        . = ALIGN (0x4)

.rela.dyn       0x00000954        0x0
 .rela.text.handle_reset
                0x00000954        0x0 /tmp/ccUFnFAh.ltrans0.ltrans.o

.fini           0x00000954        0x0
 *(SORT_NONE(.fini))
                0x00000954                        . = ALIGN (0x4)
                [!provide]                        PROVIDE (_etext = .)
                [!provide]                        PROVIDE (_eitcm = .)

.preinit_array  0x00000954        0x0
                [!provide]                        PROVIDE (__preinit_array_start = .)
 *(.preinit_array)
                [!provide]                        PROVIDE (__preinit_array_end = .)

.init_array     0x00000954        0x0
                [!provide]                        PROVIDE (__init_array_start = .)
 *(SORT_BY_INIT_PRIORITY(.init_array.*) SORT_BY_INIT_PRIORITY(.ctors.*))
 *(.init_array EXCLUDE_FILE(*crtend?.o *crtend.o *crtbegin?.o *crtbegin.o) .ctors)
                [!provide]                        PROVIDE (__init_array_end = .)

.fini_array     0x00000954        0x0
                [!provide]                        PROVIDE (__fini_array_start = .)
 *(SORT_BY_INIT_PRIORITY(.fini_array.*) SORT_BY_INIT_PRIORITY(.dtors.*))
 *(.fini_array EXCLUDE_FILE(*crtend?.o *crtend.o *crtbegin?.o *crtbegin.o) .dtors)
                [!provide]                        PROVIDE (__fini_array_end = .)

.ctors
 *crtbegin.o(.ctors)
 *crtbegin?.o(.ctors)
 *(EXCLUDE_FILE(*crtend?.o *crtend.o) .ctors)
 *(SORT_BY_NAME(.ctors.*))
 *(.ctors)

.dtors
 *crtbegin.o(.dtors)
 *crtbegin?.o(.dtors)
 *(EXCLUDE_FILE(*crtend?.o *crtend.o) .dtors)
 *(SORT_BY_NAME(.dtors.*))
 *(.dtors)

.dalign         0x20000000        0x0 load address 0x00000954
                0x20000000                        . = ALIGN (0x4)
                0x20000000                        PROVIDE (_data_vma = .)

.dlalign        0x00000954        0x0
                0x00000954                        . = ALIGN (0x4)
                0x00000954                        PROVIDE (_data_lma = .)

.data           0x20000000        0x0 load address 0x00000954
                0x20000000                        . = ALIGN (0x4)
                0x200003fc                        __global_pointer$ = (. + 0x3fc)
 *(.gnu.linkonce.r.*)
 *(.data .data.*)
 *(.gnu.linkonce.d.*)
                0x20000000                        . = ALIGN (0x8)
 *(.sdata .sdata.*)
 *(.sdata2*)
 *(.gnu.linkonce.s.*)
                0x20000000                        . = ALIGN (0x8)
 *(.srodata.cst16)
 *(.srodata.cst8)
 *(.srodata.cst4)
 *(.srodata.cst2)
 *(.srodata .srodata.*)
                0x20000000                        . = ALIGN (0x4)
                0x20000000                        PROVIDE (_edata = .)

.bss            0x20000000        0x4 load address 0x00000954
                0x20000000                        . = ALIGN (0x4)
                0x20000000                        PROVIDE (_sbss = .)
 *(.sbss*)
 .sbss.g_systick_millis
                0x20000000        0x4 /tmp/ccUFnFAh.ltrans0.ltrans.o
 *(.gnu.linkonce.sb.*)
 *(.bss*)
 *(.gnu.linkonce.b.*)
 *(COMMON*)
                0x20000004                        . = ALIGN (0x4)
                0x20000004                        PROVIDE (_ebss = .)
                [!provide]                        PROVIDE (_end = _ebss)
                [!provide]                        PROVIDE (end = .)
                0x20000800                        PROVIDE (_eusrstack = (ORIGIN (RAM) + LENGTH (RAM)))

/DISCARD/
 *(.note .note.*)
 *(.eh_frame .eh_frame.*)
 *(.comment .comment.*)
 *(.ARM.extab* .gnu.linkonce.armextab.*)
 *(.ARM.exidx*)
OUTPUT(build/tcrhmag.elf elf32-littleriscv)

.riscv.attributes
                0x00000000       0x25
 .riscv.attributes
                0x00000000       0x25 /tmp/ccUFnFAh.ltrans0.ltrans.o
 .riscv.attributes
                0x00000025       0x1f ./toolkit/lib/libgcc.a(div.o)

.debug_info     0x00000000     0x3598
 .debug_info    0x00000000     0x117f /tmp/ccUFnFAh.ltrans0.ltrans.o
 .debug_info    0x0000117f     0x10b4 /tmp/ccxYfINV.debug.temp.o
                0x0000117f                ch32fun.c.e1d0904f
 .debug_info    0x00002233      0xc2d /tmp/cc1VCORc.debug.temp.o
                0x00002233                tcrhmag.c.c670ec09
 .debug_info    0x00002e60      0x6db /tmp/cc5D1LmP.debug.temp.o
                0x00002e60                lib_gpioctrl.c.9b7c6186
 .debug_info    0x0000353b       0x5d ./toolkit/lib/libgcc.a(div.o)

.debug_abbrev   0x00000000      0x82c
 .debug_abbrev  0x00000000      0x1c8 /tmp/ccUFnFAh.ltrans0.ltrans.o
 .debug_abbrev  0x000001c8      0x258 /tmp/ccxYfINV.debug.temp.o
 .debug_abbrev  0x00000420      0x259 /tmp/cc1VCORc.debug.temp.o
 .debug_abbrev  0x00000679      0x18b /tmp/cc5D1LmP.debug.temp.o
 .debug_abbrev  0x00000804       0x28 ./toolkit/lib/libgcc.a(div.o)

.debug_loclists
                0x00000000     0x14f2
 .debug_loclists
                0x00000000     0x14f2 /tmp/ccUFnFAh.ltrans0.ltrans.o

.debug_aranges  0x00000000      0x178
 .debug_aranges
                0x00000000      0x158 /tmp/ccUFnFAh.ltrans0.ltrans.o
 .debug_aranges
                0x00000158       0x20 ./toolkit/lib/libgcc.a(div.o)

.debug_rnglists
                0x00000000      0x1dc
 .debug_rnglists
                0x00000000      0x1dc /tmp/ccUFnFAh.ltrans0.ltrans.o

.debug_line     0x00000000     0x2dc3
 .debug_line    0x00000000     0x2b40 /tmp/ccUFnFAh.ltrans0.ltrans.o
 .debug_line    0x00002b40       0x72 /tmp/ccxYfINV.debug.temp.o
 .debug_line    0x00002bb2       0x6d /tmp/cc1VCORc.debug.temp.o
 .debug_line    0x00002c1f       0x51 /tmp/cc5D1LmP.debug.temp.o
 .debug_line    0x00002c70      0x153 ./toolkit/lib/libgcc.a(div.o)

.debug_str      0x00000000     0x10aa
 .debug_str     0x00000000     0x10aa /tmp/ccUFnFAh.ltrans0.ltrans.o
                                0x17a (size before relaxing)
 .debug_str     0x000010aa      0x6c0 /tmp/ccxYfINV.debug.temp.o
 .debug_str     0x000010aa      0x9fc /tmp/cc1VCORc.debug.temp.o
 .debug_str     0x000010aa      0x7a4 /tmp/cc5D1LmP.debug.temp.o
 .debug_str     0x000010aa       0xd9 ./toolkit/lib/libgcc.a(div.o)

.debug_line_str
                0x00000000      0x23f
 .debug_line_str
                0x00000000      0x23f /tmp/ccUFnFAh.ltrans0.ltrans.o
                                 0xef (size before relaxing)
 .debug_line_str
                0x0000023f      0x152 /tmp/ccxYfINV.debug.temp.o
 .debug_line_str
                0x0000023f      0x123 /tmp/cc1VCORc.debug.temp.o
 .debug_line_str
                0x0000023f       0xd0 /tmp/cc5D1LmP.debug.temp.o
 .debug_line_str
                0x0000023f       0x92 ./toolkit/lib/libgcc.a(div.o)

.debug_frame    0x00000000      0x3c8
 .debug_frame   0x00000000      0x3c8 /tmp/ccUFnFAh.ltrans0.ltrans.o
